A51 MACRO ASSEMBLER  DATAPAGE                                                             06/24/2026 08:47:00 PAGE     1


MACRO ASSEMBLER A51 V8.2.7.0
OBJECT MODULE PLACED IN .\Objects\DATAPAGE.obj
ASSEMBLER INVOKED BY: C:\Keil_v5\C51\BIN\A51.EXE DATAPAGE.ASM SET(SMALL) DEBUG PRINT(.\Listings\DATAPAGE.lst) OBJECT(.\O
                      bjects\DATAPAGE.obj) EP

LOC  OBJ            LINE     SOURCE

                       1     
                       2     
                       3     
                       4     ;****************************************************************************** 
                       5     ; байт защиты FLASH памяти
                       6     ;****************************************************************************** 
----                   7             CSEG    AT      0x1DFF
                       8     
1DFF FF                9             DB      0xFF    ; 14
                      10     
                      11     END
A51 MACRO ASSEMBLER  DATAPAGE                                                             06/24/2026 08:47:00 PAGE     2

SYMBOL TABLE LISTING
------ ----- -------


N A M E             T Y P E  V A L U E   ATTRIBUTES



REGISTER BANK(S) USED: 0 


ASSEMBLY COMPLETE.  0 WARNING(S), 0 ERROR(S)
