C51 COMPILER V9.60.7.0   INIT_IPCL                                                         06/24/2026 14:07:28 PAGE 1   


C51 COMPILER V9.60.7.0, COMPILATION OF MODULE INIT_IPCL
OBJECT MODULE PLACED IN .\Objects\init_ipCL.obj
COMPILER INVOKED BY: C:\Keil_v5\C51\BIN\C51.EXE init_ipCL.c LARGE OPTIMIZE(9,SPEED) BROWSE DEBUG OBJECTEXTEND PRINT(.\Li
                    -stings\init_ipCL.lst) OBJECT(.\Objects\init_ipCL.obj)

line level    source

   1          /**************************
   2          программа контроля звуковых линий IP усилителя
   3          ***************************/
   4          //#include "C8051F330.h"
   5          #include "extern_ipCL.h"
   6          
   7          // Peripheral specific initialization functions,
   8          // Called from the Init_Device() function
   9          
  10          //сист 24,5М
  11          void Oscillator_Init()
  12          {
  13   1          OSCICN    = 0x83;
  14   1      }
  15          
  16          
  17          
  18          void Port_IO_Init()
  19          {
  20   1          // P0.0  -  Unassigned,  Open-Drain, Digital
  21   1          // P0.1  -  Skipped,     Open-Drain, Analog
  22   1          // P0.2  -  Skipped,     Open-Drain, Digital
  23   1          // P0.3  -  Skipped,     Open-Drain, Digital
  24   1          // P0.4  -  TX0 (UART0), Push-Pull,  Digital
  25   1          // P0.5  -  RX0 (UART0), Open-Drain, Digital
  26   1          // P0.6  -  Skipped,     Open-Drain, Digital
  27   1          // P0.7  -  Skipped,     Open-Drain, Digital
  28   1      
  29   1          // P1.0  -  Skipped,     Open-Drain, Digital
  30   1          // P1.1  -  Skipped,     Open-Drain, Digital
  31   1          // P1.2  -  Skipped,     Open-Drain, Digital
  32   1          // P1.3  -  Skipped,     Open-Drain, Digital
  33   1          // P1.4  -  Skipped,     Open-Drain, Digital
  34   1          // P1.5  -  Skipped,     Open-Drain, Digital
  35   1          // P1.6  -  Skipped,     Open-Drain, Digital
  36   1          // P1.7  -  Skipped,     Open-Drain, Digital
  37   1      
  38   1          P0MDIN    = 0xFD;
  39   1          P0MDOUT   = 0x10;
  40   1          P0SKIP    = 0xCE;
  41   1          P1SKIP    = 0xFF;
  42   1          XBR0      = 0x01;
  43   1          XBR1      = 0x40;
  44   1              P_tpic1_G=1;
  45   1              P_tpic2_G=1;
  46   1              P_tpic1_DATA=0;
  47   1              P_tpic2_DATA=0;
  48   1              P_tpic1_SRCK=0;
  49   1              P_tpic2_SRCK=0;
  50   1              P_tpic1_RCK=0;
  51   1              P_tpic2_RCK=0;
  52   1      }
  53          
  54          //T1-8b,sis,uart 115200
C51 COMPILER V9.60.7.0   INIT_IPCL                                                         06/24/2026 14:07:28 PAGE 2   

  55          //T2-16b,sis/12, 10ms
  56          //T3 16b,sis,500us dac//для смирнова 4ms(2ms прерыв *2 в прерывании)
  57          void Timer_Init()
  58          {
  59   1          //T1
  60   1              //TCON      = 0x40;
  61   1              TF1     = 0;                   // Timer1 overflow flag
  62   1              TR1     = 1;                   // Timer1 on/off control
  63   1              TF0     = 0;                   // Timer0 overflow flag
  64   1              TR0     = 0;                   // Timer0 on/off control
  65   1              IE1     = 0;                   // Ext interrupt 1 edge flag
  66   1              IT1     = 0;                   // Ext interrupt 1 type
  67   1              IE0     = 0;                   // Ext interrupt 0 edge flag
  68   1              IT0     = 0;                   // Ext interrupt 0 type                  
  69   1              
  70   1          TMOD      = 0x20;//T1-8b,
  71   1          CKCON     = 0x48;//T3-sis,T0T1-sis/12
  72   1          TH1       = 0x96;
  73   1          //TMR2CN    = 0x04;//T2-sis/12,16b,on
  74   1              TMR2CN    = 0x00;//T2-sis/12,16b,on
  75   1          TMR2RLL   = 0x3F;
  76   1          TMR2RLH   = 0xB0;
  77   1          TMR2L     = 0x3F;
  78   1          TMR2H     = 0xB0;
  79   1          TMR3CN    = 0x04;//T3 16b,on
  80   1          TMR3RLL   = 0x97;//0x25;//для смирнова 2ms
  81   1          TMR3RLH   = 0x40;//0xD0;//для смирнова
  82   1          TMR3L     = 0x97;//0x25;//для смирнова
  83   1          TMR3H     = 0x40;//0xD0;//для смирнова
  84   1              //брос флага
  85   1              //TMR3CN &=0x7F;
  86   1      }
  87          
  88          //8b,1-sb
  89          void UART_Init()
  90          {
  91   1          SCON0     = 0x10;
  92   1      }
  93          //IDAC- on,1mA, start write IDA0H(первым IDA0L)
  94          //ВЫРАВНИВАНИЕ ВПРАВО!!!!!!!
  95          void DAC_Init()
  96          {
  97   1          IDA0CN    = 0xF1;
  98   1              //IDA0=0;
  99   1              IDA0L=0;        
 100   1              IDA0H=0;
 101   1      }
 102          
 103          //собака 30ms
 104          void PCA_Init()
 105          {
 106   1          PCA0MD    &= ~0x40;
 107   1          PCA0MD    = 0x00;
 108   1          PCA0CPL2  = 0xEE;
 109   1          PCA0MD    |= 0x40;
 110   1          PCA0CPH2  = 0;//обязательно, первая запись!!!!!!
 111   1      }
 112          
 113          //монитор
 114          void Reset_Sources_Init()
 115          {
 116   1          int i = 0;
C51 COMPILER V9.60.7.0   INIT_IPCL                                                         06/24/2026 14:07:28 PAGE 3   

 117   1          VDM0CN    = 0x80;
 118   1          for (i = 0; i < 350; i++);  // Wait 100us for initialization
 119   1          RSTSRC    = 0x02;
 120   1      }
 121          
 122          
 123          //
 124          void Interrupts_Init()
 125          {
 126   1          //IE        = 0xB0;
 127   1              EA=0;                  // Global Interrupt Enable
 128   1              ESPI0=0;               // SPI0 Interrupt Enable
 129   1              ET2=1;                 // Timer 2 Interrupt Enable
 130   1              ES0=1;                 // UART0 Interrupt Enable
 131   1              ET1=0;                 // Timer 1 Interrupt Enable
 132   1              EX1=0;                 // External Interrupt 1 Enable
 133   1              ET0=0;                 // Timer 0 Interrupt Enable
 134   1              EX0=0;                 // External Interrupt 0 Enable
 135   1                              
 136   1              EIE1      = 0x80;//Timer 3 Interrupt Enable
 137   1      }
 138          
 139          //
 140          void init_v(void){
 141   1      
 142   1      DacStartValueLines.LineDac1 = DacStartValueLines.LineDac2 = DacStartValueLines.LineDac3 = DacStartValueLin
             -es.LineDac4 = 0;
 143   1      set_install=0;  
 144   1      set_canal_test[0]=set_canal_test[1]=set_canal_test[2]=set_canal_test[3]=0;      
 145   1      set_rele[0]=set_rele[1]=set_rele[2]=set_rele[3]=0;      
 146   1      code_IDAC=0;
 147   1      hold_code_IDAC=0;
 148   1      F_load_idac=0;
 149   1      F_run_test=0;//1-идет тест
 150   1      F_end_test=0;//1-
 151   1      F_rise_step_idac=0;//1- растет
 152   1      //F_end_step_idac=0;//1-конец диапазона
 153   1      F_hold_data_idac=0;//1-выполнено запоминание
 154   1      F_run_sum=0;//1-выполняем суммирование
 155   1      range=0;
 156   1      canal_test=0;
 157   1      //c_add_code_IDAC=0;
 158   1      F_in_comp_on=0;//1-сработал
 159   1      //F_in_comp2_on=0;//1-сработал
 160   1      //F_in_comp3_on=0;//1-сработал
 161   1      //F_in_comp4_on=0;//1-сработал
 162   1      c_in_comp1=0;
 163   1      c_in_comp2=0;
 164   1      c_in_comp3=0;
 165   1      c_in_comp4=0;
 166   1      c_10ms=0;//по 10мс до 1 сек
 167   1      footim = 0;
 168   1      c_seconds=0;//
 169   1      F_start_test_L1=0;
 170   1      F_start_test_L2=0;
 171   1      F_start_test_L3=0;
 172   1      F_start_test_L4=0;
 173   1      st_Rx_PC=0;
 174   1      st_Tx_PC=0;
 175   1      F_run_com_PC=0;
 176   1      Status_SL.NRange1=Status_SL.Data1_Hi=Status_SL.Data1_Lo=0;
 177   1      Status_SL.NRange2=Status_SL.Data2_Hi=Status_SL.Data2_Lo=0;
C51 COMPILER V9.60.7.0   INIT_IPCL                                                         06/24/2026 14:07:28 PAGE 4   

 178   1      Status_SL.NRange3=Status_SL.Data3_Hi=Status_SL.Data3_Lo=0;
 179   1      Status_SL.NRange4=Status_SL.Data4_Hi=Status_SL.Data4_Lo=0;
 180   1      F_div_f_start_dac=0;//для получения 4ms в прерывании
 181   1      div_f_start_dac=0;
 182   1      
 183   1      }
 184          
 185          //
 186          void init_ipCL(void)
 187          {
 188   1              Oscillator_Init();
 189   1              PCA_Init();
 190   1              Timer_Init();
 191   1              UART_Init();
 192   1              Port_IO_Init();
 193   1              DAC_Init();//??????
 194   1              Reset_Sources_Init();
 195   1              init_v();
 196   1              Interrupts_Init();
 197   1      }
 198          


MODULE INFORMATION:   STATIC OVERLAYABLE
   CODE SIZE        =    367    ----
   CONSTANT SIZE    =   ----    ----
   XDATA SIZE       =   ----    ----
   PDATA SIZE       =   ----    ----
   DATA SIZE        =   ----    ----
   IDATA SIZE       =   ----    ----
   BIT SIZE         =   ----    ----
END OF MODULE INFORMATION.


C51 COMPILATION COMPLETE.  0 WARNING(S),  0 ERROR(S)
