BL51 BANKED LINKER/LOCATER V6.22.4.0                                                    06/15/2026  16:09:01  PAGE 1


BL51 BANKED LINKER/LOCATER V6.22.4.0, INVOKED BY:
C:\KEIL_V5\C51\BIN\BL51.EXE .\Objects\STARTUP.obj, .\Objects\main_ipCL.obj, .\Objects\init_ipCL.obj, .\Objects\tpic_ipCL
>> .obj, .\Objects\uart0_ipCL.obj, .\Objects\work_PC_ipCL.obj, .\Objects\timers_ipCL.obj, .\Objects\test_SL_ipCL.obj, .\
>> Objects\DATAPAGE.obj TO .\Objects\ip_cl PRINT (.\Listings\ip_cl.m51) RAMSIZE (256)


MEMORY MODEL: SMALL


INPUT MODULES INCLUDED:
  .\Objects\STARTUP.obj (?C_STARTUP)
  .\Objects\main_ipCL.obj (MAIN_IPCL)
  .\Objects\init_ipCL.obj (INIT_IPCL)
  .\Objects\tpic_ipCL.obj (TPIC_IPCL)
  .\Objects\uart0_ipCL.obj (UART0_IPCL)
  .\Objects\work_PC_ipCL.obj (WORK_PC_IPCL)
  .\Objects\timers_ipCL.obj (TIMERS_IPCL)
  .\Objects\test_SL_ipCL.obj (TEST_SL_IPCL)
  .\Objects\DATAPAGE.obj (DATAPAGE)
  C:\KEIL_V5\C51\LIB\C51S.LIB (?C_INIT)
  C:\KEIL_V5\C51\LIB\C51S.LIB (?C?COPY)


LINK MAP OF MODULE:  .\Objects\ip_cl (?C_STARTUP)


            TYPE    BASE      LENGTH    RELOCATION   SEGMENT NAME
            -----------------------------------------------------

            * * * * * * *   D A T A   M E M O R Y   * * * * * * *
            REG     0000H     0008H     ABSOLUTE     "REG BANK 0"
            DATA    0008H     0001H     UNIT         ?DT?TEST_SL_IPCL
                    0009H     0017H                  *** GAP ***
            DATA    0020H     0004H     BIT_ADDR     ?BA?MAIN_IPCL
            BIT     0024H.0   0001H.3   UNIT         ?BI?MAIN_IPCL
                    0025H.3   0000H.5                *** GAP ***
            DATA    0026H     003FH     UNIT         ?DT?MAIN_IPCL
            IDATA   0065H     0001H     UNIT         ?STACK

            * * * * * * *  X D A T A   M E M O R Y  * * * * * * *
            XDATA   0000H     003CH     UNIT         ?XD?MAIN_IPCL

            * * * * * * *   C O D E   M E M O R Y   * * * * * * *
            CODE    0000H     0003H     ABSOLUTE     
            CODE    0003H     001BH     UNIT         ?PR?INIT_IPCL?INIT_IPCL
            CODE    001EH     0004H     UNIT         ?PR?OSCILLATOR_INIT?INIT_IPCL
                    0022H     0001H                  *** GAP ***
            CODE    0023H     0003H     ABSOLUTE     
            CODE    0026H     0004H     UNIT         ?PR?UART_INIT?INIT_IPCL
                    002AH     0001H                  *** GAP ***
            CODE    002BH     0003H     ABSOLUTE     
            CODE    002EH     0039H     UNIT         ?PR?DELAYED_RESPONSE_PC?WORK_PC_IPCL
            CODE    0067H     0009H     UNIT         ?PR?DAC_INIT?INIT_IPCL
                    0070H     0003H                  *** GAP ***
            CODE    0073H     0003H     ABSOLUTE     
            CODE    0076H     02D5H     UNIT         ?PR?STEP_TEST_L?TEST_SL_IPCL
            CODE    034BH     0212H     UNIT         ?PR?INSTALL_SL?TEST_SL_IPCL
            CODE    055DH     0200H     UNIT         ?CO?MAIN_IPCL
BL51 BANKED LINKER/LOCATER V6.22.4.0                                                  06/15/2026  16:09:01  PAGE 2


            CODE    075DH     01C8H     UNIT         ?PR?WORK_PC?WORK_PC_IPCL
            CODE    0925H     0185H     UNIT         ?PR?UART_0?UART0_IPCL
            CODE    0AAAH     0134H     UNIT         ?PR?MAIN?MAIN_IPCL
            CODE    0BDEH     00F6H     UNIT         ?C?LIB_CODE
            CODE    0CD4H     00D7H     UNIT         ?PR?SET_TPIC2?TPIC_IPCL
            CODE    0DABH     008FH     UNIT         ?PR?SET_TPIC1?TPIC_IPCL
            CODE    0E3AH     008CH     UNIT         ?C_C51STARTUP
            CODE    0EC6H     0078H     UNIT         ?PR?INIT_V?INIT_IPCL
            CODE    0F3EH     0062H     UNIT         ?PR?SET_TEST_L1?TEST_SL_IPCL
            CODE    0FA0H     0062H     UNIT         ?PR?SET_TEST_L2?TEST_SL_IPCL
            CODE    1002H     0062H     UNIT         ?PR?SET_TEST_L3?TEST_SL_IPCL
            CODE    1064H     0062H     UNIT         ?PR?SET_TEST_L4?TEST_SL_IPCL
            CODE    10C6H     005FH     UNIT         ?PR?OPTIMAL_VALUE_SELECTION?TEST_SL_IPCL
            CODE    1125H     0053H     UNIT         ?PR?TEST_IN_COMP?TEST_SL_IPCL
            CODE    1178H     0038H     UNIT         ?PR?TIMER_INIT?INIT_IPCL
            CODE    11B0H     002CH     UNIT         ?PR?INT_TIMER_2?TIMERS_IPCL
            CODE    11DCH     0023H     UNIT         ?PR?PORT_IO_INIT?INIT_IPCL
            CODE    11FFH     0023H     UNIT         ?PR?SET_F_START_TEST_LX?TEST_SL_IPCL
            CODE    1222H     001AH     UNIT         ?PR?INT_TIMER_3?TIMERS_IPCL
            CODE    123CH     0015H     UNIT         ?PR?RESET_SOURCES_INIT?INIT_IPCL
            CODE    1251H     0014H     UNIT         ?PR?INTERRUPTS_INIT?INIT_IPCL
            CODE    1265H     0010H     UNIT         ?PR?_DELAY_IPCL?TPIC_IPCL
            CODE    1275H     000FH     UNIT         ?PR?PCA_INIT?INIT_IPCL
            CODE    1284H     0004H     UNIT         ?C_INITSEG
                    1288H     0B77H                  *** GAP ***
            CODE    1DFFH     0001H     ABSOLUTE     



OVERLAY MAP OF MODULE:   .\Objects\ip_cl (?C_STARTUP)


SEGMENT
  +--> CALLED SEGMENT
---------------------
?C_C51STARTUP
  +--> ?PR?MAIN?MAIN_IPCL
  +--> ?C_INITSEG

?PR?MAIN?MAIN_IPCL
  +--> ?PR?INIT_IPCL?INIT_IPCL
  +--> ?PR?SET_TPIC1?TPIC_IPCL
  +--> ?PR?SET_TPIC2?TPIC_IPCL
  +--> ?PR?WORK_PC?WORK_PC_IPCL
  +--> ?PR?DELAYED_RESPONSE_PC?WORK_PC_IPCL
  +--> ?PR?TEST_IN_COMP?TEST_SL_IPCL
  +--> ?PR?STEP_TEST_L?TEST_SL_IPCL
  +--> ?PR?SET_TEST_L1?TEST_SL_IPCL
  +--> ?PR?SET_TEST_L2?TEST_SL_IPCL
  +--> ?PR?SET_TEST_L3?TEST_SL_IPCL
  +--> ?PR?SET_TEST_L4?TEST_SL_IPCL
  +--> ?PR?SET_F_START_TEST_LX?TEST_SL_IPCL

?PR?INIT_IPCL?INIT_IPCL
  +--> ?PR?OSCILLATOR_INIT?INIT_IPCL
  +--> ?PR?PCA_INIT?INIT_IPCL
  +--> ?PR?TIMER_INIT?INIT_IPCL
BL51 BANKED LINKER/LOCATER V6.22.4.0                                                  06/15/2026  16:09:01  PAGE 3


  +--> ?PR?UART_INIT?INIT_IPCL
  +--> ?PR?PORT_IO_INIT?INIT_IPCL
  +--> ?PR?DAC_INIT?INIT_IPCL
  +--> ?PR?RESET_SOURCES_INIT?INIT_IPCL
  +--> ?PR?INIT_V?INIT_IPCL
  +--> ?PR?INTERRUPTS_INIT?INIT_IPCL

?PR?SET_TPIC1?TPIC_IPCL
  +--> ?PR?_DELAY_IPCL?TPIC_IPCL

?PR?SET_TPIC2?TPIC_IPCL
  +--> ?PR?_DELAY_IPCL?TPIC_IPCL

?PR?WORK_PC?WORK_PC_IPCL
  +--> ?PR?INSTALL_SL?TEST_SL_IPCL
  +--> ?PR?SET_F_START_TEST_LX?TEST_SL_IPCL
  +--> ?PR?SET_TPIC1?TPIC_IPCL
  +--> ?PR?SET_TPIC2?TPIC_IPCL

?PR?INSTALL_SL?TEST_SL_IPCL
  +--> ?PR?SET_TEST_L1?TEST_SL_IPCL
  +--> ?PR?TEST_IN_COMP?TEST_SL_IPCL
  +--> ?PR?STEP_TEST_L?TEST_SL_IPCL
  +--> ?PR?OPTIMAL_VALUE_SELECTION?TEST_SL_IPCL
  +--> ?PR?SET_TEST_L2?TEST_SL_IPCL
  +--> ?PR?SET_TEST_L3?TEST_SL_IPCL
  +--> ?PR?SET_TEST_L4?TEST_SL_IPCL
  +--> ?PR?SET_TPIC1?TPIC_IPCL
  +--> ?PR?SET_TPIC2?TPIC_IPCL

?PR?SET_TEST_L1?TEST_SL_IPCL
  +--> ?PR?SET_TPIC1?TPIC_IPCL
  +--> ?PR?SET_TPIC2?TPIC_IPCL

?PR?SET_TEST_L2?TEST_SL_IPCL
  +--> ?PR?SET_TPIC1?TPIC_IPCL
  +--> ?PR?SET_TPIC2?TPIC_IPCL

?PR?SET_TEST_L3?TEST_SL_IPCL
  +--> ?PR?SET_TPIC1?TPIC_IPCL
  +--> ?PR?SET_TPIC2?TPIC_IPCL

?PR?SET_TEST_L4?TEST_SL_IPCL
  +--> ?PR?SET_TPIC1?TPIC_IPCL
  +--> ?PR?SET_TPIC2?TPIC_IPCL

*** NEW ROOT ***************************************************

?PR?UART_0?UART0_IPCL
  +--> ?CO?MAIN_IPCL



SYMBOL TABLE OF MODULE:  .\Objects\ip_cl (?C_STARTUP)

  VALUE           TYPE          NAME
  ----------------------------------
BL51 BANKED LINKER/LOCATER V6.22.4.0                                                  06/15/2026  16:09:01  PAGE 4



  -------         MODULE        ?C_STARTUP
  C:0E3AH         SEGMENT       ?C_C51STARTUP
  I:0065H         SEGMENT       ?STACK
  C:0000H         PUBLIC        ?C_STARTUP
  D:00E0H         SYMBOL        ACC
  D:00F0H         SYMBOL        B
  D:0083H         SYMBOL        DPH
  D:0082H         SYMBOL        DPL
  N:0000H         SYMBOL        IBPSTACK
  N:0100H         SYMBOL        IBPSTACKTOP
  N:0080H         SYMBOL        IDATALEN
  C:0E3DH         SYMBOL        IDATALOOP
  N:0000H         SYMBOL        PBPSTACK
  N:0100H         SYMBOL        PBPSTACKTOP
  N:0000H         SYMBOL        PDATALEN
  N:0000H         SYMBOL        PDATASTART
  N:0000H         SYMBOL        PPAGE
  N:0000H         SYMBOL        PPAGEENABLE
  D:00A0H         SYMBOL        PPAGE_SFR
  D:0081H         SYMBOL        SP
  C:0E3AH         SYMBOL        STARTUP1
  N:0000H         SYMBOL        XBPSTACK
  N:0000H         SYMBOL        XBPSTACKTOP
  N:0000H         SYMBOL        XDATALEN
  N:0000H         SYMBOL        XDATASTART
  C:0000H         LINE#         126
  C:0E3AH         LINE#         133
  C:0E3CH         LINE#         134
  C:0E3DH         LINE#         135
  C:0E3EH         LINE#         136
  C:0E40H         LINE#         185
  C:0E43H         LINE#         196
  -------         ENDMOD        ?C_STARTUP

  -------         MODULE        MAIN_IPCL
  C:0000H         SYMBOL        _ICE_DUMMY_
  D:0026H         PUBLIC        install_code_IDAC_2
  B:0020H.2       PUBLIC        gain_L1
  B:0020H.3       PUBLIC        gain_L2
  D:0080H         PUBLIC        P0
  B:0021H.2       PUBLIC        gain_L3
  D:0090H         PUBLIC        P1
  B:0024H.0       PUBLIC        F_end_test
  B:0021H.3       PUBLIC        gain_L4
  D:0028H         PUBLIC        Tx_counter_or_error
  D:0029H         PUBLIC        Rx_command_PC
  D:002AH         PUBLIC        Tx_command_PC
  D:002BH         PUBLIC        c_10ms
  B:00A8H.7       PUBLIC        EA
  D:002CH         PUBLIC        st_Rx_PC
  D:002DH         PUBLIC        Status_SL
  B:0020H.0       PUBLIC        rele_L1
  D:0039H         PUBLIC        st_Tx_PC
  B:0020H.1       PUBLIC        rele_L2
  B:0021H.0       PUBLIC        rele_L3
  B:0021H.1       PUBLIC        rele_L4
BL51 BANKED LINKER/LOCATER V6.22.4.0                                                  06/15/2026  16:09:01  PAGE 5


  D:003AH         PUBLIC        range
  D:003BH         PUBLIC        code_IDAC
  B:0024H.1       PUBLIC        F_run_com_PC
  D:003DH         PUBLIC        footim
  D:00ECH         PUBLIC        PCA0CPH2
  D:003FH         PUBLIC        c_sum_code
  D:0040H         PUBLIC        v_test
  D:0041H         PUBLIC        hold_code_IDAC
  B:0024H.2       PUBLIC        F_run_test
  D:0043H         PUBLIC        c_bufRX_PC
  D:0044H         PUBLIC        Hi_code_IDAC
  D:0046H         PUBLIC        c_bufTX_PC
  D:0047H         PUBLIC        n_byte_Rx_PC
  D:0048H         PUBLIC        canal_test
  D:0049H         PUBLIC        n_byte_Tx_PC
  C:0AAAH         PUBLIC        main
  D:004AH         PUBLIC        div_f_start_dac
  D:0022H         PUBLIC        set_install
  B:0024H.3       PUBLIC        F_run_sum
  X:0000H         PUBLIC        c_in_comp_total
  D:004BH         PUBLIC        c_seconds
  B:0090H.4       PUBLIC        P_tpic1_G
  C:055DH         PUBLIC        wCRCTable
  B:0024H.4       PUBLIC        F_load_idac
  B:0090H.0       PUBLIC        P_tpic2_G
  B:0024H.5       PUBLIC        F_hold_data_idac
  D:004CH         PUBLIC        sum_code_IDAC
  B:0024H.6       PUBLIC        F_div_f_start_dac
  B:0024H.7       PUBLIC        F_in_comp_on
  D:004EH         PUBLIC        test1_install
  D:0050H         PUBLIC        test2_install
  D:0052H         PUBLIC        set_canal_test
  B:0023H.0       PUBLIC        F_start_test_L1
  D:0056H         PUBLIC        set_rele
  B:0023H.1       PUBLIC        F_start_test_L2
  B:0023H.2       PUBLIC        F_start_test_L3
  B:0023H.3       PUBLIC        F_start_test_L4
  X:0002H         PUBLIC        bufRX_PC
  B:0025H.0       PUBLIC        F_delaed_response
  X:001BH         PUBLIC        c_in_comp1
  X:001DH         PUBLIC        bufTX_PC
  X:0036H         PUBLIC        c_in_comp2
  X:0038H         PUBLIC        c_in_comp3
  X:003AH         PUBLIC        c_in_comp4
  D:0020H         PUBLIC        tpic1
  D:0021H         PUBLIC        tpic2
  D:005AH         PUBLIC        v_PC
  B:0022H.0       PUBLIC        install_cahal_1
  B:0022H.1       PUBLIC        install_cahal_2
  B:0022H.2       PUBLIC        install_cahal_3
  B:0022H.3       PUBLIC        install_cahal_4
  B:0025H.1       PUBLIC        F_rise_step_idac
  B:0025H.2       PUBLIC        F_first_step
  B:0020H.4       PUBLIC        idac_L1
  B:0020H.5       PUBLIC        idac_L2
  D:005BH         PUBLIC        Status_Rele_SL
  B:0021H.4       PUBLIC        idac_L3
BL51 BANKED LINKER/LOCATER V6.22.4.0                                                  06/15/2026  16:09:01  PAGE 6


  B:0021H.5       PUBLIC        idac_L4
  D:005FH         PUBLIC        CRC_Rx_PC
  D:0061H         PUBLIC        CRC_Tx_PC
  D:0023H         PUBLIC        F_start_test
  D:0063H         PUBLIC        install_code_IDAC_1
  -------         PROC          MAIN
  C:0AAAH         LINE#         31
  C:0AAAH         LINE#         34
  C:0AADH         LINE#         37
  C:0AB5H         LINE#         38
  C:0ABDH         LINE#         39
  C:0AC5H         LINE#         40
  C:0AC8H         LINE#         41
  C:0ACBH         LINE#         42
  C:0ACDH         LINE#         43
  C:0ACFH         LINE#         45
  C:0AD1H         LINE#         46
  C:0AD3H         LINE#         65
  C:0AD3H         LINE#         69
  C:0AD6H         LINE#         71
  C:0AD9H         LINE#         72
  C:0ADBH         LINE#         73
  C:0ADEH         LINE#         74
  C:0ADEH         LINE#         76
  C:0AE1H         LINE#         80
  C:0AE4H         LINE#         81
  C:0AE7H         LINE#         83
  C:0AEAH         LINE#         84
  C:0AECH         LINE#         85
  C:0AEFH         LINE#         86
  C:0AEFH         LINE#         87
  C:0AF1H         LINE#         88
  C:0AF1H         LINE#         90
  C:0AF4H         LINE#         91
  C:0AF6H         LINE#         92
  C:0AF9H         LINE#         93
  C:0AFBH         LINE#         95
  C:0AFEH         LINE#         96
  C:0B00H         LINE#         97
  C:0B03H         LINE#         98
  C:0B05H         LINE#         100
  C:0B08H         LINE#         101
  C:0B0AH         LINE#         102
  C:0B0DH         LINE#         103
  C:0B0FH         LINE#         105
  C:0B12H         LINE#         106
  C:0B14H         LINE#         107
  C:0B17H         LINE#         108
  C:0B17H         LINE#         110
  C:0B17H         LINE#         113
  C:0B1AH         LINE#         114
  C:0B1CH         LINE#         115
  C:0B1FH         LINE#         117
  C:0B25H         LINE#         118
  C:0B28H         LINE#         119
  C:0B2BH         LINE#         121
  C:0B2FH         LINE#         122
BL51 BANKED LINKER/LOCATER V6.22.4.0                                                  06/15/2026  16:09:01  PAGE 7


  C:0B36H         LINE#         123
  C:0B3AH         LINE#         124
  C:0B3CH         LINE#         125
  C:0B3CH         LINE#         126
  C:0B3FH         LINE#         127
  C:0B41H         LINE#         128
  C:0B43H         LINE#         129
  C:0B43H         LINE#         130
  C:0B45H         LINE#         131
  C:0B48H         LINE#         132
  C:0B4BH         LINE#         136
  C:0B4EH         LINE#         137
  C:0B54H         LINE#         138
  C:0B57H         LINE#         139
  C:0B5AH         LINE#         141
  C:0B5EH         LINE#         142
  C:0B65H         LINE#         143
  C:0B69H         LINE#         144
  C:0B6BH         LINE#         145
  C:0B6BH         LINE#         146
  C:0B6EH         LINE#         147
  C:0B70H         LINE#         148
  C:0B72H         LINE#         149
  C:0B72H         LINE#         150
  C:0B74H         LINE#         151
  C:0B77H         LINE#         152
  C:0B7AH         LINE#         153
  C:0B7CH         LINE#         154
  C:0B82H         LINE#         155
  C:0B85H         LINE#         156
  C:0B88H         LINE#         158
  C:0B8CH         LINE#         159
  C:0B93H         LINE#         160
  C:0B97H         LINE#         161
  C:0B99H         LINE#         162
  C:0B99H         LINE#         163
  C:0B9CH         LINE#         164
  C:0B9EH         LINE#         165
  C:0BA0H         LINE#         166
  C:0BA0H         LINE#         167
  C:0BA2H         LINE#         168
  C:0BA5H         LINE#         169
  C:0BA8H         LINE#         170
  C:0BAAH         LINE#         171
  C:0BB0H         LINE#         172
  C:0BB3H         LINE#         173
  C:0BB6H         LINE#         175
  C:0BBAH         LINE#         176
  C:0BC1H         LINE#         177
  C:0BC5H         LINE#         178
  C:0BC7H         LINE#         179
  C:0BC7H         LINE#         180
  C:0BCAH         LINE#         181
  C:0BCCH         LINE#         182
  C:0BCEH         LINE#         183
  C:0BCEH         LINE#         184
  C:0BD0H         LINE#         185
BL51 BANKED LINKER/LOCATER V6.22.4.0                                                  06/15/2026  16:09:01  PAGE 8


  C:0BD3H         LINE#         186
  C:0BD6H         LINE#         187
  C:0BD6H         LINE#         189
  C:0BD9H         LINE#         191
  C:0BDBH         LINE#         192
  C:0BDBH         LINE#         195
  -------         ENDPROC       MAIN
  -------         ENDMOD        MAIN_IPCL

  -------         MODULE        INIT_IPCL
  C:0000H         SYMBOL        _ICE_DUMMY_
  D:0080H         PUBLIC        P0
  C:0003H         PUBLIC        init_ipCL
  D:0090H         PUBLIC        P1
  D:00E6H         PUBLIC        EIE1
  B:00A8H.7       PUBLIC        EA
  D:00A4H         PUBLIC        P0MDOUT
  C:0EC6H         PUBLIC        init_v
  D:00CBH         PUBLIC        TMR2RLH
  D:0093H         PUBLIC        TMR3RLH
  B:0090H.7       PUBLIC        P_tpic1_DATA
  B:0090H.3       PUBLIC        P_tpic2_DATA
  D:00B9H         PUBLIC        IDA0CN
  D:00CAH         PUBLIC        TMR2RLL
  D:0092H         PUBLIC        TMR3RLL
  D:00ECH         PUBLIC        PCA0CPH2
  C:11DCH         PUBLIC        Port_IO_Init
  D:00D9H         PUBLIC        PCA0MD
  D:00EBH         PUBLIC        PCA0CPL2
  C:001EH         PUBLIC        Oscillator_Init
  D:00E1H         PUBLIC        XBR0
  D:00E2H         PUBLIC        XBR1
  B:0090H.6       PUBLIC        P_tpic1_SRCK
  B:0090H.2       PUBLIC        P_tpic2_SRCK
  D:00FFH         PUBLIC        VDM0CN
  D:00F1H         PUBLIC        P0MDIN
  C:0026H         PUBLIC        UART_Init
  D:0089H         PUBLIC        TMOD
  D:00C8H         PUBLIC        TMR2CN
  D:00D4H         PUBLIC        P0SKIP
  D:0091H         PUBLIC        TMR3CN
  D:00D5H         PUBLIC        P1SKIP
  B:0090H.4       PUBLIC        P_tpic1_G
  B:0090H.0       PUBLIC        P_tpic2_G
  C:1251H         PUBLIC        Interrupts_Init
  B:0088H.1       PUBLIC        IE0
  C:0067H         PUBLIC        DAC_Init
  B:0088H.3       PUBLIC        IE1
  D:00B2H         PUBLIC        OSCICN
  C:123CH         PUBLIC        Reset_Sources_Init
  D:0097H         PUBLIC        IDA0H
  B:00A8H.4       PUBLIC        ES0
  B:00A8H.1       PUBLIC        ET0
  B:00A8H.3       PUBLIC        ET1
  B:0088H.5       PUBLIC        TF0
  C:1275H         PUBLIC        PCA_Init
  B:00A8H.5       PUBLIC        ET2
BL51 BANKED LINKER/LOCATER V6.22.4.0                                                  06/15/2026  16:09:01  PAGE 9


  B:0088H.7       PUBLIC        TF1
  D:0096H         PUBLIC        IDA0L
  B:00A8H.0       PUBLIC        EX0
  B:0088H.0       PUBLIC        IT0
  D:008DH         PUBLIC        TH1
  B:00A8H.2       PUBLIC        EX1
  B:0088H.2       PUBLIC        IT1
  B:0090H.5       PUBLIC        P_tpic1_RCK
  B:0090H.1       PUBLIC        P_tpic2_RCK
  B:0088H.4       PUBLIC        TR0
  B:0088H.6       PUBLIC        TR1
  B:00A8H.6       PUBLIC        ESPI0
  D:00EFH         PUBLIC        RSTSRC
  D:0098H         PUBLIC        SCON0
  D:00CDH         PUBLIC        TMR2H
  D:0095H         PUBLIC        TMR3H
  D:008EH         PUBLIC        CKCON
  D:00CCH         PUBLIC        TMR2L
  D:0094H         PUBLIC        TMR3L
  C:1178H         PUBLIC        Timer_Init
  -------         PROC          OSCILLATOR_INIT
  C:001EH         LINE#         11
  C:001EH         LINE#         12
  C:001EH         LINE#         13
  C:0021H         LINE#         14
  -------         ENDPROC       OSCILLATOR_INIT
  -------         PROC          PORT_IO_INIT
  C:11DCH         LINE#         18
  C:11DCH         LINE#         19
  C:11DCH         LINE#         38
  C:11DFH         LINE#         39
  C:11E2H         LINE#         40
  C:11E5H         LINE#         41
  C:11E8H         LINE#         42
  C:11EBH         LINE#         43
  C:11EEH         LINE#         44
  C:11F0H         LINE#         45
  C:11F2H         LINE#         46
  C:11F4H         LINE#         47
  C:11F6H         LINE#         48
  C:11F8H         LINE#         49
  C:11FAH         LINE#         50
  C:11FCH         LINE#         51
  C:11FEH         LINE#         52
  -------         ENDPROC       PORT_IO_INIT
  -------         PROC          TIMER_INIT
  C:1178H         LINE#         57
  C:1178H         LINE#         58
  C:1178H         LINE#         61
  C:117AH         LINE#         62
  C:117CH         LINE#         63
  C:117EH         LINE#         64
  C:1180H         LINE#         65
  C:1182H         LINE#         66
  C:1184H         LINE#         67
  C:1186H         LINE#         68
  C:1188H         LINE#         70
BL51 BANKED LINKER/LOCATER V6.22.4.0                                                  06/15/2026  16:09:01  PAGE 10


  C:118BH         LINE#         71
  C:118EH         LINE#         72
  C:1191H         LINE#         74
  C:1194H         LINE#         75
  C:1197H         LINE#         76
  C:119AH         LINE#         77
  C:119DH         LINE#         78
  C:11A0H         LINE#         79
  C:11A3H         LINE#         80
  C:11A6H         LINE#         81
  C:11A9H         LINE#         82
  C:11ACH         LINE#         83
  C:11AFH         LINE#         86
  -------         ENDPROC       TIMER_INIT
  -------         PROC          UART_INIT
  C:0026H         LINE#         89
  C:0026H         LINE#         90
  C:0026H         LINE#         91
  C:0029H         LINE#         92
  -------         ENDPROC       UART_INIT
  -------         PROC          DAC_INIT
  C:0067H         LINE#         95
  C:0067H         LINE#         96
  C:0067H         LINE#         97
  C:006AH         LINE#         99
  C:006DH         LINE#         100
  C:006FH         LINE#         101
  -------         ENDPROC       DAC_INIT
  -------         PROC          PCA_INIT
  C:1275H         LINE#         104
  C:1275H         LINE#         105
  C:1275H         LINE#         106
  C:1278H         LINE#         107
  C:127BH         LINE#         108
  C:127EH         LINE#         109
  C:1281H         LINE#         110
  C:1283H         LINE#         111
  -------         ENDPROC       PCA_INIT
  -------         PROC          RESET_SOURCES_INIT
  -------         DO            
  D:0006H         SYMBOL        i
  -------         ENDDO         
  C:123CH         LINE#         114
  C:123CH         LINE#         115
  C:123CH         LINE#         116
  C:123FH         LINE#         117
  C:1242H         LINE#         118
  C:124DH         LINE#         119
  C:1250H         LINE#         120
  -------         ENDPROC       RESET_SOURCES_INIT
  -------         PROC          INTERRUPTS_INIT
  C:1251H         LINE#         124
  C:1251H         LINE#         125
  C:1251H         LINE#         127
  C:1253H         LINE#         128
  C:1255H         LINE#         129
  C:1257H         LINE#         130
BL51 BANKED LINKER/LOCATER V6.22.4.0                                                  06/15/2026  16:09:01  PAGE 11


  C:1259H         LINE#         131
  C:125BH         LINE#         132
  C:125DH         LINE#         133
  C:125FH         LINE#         134
  C:1261H         LINE#         136
  C:1264H         LINE#         137
  -------         ENDPROC       INTERRUPTS_INIT
  -------         PROC          INIT_V
  C:0EC6H         LINE#         140
  C:0EC6H         LINE#         142
  C:0EC9H         LINE#         143
  C:0ED1H         LINE#         144
  C:0ED9H         LINE#         145
  C:0EDDH         LINE#         146
  C:0EE1H         LINE#         147
  C:0EE3H         LINE#         148
  C:0EE5H         LINE#         149
  C:0EE7H         LINE#         150
  C:0EE9H         LINE#         152
  C:0EEBH         LINE#         153
  C:0EEDH         LINE#         154
  C:0EEFH         LINE#         155
  C:0EF1H         LINE#         157
  C:0EF3H         LINE#         161
  C:0EF9H         LINE#         162
  C:0EFFH         LINE#         163
  C:0F05H         LINE#         164
  C:0F0BH         LINE#         165
  C:0F0DH         LINE#         166
  C:0F11H         LINE#         167
  C:0F13H         LINE#         168
  C:0F15H         LINE#         169
  C:0F17H         LINE#         170
  C:0F19H         LINE#         171
  C:0F1BH         LINE#         172
  C:0F1DH         LINE#         173
  C:0F1FH         LINE#         174
  C:0F21H         LINE#         175
  C:0F27H         LINE#         176
  C:0F2DH         LINE#         177
  C:0F33H         LINE#         178
  C:0F39H         LINE#         179
  C:0F3BH         LINE#         180
  C:0F3DH         LINE#         182
  -------         ENDPROC       INIT_V
  -------         PROC          INIT_IPCL
  C:0003H         LINE#         185
  C:0003H         LINE#         186
  C:0003H         LINE#         187
  C:0006H         LINE#         188
  C:0009H         LINE#         189
  C:000CH         LINE#         190
  C:000FH         LINE#         191
  C:0012H         LINE#         192
  C:0015H         LINE#         193
  C:0018H         LINE#         194
  C:001BH         LINE#         195
BL51 BANKED LINKER/LOCATER V6.22.4.0                                                  06/15/2026  16:09:01  PAGE 12


  -------         ENDPROC       INIT_IPCL
  -------         ENDMOD        INIT_IPCL

  -------         MODULE        TPIC_IPCL
  C:0000H         SYMBOL        _ICE_DUMMY_
  D:0080H         PUBLIC        P0
  D:0090H         PUBLIC        P1
  B:0090H.7       PUBLIC        P_tpic1_DATA
  B:0090H.3       PUBLIC        P_tpic2_DATA
  C:0DABH         PUBLIC        set_tpic1
  C:0CD4H         PUBLIC        set_tpic2
  B:0090H.6       PUBLIC        P_tpic1_SRCK
  B:0090H.2       PUBLIC        P_tpic2_SRCK
  B:0090H.5       PUBLIC        P_tpic1_RCK
  B:0090H.1       PUBLIC        P_tpic2_RCK
  C:126EH         PUBLIC        _delay_ipCL
  C:1265H         SYMBOL        L?0039
  -------         PROC          L?0038
  -------         ENDPROC       L?0038
  C:1265H         SYMBOL        L?0039
  -------         PROC          _DELAY_IPCL
  D:0007H         SYMBOL        v
  C:126EH         LINE#         6
  C:126EH         LINE#         7
  C:1271H         LINE#         8
  C:1272H         LINE#         9
  C:1274H         LINE#         10
  -------         ENDPROC       _DELAY_IPCL
  -------         PROC          SET_TPIC1
  C:0DABH         LINE#         15
  C:0DABH         LINE#         17
  C:0DB4H         LINE#         18
  C:0DB6H         LINE#         19
  C:0DB6H         LINE#         20
  C:0DB6H         LINE#         21
  C:0DB9H         LINE#         22
  C:0DBBH         LINE#         24
  C:0DC4H         LINE#         25
  C:0DC6H         LINE#         26
  C:0DC6H         LINE#         27
  C:0DC6H         LINE#         28
  C:0DC9H         LINE#         29
  C:0DCBH         LINE#         31
  C:0DD4H         LINE#         32
  C:0DD6H         LINE#         33
  C:0DD6H         LINE#         34
  C:0DD6H         LINE#         35
  C:0DD9H         LINE#         36
  C:0DDBH         LINE#         38
  C:0DE4H         LINE#         39
  C:0DE6H         LINE#         40
  C:0DE6H         LINE#         41
  C:0DE6H         LINE#         42
  C:0DE9H         LINE#         43
  C:0DEBH         LINE#         45
  C:0DF4H         LINE#         46
  C:0DF6H         LINE#         47
BL51 BANKED LINKER/LOCATER V6.22.4.0                                                  06/15/2026  16:09:01  PAGE 13


  C:0DF6H         LINE#         48
  C:0DF6H         LINE#         49
  C:0DF9H         LINE#         50
  C:0DFBH         LINE#         52
  C:0E04H         LINE#         53
  C:0E06H         LINE#         54
  C:0E06H         LINE#         55
  C:0E06H         LINE#         56
  C:0E09H         LINE#         57
  C:0E0BH         LINE#         59
  C:0E14H         LINE#         60
  C:0E16H         LINE#         61
  C:0E16H         LINE#         62
  C:0E16H         LINE#         63
  C:0E19H         LINE#         64
  C:0E1BH         LINE#         66
  C:0E24H         LINE#         67
  C:0E26H         LINE#         68
  C:0E26H         LINE#         69
  C:0E26H         LINE#         70
  C:0E29H         LINE#         71
  C:0E2BH         LINE#         73
  C:0E30H         LINE#         74
  C:0E32H         LINE#         75
  C:0E37H         LINE#         76
  C:0E39H         LINE#         78
  -------         ENDPROC       SET_TPIC1
  -------         PROC          SET_TPIC2
  C:0CD4H         LINE#         82
  C:0CD4H         LINE#         84
  C:0CDDH         LINE#         85
  C:0CDFH         LINE#         86
  C:0CE4H         LINE#         87
  C:0CE6H         LINE#         88
  C:0CEBH         LINE#         89
  C:0CEDH         LINE#         91
  C:0CF6H         LINE#         92
  C:0CF8H         LINE#         93
  C:0CFDH         LINE#         94
  C:0CFFH         LINE#         95
  C:0D04H         LINE#         96
  C:0D06H         LINE#         98
  C:0D0FH         LINE#         99
  C:0D11H         LINE#         100
  C:0D16H         LINE#         101
  C:0D18H         LINE#         102
  C:0D1DH         LINE#         103
  C:0D1FH         LINE#         105
  C:0D28H         LINE#         106
  C:0D2AH         LINE#         107
  C:0D2FH         LINE#         108
  C:0D31H         LINE#         109
  C:0D36H         LINE#         110
  C:0D38H         LINE#         112
  C:0D41H         LINE#         113
  C:0D43H         LINE#         114
  C:0D48H         LINE#         115
BL51 BANKED LINKER/LOCATER V6.22.4.0                                                  06/15/2026  16:09:01  PAGE 14


  C:0D4AH         LINE#         116
  C:0D4FH         LINE#         117
  C:0D51H         LINE#         119
  C:0D5AH         LINE#         120
  C:0D5CH         LINE#         121
  C:0D61H         LINE#         122
  C:0D63H         LINE#         123
  C:0D68H         LINE#         124
  C:0D6AH         LINE#         126
  C:0D73H         LINE#         127
  C:0D75H         LINE#         128
  C:0D7AH         LINE#         129
  C:0D7CH         LINE#         130
  C:0D81H         LINE#         131
  C:0D83H         LINE#         133
  C:0D8CH         LINE#         134
  C:0D8EH         LINE#         135
  C:0D93H         LINE#         136
  C:0D95H         LINE#         137
  C:0D9AH         LINE#         138
  C:0D9CH         LINE#         140
  C:0DA1H         LINE#         141
  C:0DA3H         LINE#         142
  C:0DA8H         LINE#         143
  C:0DAAH         LINE#         145
  -------         ENDPROC       SET_TPIC2
  -------         ENDMOD        TPIC_IPCL

  -------         MODULE        UART0_IPCL
  C:0000H         SYMBOL        _ICE_DUMMY_
  D:0080H         PUBLIC        P0
  D:0090H         PUBLIC        P1
  B:0098H.0       PUBLIC        RI0
  B:0098H.1       PUBLIC        TI0
  C:0925H         PUBLIC        uart_0
  D:0099H         PUBLIC        SBUF0
  -------         PROC          UART_0
  C:0925H         LINE#         7
  C:0936H         LINE#         10
  C:093CH         LINE#         12
  C:093EH         LINE#         13
  C:0941H         LINE#         15
  C:0945H         LINE#         16
  C:094AH         LINE#         17
  C:094DH         LINE#         18
  C:094DH         LINE#         20
  C:094DH         LINE#         23
  C:0976H         LINE#         25
  C:0976H         LINE#         27
  C:0976H         LINE#         28
  C:097CH         LINE#         31
  C:097CH         LINE#         32
  C:0981H         LINE#         33
  C:0987H         LINE#         34
  C:098AH         LINE#         35
  C:098CH         LINE#         36
  C:098EH         LINE#         37
BL51 BANKED LINKER/LOCATER V6.22.4.0                                                  06/15/2026  16:09:01  PAGE 15


  C:098EH         LINE#         38
  C:0990H         LINE#         40
  C:0990H         LINE#         41
  C:0990H         LINE#         43
  C:0990H         LINE#         44
  C:0993H         LINE#         45
  C:0996H         LINE#         46
  C:0998H         LINE#         48
  C:0998H         LINE#         49
  C:099EH         LINE#         50
  C:099EH         LINE#         51
  C:09A5H         LINE#         52
  C:09A8H         LINE#         53
  C:09ABH         LINE#         54
  C:09AEH         LINE#         55
  C:09B0H         LINE#         56
  C:09B0H         LINE#         57
  C:09B2H         LINE#         59
  C:09B2H         LINE#         60
  C:09B2H         LINE#         61
  C:09B2H         LINE#         63
  C:09B2H         LINE#         64
  C:09C0H         LINE#         65
  C:09C2H         LINE#         66
  C:09CAH         LINE#         67
  C:09CCH         LINE#         69
  C:09CCH         LINE#         71
  C:09D2H         LINE#         72
  C:09D2H         LINE#         76
  C:09D2H         LINE#         80
  C:09D4H         LINE#         81
  C:09DAH         LINE#         84
  C:09DAH         LINE#         87
  C:09DEH         LINE#         88
  C:09E1H         LINE#         89
  C:09E4H         LINE#         90
  C:09FDH         LINE#         94
  C:09FDH         LINE#         98
  C:0A03H         LINE#         99
  C:0A05H         LINE#         101
  C:0A1EH         LINE#         103
  C:0A1EH         LINE#         104
  C:0A24H         LINE#         105
  C:0A2AH         LINE#         106
  C:0A2DH         LINE#         107
  C:0A2FH         LINE#         109
  C:0A2FH         LINE#         110
  C:0A35H         LINE#         111
  C:0A38H         LINE#         112
  C:0A3AH         LINE#         114
  C:0A3AH         LINE#         115
  C:0A40H         LINE#         116
  C:0A44H         LINE#         117
  C:0A47H         LINE#         118
  C:0A4AH         LINE#         119
  C:0A4CH         LINE#         123
  C:0A4CH         LINE#         124
BL51 BANKED LINKER/LOCATER V6.22.4.0                                                  06/15/2026  16:09:01  PAGE 16


  C:0A5CH         LINE#         125
  C:0A5EH         LINE#         126
  C:0A66H         LINE#         128
  C:0A68H         LINE#         130
  C:0A68H         LINE#         131
  C:0A6BH         LINE#         132
  C:0A70H         LINE#         134
  C:0A70H         LINE#         136
  C:0A70H         LINE#         137
  C:0A73H         LINE#         139
  C:0A78H         LINE#         141
  C:0A78H         LINE#         143
  C:0A78H         LINE#         148
  C:0A78H         LINE#         151
  C:0A7CH         LINE#         152
  C:0A7FH         LINE#         153
  C:0A82H         LINE#         154
  C:0A9BH         LINE#         156
  C:0A9BH         LINE#         158
  -------         ENDPROC       UART_0
  -------         ENDMOD        UART0_IPCL

  -------         MODULE        WORK_PC_IPCL
  C:0000H         SYMBOL        _ICE_DUMMY_
  D:0080H         PUBLIC        P0
  D:0090H         PUBLIC        P1
  D:00ECH         PUBLIC        PCA0CPH2
  C:002EH         PUBLIC        delayed_response_PC
  D:00C8H         PUBLIC        TMR2CN
  C:075DH         PUBLIC        work_PC
  D:0097H         PUBLIC        IDA0H
  D:0096H         PUBLIC        IDA0L
  D:0099H         PUBLIC        SBUF0
  -------         PROC          WORK_PC
  C:075DH         LINE#         8
  C:075DH         LINE#         10
  C:0780H         LINE#         11
  C:0780H         LINE#         12
  C:0783H         LINE#         13
  C:078CH         LINE#         14
  C:0795H         LINE#         15
  C:079EH         LINE#         16
  C:07A7H         LINE#         19
  C:07AAH         LINE#         22
  C:07ADH         LINE#         23
  C:07B0H         LINE#         25
  C:07C3H         LINE#         26
  C:07C6H         LINE#         27
  C:07C9H         LINE#         29
  C:07CCH         LINE#         31
  C:07D5H         LINE#         32
  C:07DCH         LINE#         33
  C:07E2H         LINE#         34
  C:07E8H         LINE#         35
  C:07E9H         LINE#         36
  C:07E9H         LINE#         38
  C:07ECH         LINE#         39
BL51 BANKED LINKER/LOCATER V6.22.4.0                                                  06/15/2026  16:09:01  PAGE 17


  C:07F1H         LINE#         42
  C:07F7H         LINE#         43
  C:07FDH         LINE#         44
  C:0803H         LINE#         45
  C:0809H         LINE#         47
  C:080FH         LINE#         48
  C:0813H         LINE#         49
  C:0817H         LINE#         50
  C:081BH         LINE#         52
  C:081DH         LINE#         54
  C:0820H         LINE#         58
  C:0820H         LINE#         59
  C:0820H         LINE#         60
  C:0827H         LINE#         61
  C:082AH         LINE#         62
  C:082DH         LINE#         63
  C:082FH         LINE#         65
  C:0832H         LINE#         66
  C:0837H         LINE#         67
  C:0839H         LINE#         68
  C:083BH         LINE#         70
  C:083EH         LINE#         71
  C:0840H         LINE#         72
  C:0840H         LINE#         73
  C:0840H         LINE#         74
  C:0842H         LINE#         75
  C:0842H         LINE#         76
  C:0845H         LINE#         77
  C:0847H         LINE#         78
  C:0847H         LINE#         79
  C:084EH         LINE#         80
  C:0851H         LINE#         81
  C:0854H         LINE#         82
  C:0856H         LINE#         84
  C:0859H         LINE#         85
  C:085EH         LINE#         86
  C:0860H         LINE#         87
  C:0862H         LINE#         89
  C:0865H         LINE#         90
  C:0867H         LINE#         91
  C:0867H         LINE#         92
  C:0867H         LINE#         93
  C:0869H         LINE#         94
  C:0869H         LINE#         95
  C:086CH         LINE#         96
  C:086EH         LINE#         97
  C:086EH         LINE#         98
  C:0875H         LINE#         99
  C:0878H         LINE#         100
  C:087BH         LINE#         101
  C:087DH         LINE#         103
  C:0880H         LINE#         104
  C:0885H         LINE#         105
  C:0887H         LINE#         106
  C:0889H         LINE#         108
  C:088CH         LINE#         109
  C:088EH         LINE#         110
BL51 BANKED LINKER/LOCATER V6.22.4.0                                                  06/15/2026  16:09:01  PAGE 18


  C:088EH         LINE#         111
  C:088EH         LINE#         112
  C:0890H         LINE#         113
  C:0890H         LINE#         114
  C:0893H         LINE#         115
  C:0895H         LINE#         116
  C:0895H         LINE#         117
  C:089CH         LINE#         118
  C:089FH         LINE#         119
  C:08A2H         LINE#         120
  C:08A4H         LINE#         122
  C:08A7H         LINE#         123
  C:08ACH         LINE#         124
  C:08AEH         LINE#         125
  C:08B0H         LINE#         127
  C:08B3H         LINE#         128
  C:08B5H         LINE#         129
  C:08B5H         LINE#         130
  C:08B5H         LINE#         131
  C:08B7H         LINE#         132
  C:08B7H         LINE#         133
  C:08BAH         LINE#         134
  C:08BCH         LINE#         135
  C:08BCH         LINE#         137
  C:08BFH         LINE#         138
  C:08C2H         LINE#         140
  C:08C8H         LINE#         141
  C:08CCH         LINE#         142
  C:08D0H         LINE#         143
  C:08D4H         LINE#         144
  C:08D7H         LINE#         145
  C:08DAH         LINE#         147
  C:08DDH         LINE#         150
  C:08E0H         LINE#         151
  C:08E3H         LINE#         152
  C:08E6H         LINE#         154
  C:08E6H         LINE#         155
  C:08E6H         LINE#         157
  C:08E9H         LINE#         158
  C:08ECH         LINE#         160
  C:08F2H         LINE#         161
  C:08F6H         LINE#         162
  C:08FAH         LINE#         163
  C:08FEH         LINE#         164
  C:0901H         LINE#         165
  C:0901H         LINE#         167
  C:0901H         LINE#         168
  C:0903H         LINE#         169
  C:0903H         LINE#         171
  C:0906H         LINE#         173
  C:0909H         LINE#         176
  C:0911H         LINE#         177
  C:0915H         LINE#         178
  C:0919H         LINE#         179
  C:091CH         LINE#         180
  C:091EH         LINE#         181
  C:0921H         LINE#         183
BL51 BANKED LINKER/LOCATER V6.22.4.0                                                  06/15/2026  16:09:01  PAGE 19


  C:0924H         LINE#         184
  C:0924H         LINE#         185
  C:0924H         LINE#         186
  C:0924H         LINE#         187
  C:0924H         LINE#         189
  -------         ENDPROC       WORK_PC
  -------         PROC          DELAYED_RESPONSE_PC
  C:002EH         LINE#         191
  C:002EH         LINE#         192
  C:0031H         LINE#         194
  C:0041H         LINE#         196
  C:0041H         LINE#         199
  C:0043H         LINE#         202
  C:0046H         LINE#         203
  C:0049H         LINE#         205
  C:005AH         LINE#         206
  C:005DH         LINE#         207
  C:0060H         LINE#         209
  C:0063H         LINE#         211
  C:0066H         LINE#         212
  C:0066H         LINE#         214
  -------         ENDPROC       DELAYED_RESPONSE_PC
  -------         ENDMOD        WORK_PC_IPCL

  -------         MODULE        TIMERS_IPCL
  C:0000H         SYMBOL        _ICE_DUMMY_
  D:0080H         PUBLIC        P0
  D:0090H         PUBLIC        P1
  B:00C8H.7       PUBLIC        TF2H
  D:0091H         PUBLIC        TMR3CN
  C:11B0H         PUBLIC        INT_Timer_2
  C:1222H         PUBLIC        INT_Timer_3
  -------         PROC          INT_TIMER_2
  C:11B0H         LINE#         15
  C:11B4H         LINE#         19
  C:11B6H         LINE#         20
  C:11BEH         LINE#         23
  C:11C2H         LINE#         24
  C:11C5H         LINE#         25
  C:11CCH         LINE#         26
  C:11CFH         LINE#         27
  C:11D1H         LINE#         28
  C:11D3H         LINE#         34
  C:11D5H         LINE#         35
  C:11D7H         LINE#         36
  -------         ENDPROC       INT_TIMER_2
  -------         PROC          INT_TIMER_3
  C:1222H         LINE#         47
  C:1226H         LINE#         50
  C:1229H         LINE#         51
  C:122BH         LINE#         52
  C:1232H         LINE#         53
  C:1235H         LINE#         54
  C:1237H         LINE#         56
  C:1237H         LINE#         67
  -------         ENDPROC       INT_TIMER_3
  -------         ENDMOD        TIMERS_IPCL
BL51 BANKED LINKER/LOCATER V6.22.4.0                                                  06/15/2026  16:09:01  PAGE 20



  -------         MODULE        TEST_SL_IPCL
  C:0000H         SYMBOL        _ICE_DUMMY_
  D:0080H         PUBLIC        P0
  D:0090H         PUBLIC        P1
  C:1125H         PUBLIC        test_in_comp
  C:0076H         PUBLIC        step_test_L
  D:00ECH         PUBLIC        PCA0CPH2
  C:10CCH         PUBLIC        optimal_value_selection
  D:0097H         PUBLIC        IDA0H
  D:0096H         PUBLIC        IDA0L
  C:0F3EH         PUBLIC        set_test_L1
  C:0FA0H         PUBLIC        set_test_L2
  C:1002H         PUBLIC        set_test_L3
  C:1064H         PUBLIC        set_test_L4
  B:0080H.7       PUBLIC        P_in_L1
  B:0080H.6       PUBLIC        P_in_L2
  B:0080H.3       PUBLIC        P_in_L3
  D:0008H         PUBLIC        i
  B:0080H.2       PUBLIC        P_in_L4
  C:11FFH         PUBLIC        set_f_start_test_Lx
  C:034BH         PUBLIC        install_SL
  -------         PROC          TEST_IN_COMP
  C:1125H         LINE#         9
  C:1125H         LINE#         13
  C:1136H         LINE#         15
  C:1147H         LINE#         17
  C:1158H         LINE#         19
  C:1169H         LINE#         21
  C:1177H         LINE#         22
  -------         ENDPROC       TEST_IN_COMP
  -------         PROC          SET_TEST_L1
  C:0F3EH         LINE#         26
  C:0F3EH         LINE#         29
  C:0F4AH         LINE#         30
  C:0F56H         LINE#         31
  C:0F5EH         LINE#         33
  C:0F61H         LINE#         34
  C:0F63H         LINE#         35
  C:0F65H         LINE#         36
  C:0F67H         LINE#         37
  C:0F69H         LINE#         39
  C:0F6EH         LINE#         41
  C:0F70H         LINE#         42
  C:0F72H         LINE#         44
  C:0F75H         LINE#         45
  C:0F78H         LINE#         46
  C:0F7AH         LINE#         47
  C:0F7CH         LINE#         48
  C:0F7EH         LINE#         50
  C:0F80H         LINE#         51
  C:0F85H         LINE#         53
  C:0F8BH         LINE#         54
  C:0F91H         LINE#         55
  C:0F93H         LINE#         56
  C:0F97H         LINE#         57
  C:0F99H         LINE#         58
BL51 BANKED LINKER/LOCATER V6.22.4.0                                                  06/15/2026  16:09:01  PAGE 21


  C:0F9BH         LINE#         59
  C:0F9DH         LINE#         60
  C:0F9FH         LINE#         61
  -------         ENDPROC       SET_TEST_L1
  -------         PROC          SET_TEST_L2
  C:0FA0H         LINE#         63
  C:0FA0H         LINE#         66
  C:0FACH         LINE#         67
  C:0FB8H         LINE#         68
  C:0FC0H         LINE#         70
  C:0FC3H         LINE#         71
  C:0FC5H         LINE#         72
  C:0FC7H         LINE#         73
  C:0FC9H         LINE#         74
  C:0FCBH         LINE#         76
  C:0FD0H         LINE#         78
  C:0FD2H         LINE#         79
  C:0FD4H         LINE#         81
  C:0FD7H         LINE#         82
  C:0FDAH         LINE#         83
  C:0FDCH         LINE#         84
  C:0FDEH         LINE#         85
  C:0FE0H         LINE#         87
  C:0FE2H         LINE#         88
  C:0FE7H         LINE#         90
  C:0FEDH         LINE#         91
  C:0FF3H         LINE#         92
  C:0FF5H         LINE#         93
  C:0FF9H         LINE#         94
  C:0FFBH         LINE#         95
  C:0FFDH         LINE#         96
  C:0FFFH         LINE#         97
  C:1001H         LINE#         98
  -------         ENDPROC       SET_TEST_L2
  -------         PROC          SET_TEST_L3
  C:1002H         LINE#         100
  C:1002H         LINE#         103
  C:100EH         LINE#         104
  C:101AH         LINE#         105
  C:1022H         LINE#         107
  C:1025H         LINE#         108
  C:1027H         LINE#         109
  C:1029H         LINE#         110
  C:102BH         LINE#         111
  C:102DH         LINE#         113
  C:1032H         LINE#         115
  C:1034H         LINE#         116
  C:1036H         LINE#         117
  C:1039H         LINE#         118
  C:103CH         LINE#         119
  C:103EH         LINE#         120
  C:1040H         LINE#         121
  C:1042H         LINE#         123
  C:1044H         LINE#         124
  C:1049H         LINE#         126
  C:104FH         LINE#         127
  C:1055H         LINE#         128
BL51 BANKED LINKER/LOCATER V6.22.4.0                                                  06/15/2026  16:09:01  PAGE 22


  C:1057H         LINE#         129
  C:105BH         LINE#         130
  C:105DH         LINE#         131
  C:105FH         LINE#         132
  C:1061H         LINE#         133
  C:1063H         LINE#         134
  -------         ENDPROC       SET_TEST_L3
  -------         PROC          SET_TEST_L4
  C:1064H         LINE#         136
  C:1064H         LINE#         139
  C:1070H         LINE#         140
  C:107CH         LINE#         141
  C:1084H         LINE#         143
  C:1087H         LINE#         144
  C:1089H         LINE#         145
  C:108BH         LINE#         146
  C:108DH         LINE#         147
  C:108FH         LINE#         149
  C:1094H         LINE#         151
  C:1096H         LINE#         152
  C:1098H         LINE#         153
  C:109BH         LINE#         154
  C:109EH         LINE#         155
  C:10A0H         LINE#         156
  C:10A2H         LINE#         157
  C:10A4H         LINE#         159
  C:10A6H         LINE#         160
  C:10ABH         LINE#         162
  C:10B1H         LINE#         163
  C:10B7H         LINE#         164
  C:10B9H         LINE#         165
  C:10BDH         LINE#         166
  C:10BFH         LINE#         167
  C:10C1H         LINE#         168
  C:10C3H         LINE#         169
  C:10C5H         LINE#         170
  -------         ENDPROC       SET_TEST_L4
  -------         PROC          STEP_TEST_L
  -------         DO            
  D:0004H         SYMBOL        v_in_comp
  -------         ENDDO         
  C:0076H         LINE#         174
  C:0076H         LINE#         178
  C:0079H         LINE#         179
  C:007BH         LINE#         181
  C:0082H         LINE#         182
  C:0088H         LINE#         183
  C:008EH         LINE#         184
  C:0091H         LINE#         185
  C:0094H         LINE#         187
  C:0094H         LINE#         190
  C:009AH         LINE#         191
  C:00B0H         LINE#         192
  C:00B8H         LINE#         193
  C:00D1H         LINE#         194
  C:00DDH         LINE#         195
  C:00E0H         LINE#         196
BL51 BANKED LINKER/LOCATER V6.22.4.0                                                  06/15/2026  16:09:01  PAGE 23


  C:00E0H         LINE#         197
  C:00E7H         LINE#         198
  C:00EDH         LINE#         200
  C:00EDH         LINE#         201
  C:00EDH         LINE#         202
  C:00F3H         LINE#         203
  C:0109H         LINE#         204
  C:0111H         LINE#         205
  C:012AH         LINE#         206
  C:0136H         LINE#         207
  C:0139H         LINE#         208
  C:0139H         LINE#         209
  C:0140H         LINE#         210
  C:0146H         LINE#         212
  C:0146H         LINE#         213
  C:0146H         LINE#         214
  C:014CH         LINE#         215
  C:0162H         LINE#         216
  C:016AH         LINE#         217
  C:0183H         LINE#         218
  C:018FH         LINE#         219
  C:0192H         LINE#         220
  C:0192H         LINE#         221
  C:0199H         LINE#         222
  C:019EH         LINE#         224
  C:019EH         LINE#         225
  C:019EH         LINE#         226
  C:01A4H         LINE#         227
  C:01BAH         LINE#         228
  C:01C2H         LINE#         229
  C:01DAH         LINE#         230
  C:01E3H         LINE#         231
  C:01E5H         LINE#         232
  C:01E5H         LINE#         233
  C:01ECH         LINE#         234
  C:01F3H         LINE#         236
  C:01F3H         LINE#         237
  C:01F3H         LINE#         238
  C:01F3H         LINE#         239
  C:01FAH         LINE#         240
  C:0200H         LINE#         241
  C:0206H         LINE#         242
  C:020CH         LINE#         243
  C:0212H         LINE#         244
  C:0212H         LINE#         245
  C:0215H         LINE#         247
  C:0215H         LINE#         249
  C:021CH         LINE#         250
  C:0222H         LINE#         251
  C:0228H         LINE#         252
  C:022EH         LINE#         253
  C:0234H         LINE#         256
  C:0237H         LINE#         257
  C:023AH         LINE#         259
  C:023DH         LINE#         261
  C:0248H         LINE#         262
  C:024DH         LINE#         263
BL51 BANKED LINKER/LOCATER V6.22.4.0                                                  06/15/2026  16:09:01  PAGE 24


  C:024FH         LINE#         264
  C:024FH         LINE#         265
  C:024FH         LINE#         266
  C:0252H         LINE#         267
  C:0252H         LINE#         268
  C:0263H         LINE#         269
  C:0266H         LINE#         270
  C:0268H         LINE#         271
  C:0268H         LINE#         272
  C:0268H         LINE#         274
  C:0268H         LINE#         275
  C:0268H         LINE#         276
  C:0268H         LINE#         277
  C:0268H         LINE#         279
  C:026BH         LINE#         280
  C:026BH         LINE#         281
  C:0276H         LINE#         282
  C:0276H         LINE#         284
  C:0276H         LINE#         285
  C:0276H         LINE#         286
  C:0276H         LINE#         287
  C:0279H         LINE#         288
  C:0279H         LINE#         290
  C:027FH         LINE#         291
  C:0281H         LINE#         293
  C:0283H         LINE#         294
  C:0283H         LINE#         295
  C:0283H         LINE#         297
  C:0284H         LINE#         298
  C:0284H         LINE#         299
  C:028FH         LINE#         300
  C:028FH         LINE#         302
  C:028FH         LINE#         303
  C:028FH         LINE#         304
  C:028FH         LINE#         305
  C:0292H         LINE#         306
  C:0292H         LINE#         307
  C:0292H         LINE#         308
  C:0292H         LINE#         309
  C:0292H         LINE#         310
  C:0292H         LINE#         311
  C:0294H         LINE#         314
  C:0294H         LINE#         315
  C:0297H         LINE#         316
  C:029AH         LINE#         317
  C:02B8H         LINE#         318
  C:02BAH         LINE#         319
  C:02C1H         LINE#         321
  C:02D2H         LINE#         322
  C:02D4H         LINE#         323
  C:02D6H         LINE#         324
  C:02D7H         LINE#         325
  C:02D7H         LINE#         326
  C:02D9H         LINE#         327
  C:02D9H         LINE#         329
  C:02D9H         LINE#         330
  C:02D9H         LINE#         331
BL51 BANKED LINKER/LOCATER V6.22.4.0                                                  06/15/2026  16:09:01  PAGE 25


  C:02D9H         LINE#         332
  C:02D9H         LINE#         333
  C:02DBH         LINE#         334
  C:02DBH         LINE#         335
  C:02E6H         LINE#         336
  C:02EBH         LINE#         337
  C:02EDH         LINE#         338
  C:02EFH         LINE#         339
  C:02F1H         LINE#         340
  C:02F2H         LINE#         341
  C:02F2H         LINE#         342
  C:02F2H         LINE#         344
  C:02F2H         LINE#         345
  C:02F2H         LINE#         346
  C:02F2H         LINE#         347
  C:02F2H         LINE#         348
  C:02F2H         LINE#         350
  C:02F4H         LINE#         351
  C:02F4H         LINE#         352
  C:02F7H         LINE#         361
  C:030DH         LINE#         362
  C:030FH         LINE#         364
  C:0311H         LINE#         365
  C:0319H         LINE#         367
  C:0319H         LINE#         368
  C:0319H         LINE#         369
  C:0319H         LINE#         372
  C:031BH         LINE#         373
  C:031BH         LINE#         374
  C:0326H         LINE#         375
  C:0331H         LINE#         377
  C:0336H         LINE#         378
  C:033AH         LINE#         379
  C:033DH         LINE#         380
  C:033EH         LINE#         381
  C:033EH         LINE#         383
  C:0344H         LINE#         384
  C:0346H         LINE#         386
  C:0348H         LINE#         387
  C:034AH         LINE#         388
  C:034AH         LINE#         389
  C:034AH         LINE#         390
  C:034AH         LINE#         391
  C:034AH         LINE#         392
  -------         ENDPROC       STEP_TEST_L
  -------         PROC          INSTALL_SL
  C:034BH         LINE#         399
  C:034BH         LINE#         401
  C:0352H         LINE#         402
  C:0358H         LINE#         403
  C:035EH         LINE#         404
  C:0364H         LINE#         406
  C:0366H         LINE#         408
  C:0369H         LINE#         410
  C:036CH         LINE#         411
  C:036FH         LINE#         412
  C:036FH         LINE#         413
BL51 BANKED LINKER/LOCATER V6.22.4.0                                                  06/15/2026  16:09:01  PAGE 26


  C:0372H         LINE#         414
  C:0375H         LINE#         415
  C:0377H         LINE#         416
  C:037AH         LINE#         417
  C:037DH         LINE#         418
  C:037DH         LINE#         420
  C:0380H         LINE#         421
  C:0380H         LINE#         423
  C:0383H         LINE#         424
  C:0389H         LINE#         427
  C:038CH         LINE#         428
  C:038FH         LINE#         429
  C:038FH         LINE#         430
  C:0392H         LINE#         431
  C:0395H         LINE#         432
  C:0397H         LINE#         433
  C:039AH         LINE#         434
  C:039DH         LINE#         435
  C:039DH         LINE#         437
  C:03A0H         LINE#         438
  C:03A0H         LINE#         440
  C:03A3H         LINE#         441
  C:03A3H         LINE#         445
  C:03A8H         LINE#         446
  C:03ADH         LINE#         447
  C:03B0H         LINE#         448
  C:03B4H         LINE#         449
  C:03BBH         LINE#         450
  C:03BFH         LINE#         451
  C:03C1H         LINE#         452
  C:03C6H         LINE#         453
  C:03C9H         LINE#         454
  C:03CDH         LINE#         455
  C:03D4H         LINE#         456
  C:03D8H         LINE#         457
  C:03D8H         LINE#         459
  C:03D8H         LINE#         460
  C:03D8H         LINE#         462
  C:03D8H         LINE#         464
  C:03DBH         LINE#         465
  C:03DEH         LINE#         467
  C:03E1H         LINE#         468
  C:03E4H         LINE#         469
  C:03E4H         LINE#         470
  C:03E7H         LINE#         471
  C:03EAH         LINE#         472
  C:03ECH         LINE#         473
  C:03EFH         LINE#         474
  C:03F2H         LINE#         475
  C:03F2H         LINE#         477
  C:03F5H         LINE#         478
  C:03F5H         LINE#         480
  C:03F8H         LINE#         481
  C:03FEH         LINE#         484
  C:0401H         LINE#         485
  C:0404H         LINE#         486
  C:0404H         LINE#         487
BL51 BANKED LINKER/LOCATER V6.22.4.0                                                  06/15/2026  16:09:01  PAGE 27


  C:0407H         LINE#         488
  C:040AH         LINE#         489
  C:040CH         LINE#         490
  C:040FH         LINE#         491
  C:0412H         LINE#         492
  C:0412H         LINE#         494
  C:0415H         LINE#         495
  C:0415H         LINE#         497
  C:0418H         LINE#         498
  C:0418H         LINE#         502
  C:041DH         LINE#         503
  C:0422H         LINE#         504
  C:0425H         LINE#         505
  C:0429H         LINE#         506
  C:0430H         LINE#         507
  C:0434H         LINE#         508
  C:0436H         LINE#         509
  C:043BH         LINE#         510
  C:043EH         LINE#         511
  C:0442H         LINE#         512
  C:0449H         LINE#         513
  C:044DH         LINE#         514
  C:044DH         LINE#         516
  C:044DH         LINE#         517
  C:044DH         LINE#         519
  C:044DH         LINE#         521
  C:0450H         LINE#         522
  C:0453H         LINE#         524
  C:0456H         LINE#         525
  C:0459H         LINE#         526
  C:0459H         LINE#         527
  C:045CH         LINE#         528
  C:045FH         LINE#         529
  C:0461H         LINE#         530
  C:0464H         LINE#         531
  C:0467H         LINE#         532
  C:0467H         LINE#         534
  C:046AH         LINE#         535
  C:046AH         LINE#         537
  C:046DH         LINE#         538
  C:0473H         LINE#         541
  C:0476H         LINE#         542
  C:0479H         LINE#         543
  C:0479H         LINE#         544
  C:047CH         LINE#         545
  C:047FH         LINE#         546
  C:0481H         LINE#         547
  C:0484H         LINE#         548
  C:0487H         LINE#         549
  C:0487H         LINE#         551
  C:048AH         LINE#         552
  C:048AH         LINE#         554
  C:048DH         LINE#         555
  C:048DH         LINE#         559
  C:0492H         LINE#         560
  C:0497H         LINE#         561
  C:049AH         LINE#         562
BL51 BANKED LINKER/LOCATER V6.22.4.0                                                  06/15/2026  16:09:01  PAGE 28


  C:049EH         LINE#         563
  C:04A5H         LINE#         564
  C:04A9H         LINE#         565
  C:04ABH         LINE#         566
  C:04B0H         LINE#         567
  C:04B3H         LINE#         568
  C:04B7H         LINE#         569
  C:04BEH         LINE#         570
  C:04C2H         LINE#         571
  C:04C2H         LINE#         573
  C:04C2H         LINE#         574
  C:04C2H         LINE#         576
  C:04C2H         LINE#         578
  C:04C5H         LINE#         579
  C:04C8H         LINE#         581
  C:04CBH         LINE#         582
  C:04CEH         LINE#         583
  C:04CEH         LINE#         584
  C:04D1H         LINE#         585
  C:04D4H         LINE#         586
  C:04D6H         LINE#         587
  C:04D9H         LINE#         588
  C:04DCH         LINE#         589
  C:04DCH         LINE#         591
  C:04DFH         LINE#         592
  C:04DFH         LINE#         594
  C:04E2H         LINE#         595
  C:04E8H         LINE#         598
  C:04EBH         LINE#         599
  C:04EEH         LINE#         600
  C:04EEH         LINE#         601
  C:04F1H         LINE#         602
  C:04F4H         LINE#         603
  C:04F6H         LINE#         604
  C:04F9H         LINE#         605
  C:04FCH         LINE#         606
  C:04FCH         LINE#         608
  C:04FFH         LINE#         609
  C:04FFH         LINE#         611
  C:0502H         LINE#         612
  C:0502H         LINE#         616
  C:0507H         LINE#         617
  C:050CH         LINE#         618
  C:050FH         LINE#         619
  C:0513H         LINE#         620
  C:051AH         LINE#         621
  C:051EH         LINE#         622
  C:0520H         LINE#         623
  C:0525H         LINE#         624
  C:0528H         LINE#         625
  C:052CH         LINE#         626
  C:0533H         LINE#         627
  C:0537H         LINE#         628
  C:0537H         LINE#         630
  C:0537H         LINE#         631
  C:0537H         LINE#         633
  C:0537H         LINE#         634
BL51 BANKED LINKER/LOCATER V6.22.4.0                                                  06/15/2026  16:09:01  PAGE 29


  C:0539H         LINE#         635
  C:053BH         LINE#         636
  C:053DH         LINE#         637
  C:053FH         LINE#         638
  C:0542H         LINE#         639
  C:0545H         LINE#         641
  C:054EH         LINE#         642
  C:0550H         LINE#         643
  C:0552H         LINE#         644
  C:0554H         LINE#         645
  C:055CH         LINE#         647
  -------         ENDPROC       INSTALL_SL
  C:10C6H         SYMBOL        L?0178
  -------         PROC          L?0177
  -------         ENDPROC       L?0177
  C:10C6H         SYMBOL        L?0178
  -------         PROC          OPTIMAL_VALUE_SELECTION
  C:10CCH         LINE#         653
  C:10CCH         LINE#         655
  C:10E4H         LINE#         656
  C:10F0H         LINE#         658
  C:1108H         LINE#         659
  C:1114H         LINE#         661
  C:1122H         LINE#         662
  C:1124H         LINE#         663
  -------         ENDPROC       OPTIMAL_VALUE_SELECTION
  -------         PROC          SET_F_START_TEST_LX
  C:11FFH         LINE#         666
  C:11FFH         LINE#         667
  C:1202H         LINE#         668
  C:120AH         LINE#         669
  C:121AH         LINE#         671
  C:121AH         LINE#         672
  C:1221H         LINE#         673
  -------         ENDPROC       SET_F_START_TEST_LX
  -------         ENDMOD        TEST_SL_IPCL

  -------         MODULE        DATAPAGE
  -------         ENDMOD        DATAPAGE

  -------         MODULE        ?C?COPY
  C:0CAEH         PUBLIC        ?C?COPY
  -------         ENDMOD        ?C?COPY

Program Size: data=78.3 xdata=60 code=4740
LINK/LOCATE RUN COMPLETE.  0 WARNING(S),  0 ERROR(S)
