BL51 BANKED LINKER/LOCATER V6.22.4.0                                                    06/23/2026  13:51:19  PAGE 1


BL51 BANKED LINKER/LOCATER V6.22.4.0, INVOKED BY:
C:\KEIL_V5\C51\BIN\BL51.EXE .\Objects\STARTUP.obj, .\Objects\main_ipCL.obj, .\Objects\init_ipCL.obj, .\Objects\tpic_ipCL
>> .obj, .\Objects\uart0_ipCL.obj, .\Objects\work_PC_ipCL.obj, .\Objects\timers_ipCL.obj, .\Objects\test_SL_ipCL.obj, .\
>> Objects\DATAPAGE.obj TO .\Objects\ip_cl PRINT (.\Listings\ip_cl.m51) RAMSIZE (256)


MEMORY MODEL: SMALL


INPUT MODULES INCLUDED:
  .\Objects\STARTUP.obj (?C_STARTUP)
  .\Objects\main_ipCL.obj (MAIN_IPCL)
  .\Objects\init_ipCL.obj (INIT_IPCL)
  .\Objects\tpic_ipCL.obj (TPIC_IPCL)
  .\Objects\uart0_ipCL.obj (UART0_IPCL)
  .\Objects\work_PC_ipCL.obj (WORK_PC_IPCL)
  .\Objects\timers_ipCL.obj (TIMERS_IPCL)
  .\Objects\test_SL_ipCL.obj (TEST_SL_IPCL)
  .\Objects\DATAPAGE.obj (DATAPAGE)
  C:\KEIL_V5\C51\LIB\C51S.LIB (?C_INIT)
  C:\KEIL_V5\C51\LIB\C51S.LIB (?C?COPY)
  C:\KEIL_V5\C51\LIB\C51S.LIB (?C?ISTOPTR)
  C:\KEIL_V5\C51\LIB\C51S.LIB (?C?CCASE)


LINK MAP OF MODULE:  .\Objects\ip_cl (?C_STARTUP)


            TYPE    BASE      LENGTH    RELOCATION   SEGMENT NAME
            -----------------------------------------------------

            * * * * * * *   D A T A   M E M O R Y   * * * * * * *
            REG     0000H     0008H     ABSOLUTE     "REG BANK 0"
            DATA    0008H     0002H     UNIT         ?DT?RESET_SOURCES_INIT?INIT_IPCL
            DATA    000AH     0002H     UNIT         ?DT?STEP_TEST_L?TEST_SL_IPCL
            DATA    000CH     0001H     UNIT         ?DT?_DELAY_IPCL?TPIC_IPCL
            DATA    000DH     0001H     UNIT         ?DT?_OPTIMAL_VALUE_SELECTION?TEST_SL_IPCL
            DATA    000EH     0001H     UNIT         ?DT?TEST_SL_IPCL
                    000FH     0011H                  *** GAP ***
            DATA    0020H     0004H     BIT_ADDR     ?BA?MAIN_IPCL
            BIT     0024H.0   0001H.3   UNIT         ?BI?MAIN_IPCL
                    0025H.3   0000H.5                *** GAP ***
            DATA    0026H     0047H     UNIT         ?DT?MAIN_IPCL
            IDATA   006DH     0001H     UNIT         ?STACK

            * * * * * * *  X D A T A   M E M O R Y  * * * * * * *
            XDATA   0000H     003CH     UNIT         ?XD?MAIN_IPCL

            * * * * * * *   C O D E   M E M O R Y   * * * * * * *
            CODE    0000H     0003H     ABSOLUTE     
            CODE    0003H     001CH     UNIT         ?PR?INIT_IPCL?INIT_IPCL
            CODE    001FH     0004H     UNIT         ?PR?OSCILLATOR_INIT?INIT_IPCL
            CODE    0023H     0003H     ABSOLUTE     
            CODE    0026H     0004H     UNIT         ?PR?UART_INIT?INIT_IPCL
                    002AH     0001H                  *** GAP ***
            CODE    002BH     0003H     ABSOLUTE     
            CODE    002EH     0038H     UNIT         ?PR?TIMER_INIT?INIT_IPCL
            CODE    0066H     000BH     UNIT         ?PR?_DELAY_IPCL?TPIC_IPCL
BL51 BANKED LINKER/LOCATER V6.22.4.0                                                  06/23/2026  13:51:19  PAGE 2


                    0071H     0002H                  *** GAP ***
            CODE    0073H     0003H     ABSOLUTE     
            CODE    0076H     03CAH     UNIT         ?PR?STEP_TEST_L?TEST_SL_IPCL
            CODE    0440H     027EH     UNIT         ?PR?INSTALL_SL?TEST_SL_IPCL
            CODE    06BEH     0201H     UNIT         ?PR?WORK_PC?WORK_PC_IPCL
            CODE    08BFH     0200H     UNIT         ?CO?MAIN_IPCL
            CODE    0ABFH     01ADH     UNIT         ?PR?UART_0?UART0_IPCL
            CODE    0C6CH     015DH     UNIT         ?PR?MAIN?MAIN_IPCL
            CODE    0DC9H     0149H     UNIT         ?C?LIB_CODE
            CODE    0F12H     00C3H     UNIT         ?PR?SET_TPIC1?TPIC_IPCL
            CODE    0FD5H     00C3H     UNIT         ?PR?SET_TPIC2?TPIC_IPCL
            CODE    1098H     00A9H     UNIT         ?PR?_OPTIMAL_VALUE_SELECTION?TEST_SL_IPCL
            CODE    1141H     008CH     UNIT         ?C_C51STARTUP
            CODE    11CDH     0087H     UNIT         ?PR?INIT_V?INIT_IPCL
            CODE    1254H     0069H     UNIT         ?PR?SET_TEST_L1?TEST_SL_IPCL
            CODE    12BDH     0069H     UNIT         ?PR?SET_TEST_L2?TEST_SL_IPCL
            CODE    1326H     0069H     UNIT         ?PR?SET_TEST_L3?TEST_SL_IPCL
            CODE    138FH     0069H     UNIT         ?PR?SET_TEST_L4?TEST_SL_IPCL
            CODE    13F8H     0053H     UNIT         ?PR?TEST_IN_COMP?TEST_SL_IPCL
            CODE    144BH     004DH     UNIT         ?PR?DELAYED_RESPONSE_PC?WORK_PC_IPCL
            CODE    1498H     002CH     UNIT         ?PR?INT_TIMER_2?TIMERS_IPCL
            CODE    14C4H     002AH     UNIT         ?PR?RESET_SOURCES_INIT?INIT_IPCL
            CODE    14EEH     0029H     UNIT         ?PR?SET_F_START_TEST_LX?TEST_SL_IPCL
            CODE    1517H     0023H     UNIT         ?PR?PORT_IO_INIT?INIT_IPCL
            CODE    153AH     001AH     UNIT         ?PR?INT_TIMER_3?TIMERS_IPCL
            CODE    1554H     0014H     UNIT         ?PR?INTERRUPTS_INIT?INIT_IPCL
            CODE    1568H     0010H     UNIT         ?PR?PCA_INIT?INIT_IPCL
            CODE    1578H     000AH     UNIT         ?PR?DAC_INIT?INIT_IPCL
            CODE    1582H     0004H     UNIT         ?C_INITSEG
                    1586H     0879H                  *** GAP ***
            CODE    1DFFH     0001H     ABSOLUTE     



OVERLAY MAP OF MODULE:   .\Objects\ip_cl (?C_STARTUP)


SEGMENT
  +--> CALLED SEGMENT
---------------------
?C_C51STARTUP
  +--> ?PR?MAIN?MAIN_IPCL
  +--> ?C_INITSEG

?PR?MAIN?MAIN_IPCL
  +--> ?PR?INIT_IPCL?INIT_IPCL
  +--> ?PR?SET_TPIC1?TPIC_IPCL
  +--> ?PR?SET_TPIC2?TPIC_IPCL
  +--> ?PR?WORK_PC?WORK_PC_IPCL
  +--> ?PR?DELAYED_RESPONSE_PC?WORK_PC_IPCL
  +--> ?PR?TEST_IN_COMP?TEST_SL_IPCL
  +--> ?PR?STEP_TEST_L?TEST_SL_IPCL
  +--> ?PR?SET_TEST_L1?TEST_SL_IPCL
  +--> ?PR?SET_TEST_L2?TEST_SL_IPCL
  +--> ?PR?SET_TEST_L3?TEST_SL_IPCL
  +--> ?PR?SET_TEST_L4?TEST_SL_IPCL
  +--> ?PR?SET_F_START_TEST_LX?TEST_SL_IPCL
BL51 BANKED LINKER/LOCATER V6.22.4.0                                                  06/23/2026  13:51:19  PAGE 3



?PR?INIT_IPCL?INIT_IPCL
  +--> ?PR?OSCILLATOR_INIT?INIT_IPCL
  +--> ?PR?PCA_INIT?INIT_IPCL
  +--> ?PR?TIMER_INIT?INIT_IPCL
  +--> ?PR?UART_INIT?INIT_IPCL
  +--> ?PR?PORT_IO_INIT?INIT_IPCL
  +--> ?PR?DAC_INIT?INIT_IPCL
  +--> ?PR?RESET_SOURCES_INIT?INIT_IPCL
  +--> ?PR?INIT_V?INIT_IPCL
  +--> ?PR?INTERRUPTS_INIT?INIT_IPCL

?PR?SET_TPIC1?TPIC_IPCL
  +--> ?PR?_DELAY_IPCL?TPIC_IPCL

?PR?SET_TPIC2?TPIC_IPCL
  +--> ?PR?_DELAY_IPCL?TPIC_IPCL

?PR?WORK_PC?WORK_PC_IPCL
  +--> ?PR?INSTALL_SL?TEST_SL_IPCL
  +--> ?PR?SET_F_START_TEST_LX?TEST_SL_IPCL
  +--> ?PR?SET_TPIC1?TPIC_IPCL
  +--> ?PR?SET_TPIC2?TPIC_IPCL

?PR?INSTALL_SL?TEST_SL_IPCL
  +--> ?PR?SET_TEST_L1?TEST_SL_IPCL
  +--> ?PR?TEST_IN_COMP?TEST_SL_IPCL
  +--> ?PR?STEP_TEST_L?TEST_SL_IPCL
  +--> ?PR?_OPTIMAL_VALUE_SELECTION?TEST_SL_...
  +--> ?PR?SET_TEST_L2?TEST_SL_IPCL
  +--> ?PR?SET_TEST_L3?TEST_SL_IPCL
  +--> ?PR?SET_TEST_L4?TEST_SL_IPCL
  +--> ?PR?SET_TPIC1?TPIC_IPCL
  +--> ?PR?SET_TPIC2?TPIC_IPCL

?PR?SET_TEST_L1?TEST_SL_IPCL
  +--> ?PR?SET_TPIC1?TPIC_IPCL
  +--> ?PR?SET_TPIC2?TPIC_IPCL

?PR?SET_TEST_L2?TEST_SL_IPCL
  +--> ?PR?SET_TPIC1?TPIC_IPCL
  +--> ?PR?SET_TPIC2?TPIC_IPCL

?PR?SET_TEST_L3?TEST_SL_IPCL
  +--> ?PR?SET_TPIC1?TPIC_IPCL
  +--> ?PR?SET_TPIC2?TPIC_IPCL

?PR?SET_TEST_L4?TEST_SL_IPCL
  +--> ?PR?SET_TPIC1?TPIC_IPCL
  +--> ?PR?SET_TPIC2?TPIC_IPCL

*** NEW ROOT ***************************************************

?PR?UART_0?UART0_IPCL
  +--> ?CO?MAIN_IPCL


BL51 BANKED LINKER/LOCATER V6.22.4.0                                                  06/23/2026  13:51:19  PAGE 4



SYMBOL TABLE OF MODULE:  .\Objects\ip_cl (?C_STARTUP)

  VALUE           TYPE          NAME
  ----------------------------------

  -------         MODULE        ?C_STARTUP
  C:1141H         SEGMENT       ?C_C51STARTUP
  I:006DH         SEGMENT       ?STACK
  C:0000H         PUBLIC        ?C_STARTUP
  D:00E0H         SYMBOL        ACC
  D:00F0H         SYMBOL        B
  D:0083H         SYMBOL        DPH
  D:0082H         SYMBOL        DPL
  N:0000H         SYMBOL        IBPSTACK
  N:0100H         SYMBOL        IBPSTACKTOP
  N:0080H         SYMBOL        IDATALEN
  C:1144H         SYMBOL        IDATALOOP
  N:0000H         SYMBOL        PBPSTACK
  N:0100H         SYMBOL        PBPSTACKTOP
  N:0000H         SYMBOL        PDATALEN
  N:0000H         SYMBOL        PDATASTART
  N:0000H         SYMBOL        PPAGE
  N:0000H         SYMBOL        PPAGEENABLE
  D:00A0H         SYMBOL        PPAGE_SFR
  D:0081H         SYMBOL        SP
  C:1141H         SYMBOL        STARTUP1
  N:0000H         SYMBOL        XBPSTACK
  N:0000H         SYMBOL        XBPSTACKTOP
  N:0000H         SYMBOL        XDATALEN
  N:0000H         SYMBOL        XDATASTART
  C:0000H         LINE#         126
  C:1141H         LINE#         133
  C:1143H         LINE#         134
  C:1144H         LINE#         135
  C:1145H         LINE#         136
  C:1147H         LINE#         185
  C:114AH         LINE#         196
  -------         ENDMOD        ?C_STARTUP

  -------         MODULE        MAIN_IPCL
  C:0000H         SYMBOL        _ICE_DUMMY_
  D:0026H         PUBLIC        install_code_IDAC_2
  B:0020H.2       PUBLIC        gain_L1
  B:0020H.3       PUBLIC        gain_L2
  D:0080H         PUBLIC        P0
  B:0021H.2       PUBLIC        gain_L3
  D:0090H         PUBLIC        P1
  B:0024H.0       PUBLIC        F_end_test
  B:0021H.3       PUBLIC        gain_L4
  D:0028H         PUBLIC        Tx_counter_or_error
  D:0029H         PUBLIC        Rx_command_PC
  D:002AH         PUBLIC        Tx_command_PC
  D:002BH         PUBLIC        c_10ms
  B:00A8H.7       PUBLIC        EA
  D:002CH         PUBLIC        st_Rx_PC
  D:002DH         PUBLIC        Status_SL
BL51 BANKED LINKER/LOCATER V6.22.4.0                                                  06/23/2026  13:51:19  PAGE 5


  B:0020H.0       PUBLIC        rele_L1
  D:0039H         PUBLIC        st_Tx_PC
  B:0020H.1       PUBLIC        rele_L2
  B:0021H.0       PUBLIC        rele_L3
  B:0021H.1       PUBLIC        rele_L4
  D:003AH         PUBLIC        range
  D:003BH         PUBLIC        code_IDAC
  B:0024H.1       PUBLIC        F_run_com_PC
  D:003DH         PUBLIC        footim
  D:00ECH         PUBLIC        PCA0CPH2
  D:003FH         PUBLIC        c_sum_code
  D:0040H         PUBLIC        v_test
  D:0041H         PUBLIC        hold_code_IDAC
  D:0043H         PUBLIC        DacStartValueLines
  B:0024H.2       PUBLIC        F_run_test
  D:004BH         PUBLIC        c_bufRX_PC
  D:004CH         PUBLIC        Hi_code_IDAC
  D:004EH         PUBLIC        c_bufTX_PC
  D:004FH         PUBLIC        n_byte_Rx_PC
  D:0050H         PUBLIC        canal_test
  D:0051H         PUBLIC        n_byte_Tx_PC
  C:0C6CH         PUBLIC        main
  D:0052H         PUBLIC        div_f_start_dac
  D:0022H         PUBLIC        set_install
  B:0024H.3       PUBLIC        F_run_sum
  X:0000H         PUBLIC        c_in_comp_total
  D:0053H         PUBLIC        c_seconds
  B:0090H.4       PUBLIC        P_tpic1_G
  C:08BFH         PUBLIC        wCRCTable
  B:0024H.4       PUBLIC        F_load_idac
  B:0090H.0       PUBLIC        P_tpic2_G
  B:0024H.5       PUBLIC        F_hold_data_idac
  D:0054H         PUBLIC        sum_code_IDAC
  B:0024H.6       PUBLIC        F_div_f_start_dac
  B:0024H.7       PUBLIC        F_in_comp_on
  D:0056H         PUBLIC        test1_install
  D:0058H         PUBLIC        test2_install
  D:005AH         PUBLIC        set_canal_test
  B:0023H.0       PUBLIC        F_start_test_L1
  D:005EH         PUBLIC        set_rele
  B:0023H.1       PUBLIC        F_start_test_L2
  B:0023H.2       PUBLIC        F_start_test_L3
  B:0023H.3       PUBLIC        F_start_test_L4
  X:0002H         PUBLIC        bufRX_PC
  B:0025H.0       PUBLIC        F_delaed_response
  X:001BH         PUBLIC        c_in_comp1
  X:001DH         PUBLIC        bufTX_PC
  X:0036H         PUBLIC        c_in_comp2
  X:0038H         PUBLIC        c_in_comp3
  X:003AH         PUBLIC        c_in_comp4
  D:0020H         PUBLIC        tpic1
  D:0021H         PUBLIC        tpic2
  D:0062H         PUBLIC        v_PC
  B:0022H.0       PUBLIC        install_cahal_1
  B:0022H.1       PUBLIC        install_cahal_2
  B:0022H.2       PUBLIC        install_cahal_3
  B:0022H.3       PUBLIC        install_cahal_4
BL51 BANKED LINKER/LOCATER V6.22.4.0                                                  06/23/2026  13:51:19  PAGE 6


  B:0025H.1       PUBLIC        F_rise_step_idac
  B:0025H.2       PUBLIC        F_first_step
  B:0020H.4       PUBLIC        idac_L1
  B:0020H.5       PUBLIC        idac_L2
  D:0063H         PUBLIC        Status_Rele_SL
  B:0021H.4       PUBLIC        idac_L3
  B:0021H.5       PUBLIC        idac_L4
  D:0067H         PUBLIC        CRC_Rx_PC
  D:0069H         PUBLIC        CRC_Tx_PC
  D:0023H         PUBLIC        F_start_test
  D:006BH         PUBLIC        install_code_IDAC_1
  -------         PROC          MAIN
  C:0C6CH         LINE#         31
  C:0C6CH         LINE#         34
  C:0C6FH         LINE#         37
  C:0C77H         LINE#         38
  C:0C7FH         LINE#         39
  C:0C87H         LINE#         40
  C:0C8AH         LINE#         41
  C:0C8DH         LINE#         42
  C:0C8FH         LINE#         43
  C:0C91H         LINE#         46
  C:0C93H         LINE#         47
  C:0C95H         LINE#         66
  C:0C95H         LINE#         70
  C:0C98H         LINE#         72
  C:0C9BH         LINE#         73
  C:0C9DH         LINE#         74
  C:0CA0H         LINE#         75
  C:0CA0H         LINE#         77
  C:0CA3H         LINE#         81
  C:0CA6H         LINE#         82
  C:0CA9H         LINE#         84
  C:0CACH         LINE#         85
  C:0CAEH         LINE#         86
  C:0CB1H         LINE#         87
  C:0CB1H         LINE#         88
  C:0CB3H         LINE#         89
  C:0CB3H         LINE#         91
  C:0CB6H         LINE#         92
  C:0CB8H         LINE#         93
  C:0CBBH         LINE#         94
  C:0CC1H         LINE#         95
  C:0CC3H         LINE#         97
  C:0CC6H         LINE#         98
  C:0CC8H         LINE#         99
  C:0CCBH         LINE#         100
  C:0CD1H         LINE#         101
  C:0CD3H         LINE#         103
  C:0CD6H         LINE#         104
  C:0CD8H         LINE#         105
  C:0CDBH         LINE#         106
  C:0CE1H         LINE#         107
  C:0CE3H         LINE#         109
  C:0CE6H         LINE#         110
  C:0CE8H         LINE#         111
  C:0CEBH         LINE#         112
BL51 BANKED LINKER/LOCATER V6.22.4.0                                                  06/23/2026  13:51:19  PAGE 7


  C:0CF1H         LINE#         113
  C:0CF1H         LINE#         115
  C:0CF1H         LINE#         118
  C:0CF4H         LINE#         119
  C:0CF6H         LINE#         120
  C:0CF9H         LINE#         122
  C:0CFFH         LINE#         123
  C:0D02H         LINE#         124
  C:0D05H         LINE#         126
  C:0D0AH         LINE#         127
  C:0D11H         LINE#         128
  C:0D16H         LINE#         129
  C:0D18H         LINE#         130
  C:0D18H         LINE#         131
  C:0D1BH         LINE#         132
  C:0D1EH         LINE#         133
  C:0D21H         LINE#         134
  C:0D21H         LINE#         135
  C:0D23H         LINE#         136
  C:0D26H         LINE#         137
  C:0D29H         LINE#         141
  C:0D2CH         LINE#         142
  C:0D32H         LINE#         143
  C:0D35H         LINE#         144
  C:0D38H         LINE#         146
  C:0D3DH         LINE#         147
  C:0D44H         LINE#         148
  C:0D49H         LINE#         149
  C:0D4BH         LINE#         150
  C:0D4BH         LINE#         151
  C:0D4EH         LINE#         152
  C:0D51H         LINE#         153
  C:0D54H         LINE#         154
  C:0D54H         LINE#         155
  C:0D56H         LINE#         156
  C:0D59H         LINE#         157
  C:0D5CH         LINE#         158
  C:0D5EH         LINE#         159
  C:0D64H         LINE#         160
  C:0D67H         LINE#         161
  C:0D6AH         LINE#         163
  C:0D6FH         LINE#         164
  C:0D76H         LINE#         165
  C:0D7BH         LINE#         166
  C:0D7DH         LINE#         167
  C:0D7DH         LINE#         168
  C:0D80H         LINE#         169
  C:0D83H         LINE#         170
  C:0D86H         LINE#         171
  C:0D86H         LINE#         172
  C:0D88H         LINE#         173
  C:0D8BH         LINE#         174
  C:0D8EH         LINE#         175
  C:0D90H         LINE#         176
  C:0D96H         LINE#         177
  C:0D99H         LINE#         178
  C:0D9CH         LINE#         180
BL51 BANKED LINKER/LOCATER V6.22.4.0                                                  06/23/2026  13:51:19  PAGE 8


  C:0DA1H         LINE#         181
  C:0DA8H         LINE#         182
  C:0DADH         LINE#         183
  C:0DAFH         LINE#         184
  C:0DAFH         LINE#         185
  C:0DB2H         LINE#         186
  C:0DB5H         LINE#         187
  C:0DB8H         LINE#         188
  C:0DB8H         LINE#         189
  C:0DBAH         LINE#         190
  C:0DBDH         LINE#         191
  C:0DC0H         LINE#         192
  C:0DC0H         LINE#         194
  C:0DC3H         LINE#         196
  C:0DC5H         LINE#         197
  C:0DC5H         LINE#         200
  -------         ENDPROC       MAIN
  -------         ENDMOD        MAIN_IPCL

  -------         MODULE        INIT_IPCL
  C:0000H         SYMBOL        _ICE_DUMMY_
  D:0080H         PUBLIC        P0
  C:0003H         PUBLIC        init_ipCL
  D:0090H         PUBLIC        P1
  D:00E6H         PUBLIC        EIE1
  B:00A8H.7       PUBLIC        EA
  D:00A4H         PUBLIC        P0MDOUT
  C:11CDH         PUBLIC        init_v
  D:00CBH         PUBLIC        TMR2RLH
  D:0093H         PUBLIC        TMR3RLH
  B:0090H.7       PUBLIC        P_tpic1_DATA
  B:0090H.3       PUBLIC        P_tpic2_DATA
  D:00B9H         PUBLIC        IDA0CN
  D:00CAH         PUBLIC        TMR2RLL
  D:0092H         PUBLIC        TMR3RLL
  D:00ECH         PUBLIC        PCA0CPH2
  C:1517H         PUBLIC        Port_IO_Init
  D:00D9H         PUBLIC        PCA0MD
  D:00EBH         PUBLIC        PCA0CPL2
  C:001FH         PUBLIC        Oscillator_Init
  D:00E1H         PUBLIC        XBR0
  D:00E2H         PUBLIC        XBR1
  B:0090H.6       PUBLIC        P_tpic1_SRCK
  B:0090H.2       PUBLIC        P_tpic2_SRCK
  D:00FFH         PUBLIC        VDM0CN
  D:00F1H         PUBLIC        P0MDIN
  C:0026H         PUBLIC        UART_Init
  D:0089H         PUBLIC        TMOD
  D:00C8H         PUBLIC        TMR2CN
  D:00D4H         PUBLIC        P0SKIP
  D:0091H         PUBLIC        TMR3CN
  D:00D5H         PUBLIC        P1SKIP
  B:0090H.4       PUBLIC        P_tpic1_G
  B:0090H.0       PUBLIC        P_tpic2_G
  C:1554H         PUBLIC        Interrupts_Init
  B:0088H.1       PUBLIC        IE0
  C:1578H         PUBLIC        DAC_Init
BL51 BANKED LINKER/LOCATER V6.22.4.0                                                  06/23/2026  13:51:19  PAGE 9


  B:0088H.3       PUBLIC        IE1
  D:00B2H         PUBLIC        OSCICN
  C:14C4H         PUBLIC        Reset_Sources_Init
  D:0097H         PUBLIC        IDA0H
  B:00A8H.4       PUBLIC        ES0
  B:00A8H.1       PUBLIC        ET0
  B:00A8H.3       PUBLIC        ET1
  B:0088H.5       PUBLIC        TF0
  C:1568H         PUBLIC        PCA_Init
  B:00A8H.5       PUBLIC        ET2
  B:0088H.7       PUBLIC        TF1
  D:0096H         PUBLIC        IDA0L
  B:00A8H.0       PUBLIC        EX0
  B:0088H.0       PUBLIC        IT0
  D:008DH         PUBLIC        TH1
  B:00A8H.2       PUBLIC        EX1
  B:0088H.2       PUBLIC        IT1
  B:0090H.5       PUBLIC        P_tpic1_RCK
  B:0090H.1       PUBLIC        P_tpic2_RCK
  B:0088H.4       PUBLIC        TR0
  B:0088H.6       PUBLIC        TR1
  B:00A8H.6       PUBLIC        ESPI0
  D:00EFH         PUBLIC        RSTSRC
  D:0098H         PUBLIC        SCON0
  D:00CDH         PUBLIC        TMR2H
  D:0095H         PUBLIC        TMR3H
  D:008EH         PUBLIC        CKCON
  D:00CCH         PUBLIC        TMR2L
  D:0094H         PUBLIC        TMR3L
  C:002EH         PUBLIC        Timer_Init
  -------         PROC          OSCILLATOR_INIT
  C:001FH         LINE#         11
  C:001FH         LINE#         12
  C:001FH         LINE#         13
  C:0022H         LINE#         14
  -------         ENDPROC       OSCILLATOR_INIT
  -------         PROC          PORT_IO_INIT
  C:1517H         LINE#         18
  C:1517H         LINE#         19
  C:1517H         LINE#         38
  C:151AH         LINE#         39
  C:151DH         LINE#         40
  C:1520H         LINE#         41
  C:1523H         LINE#         42
  C:1526H         LINE#         43
  C:1529H         LINE#         44
  C:152BH         LINE#         45
  C:152DH         LINE#         46
  C:152FH         LINE#         47
  C:1531H         LINE#         48
  C:1533H         LINE#         49
  C:1535H         LINE#         50
  C:1537H         LINE#         51
  C:1539H         LINE#         52
  -------         ENDPROC       PORT_IO_INIT
  -------         PROC          TIMER_INIT
  C:002EH         LINE#         57
BL51 BANKED LINKER/LOCATER V6.22.4.0                                                  06/23/2026  13:51:19  PAGE 10


  C:002EH         LINE#         58
  C:002EH         LINE#         61
  C:0030H         LINE#         62
  C:0032H         LINE#         63
  C:0034H         LINE#         64
  C:0036H         LINE#         65
  C:0038H         LINE#         66
  C:003AH         LINE#         67
  C:003CH         LINE#         68
  C:003EH         LINE#         70
  C:0041H         LINE#         71
  C:0044H         LINE#         72
  C:0047H         LINE#         74
  C:004AH         LINE#         75
  C:004DH         LINE#         76
  C:0050H         LINE#         77
  C:0053H         LINE#         78
  C:0056H         LINE#         79
  C:0059H         LINE#         80
  C:005CH         LINE#         81
  C:005FH         LINE#         82
  C:0062H         LINE#         83
  C:0065H         LINE#         86
  -------         ENDPROC       TIMER_INIT
  -------         PROC          UART_INIT
  C:0026H         LINE#         89
  C:0026H         LINE#         90
  C:0026H         LINE#         91
  C:0029H         LINE#         92
  -------         ENDPROC       UART_INIT
  -------         PROC          DAC_INIT
  C:1578H         LINE#         95
  C:1578H         LINE#         96
  C:1578H         LINE#         97
  C:157BH         LINE#         99
  C:157EH         LINE#         100
  C:1581H         LINE#         101
  -------         ENDPROC       DAC_INIT
  -------         PROC          PCA_INIT
  C:1568H         LINE#         104
  C:1568H         LINE#         105
  C:1568H         LINE#         106
  C:156BH         LINE#         107
  C:156EH         LINE#         108
  C:1571H         LINE#         109
  C:1574H         LINE#         110
  C:1577H         LINE#         111
  -------         ENDPROC       PCA_INIT
  -------         PROC          RESET_SOURCES_INIT
  -------         DO            
  D:0008H         SYMBOL        i
  -------         ENDDO         
  C:14C4H         LINE#         114
  C:14C4H         LINE#         115
  C:14C4H         LINE#         116
  C:14CAH         LINE#         117
  C:14CDH         LINE#         118
BL51 BANKED LINKER/LOCATER V6.22.4.0                                                  06/23/2026  13:51:19  PAGE 11


  C:14EAH         LINE#         119
  C:14EDH         LINE#         120
  -------         ENDPROC       RESET_SOURCES_INIT
  -------         PROC          INTERRUPTS_INIT
  C:1554H         LINE#         124
  C:1554H         LINE#         125
  C:1554H         LINE#         127
  C:1556H         LINE#         128
  C:1558H         LINE#         129
  C:155AH         LINE#         130
  C:155CH         LINE#         131
  C:155EH         LINE#         132
  C:1560H         LINE#         133
  C:1562H         LINE#         134
  C:1564H         LINE#         136
  C:1567H         LINE#         137
  -------         ENDPROC       INTERRUPTS_INIT
  -------         PROC          INIT_V
  C:11CDH         LINE#         140
  C:11CDH         LINE#         142
  C:11D0H         LINE#         143
  C:11DCH         LINE#         144
  C:11E8H         LINE#         145
  C:11EEH         LINE#         146
  C:11F4H         LINE#         147
  C:11F6H         LINE#         148
  C:11F8H         LINE#         149
  C:11FAH         LINE#         150
  C:11FCH         LINE#         152
  C:11FEH         LINE#         153
  C:1200H         LINE#         154
  C:1203H         LINE#         155
  C:1206H         LINE#         157
  C:1208H         LINE#         161
  C:120FH         LINE#         162
  C:1215H         LINE#         163
  C:121BH         LINE#         164
  C:1221H         LINE#         165
  C:1223H         LINE#         166
  C:1227H         LINE#         167
  C:1229H         LINE#         168
  C:122BH         LINE#         169
  C:122DH         LINE#         170
  C:122FH         LINE#         171
  C:1231H         LINE#         172
  C:1233H         LINE#         173
  C:1235H         LINE#         174
  C:1237H         LINE#         175
  C:123DH         LINE#         176
  C:1243H         LINE#         177
  C:1249H         LINE#         178
  C:124FH         LINE#         179
  C:1251H         LINE#         180
  C:1253H         LINE#         182
  -------         ENDPROC       INIT_V
  -------         PROC          INIT_IPCL
  C:0003H         LINE#         185
BL51 BANKED LINKER/LOCATER V6.22.4.0                                                  06/23/2026  13:51:19  PAGE 12


  C:0003H         LINE#         186
  C:0003H         LINE#         187
  C:0006H         LINE#         188
  C:0009H         LINE#         189
  C:000CH         LINE#         190
  C:000FH         LINE#         191
  C:0012H         LINE#         192
  C:0015H         LINE#         193
  C:0018H         LINE#         194
  C:001BH         LINE#         195
  C:001EH         LINE#         196
  -------         ENDPROC       INIT_IPCL
  -------         ENDMOD        INIT_IPCL

  -------         MODULE        TPIC_IPCL
  C:0000H         SYMBOL        _ICE_DUMMY_
  D:0080H         PUBLIC        P0
  D:0090H         PUBLIC        P1
  B:0090H.7       PUBLIC        P_tpic1_DATA
  B:0090H.3       PUBLIC        P_tpic2_DATA
  C:0F12H         PUBLIC        set_tpic1
  C:0FD5H         PUBLIC        set_tpic2
  B:0090H.6       PUBLIC        P_tpic1_SRCK
  B:0090H.2       PUBLIC        P_tpic2_SRCK
  B:0090H.5       PUBLIC        P_tpic1_RCK
  B:0090H.1       PUBLIC        P_tpic2_RCK
  C:0066H         PUBLIC        _delay_ipCL
  -------         PROC          _DELAY_IPCL
  D:000CH         SYMBOL        v
  C:0066H         LINE#         6
  C:0068H         LINE#         7
  C:006CH         LINE#         8
  C:006EH         LINE#         9
  C:0070H         LINE#         10
  -------         ENDPROC       _DELAY_IPCL
  -------         PROC          SET_TPIC1
  C:0F12H         LINE#         15
  C:0F12H         LINE#         17
  C:0F1BH         LINE#         18
  C:0F1DH         LINE#         19
  C:0F22H         LINE#         20
  C:0F24H         LINE#         21
  C:0F27H         LINE#         22
  C:0F29H         LINE#         24
  C:0F32H         LINE#         25
  C:0F34H         LINE#         26
  C:0F39H         LINE#         27
  C:0F3BH         LINE#         28
  C:0F3EH         LINE#         29
  C:0F40H         LINE#         31
  C:0F49H         LINE#         32
  C:0F4BH         LINE#         33
  C:0F50H         LINE#         34
  C:0F52H         LINE#         35
  C:0F55H         LINE#         36
  C:0F57H         LINE#         38
  C:0F60H         LINE#         39
BL51 BANKED LINKER/LOCATER V6.22.4.0                                                  06/23/2026  13:51:19  PAGE 13


  C:0F62H         LINE#         40
  C:0F67H         LINE#         41
  C:0F69H         LINE#         42
  C:0F6CH         LINE#         43
  C:0F6EH         LINE#         45
  C:0F77H         LINE#         46
  C:0F79H         LINE#         47
  C:0F7EH         LINE#         48
  C:0F80H         LINE#         49
  C:0F83H         LINE#         50
  C:0F85H         LINE#         52
  C:0F8EH         LINE#         53
  C:0F90H         LINE#         54
  C:0F95H         LINE#         55
  C:0F97H         LINE#         56
  C:0F9AH         LINE#         57
  C:0F9CH         LINE#         59
  C:0FA5H         LINE#         60
  C:0FA7H         LINE#         61
  C:0FACH         LINE#         62
  C:0FAEH         LINE#         63
  C:0FB1H         LINE#         64
  C:0FB3H         LINE#         66
  C:0FBCH         LINE#         67
  C:0FBEH         LINE#         68
  C:0FC3H         LINE#         69
  C:0FC5H         LINE#         70
  C:0FC8H         LINE#         71
  C:0FCAH         LINE#         73
  C:0FCDH         LINE#         74
  C:0FCFH         LINE#         75
  C:0FD2H         LINE#         76
  C:0FD4H         LINE#         78
  -------         ENDPROC       SET_TPIC1
  -------         PROC          SET_TPIC2
  C:0FD5H         LINE#         82
  C:0FD5H         LINE#         84
  C:0FDEH         LINE#         85
  C:0FE0H         LINE#         86
  C:0FE5H         LINE#         87
  C:0FE7H         LINE#         88
  C:0FEAH         LINE#         89
  C:0FECH         LINE#         91
  C:0FF5H         LINE#         92
  C:0FF7H         LINE#         93
  C:0FFCH         LINE#         94
  C:0FFEH         LINE#         95
  C:1001H         LINE#         96
  C:1003H         LINE#         98
  C:100CH         LINE#         99
  C:100EH         LINE#         100
  C:1013H         LINE#         101
  C:1015H         LINE#         102
  C:1018H         LINE#         103
  C:101AH         LINE#         105
  C:1023H         LINE#         106
  C:1025H         LINE#         107
BL51 BANKED LINKER/LOCATER V6.22.4.0                                                  06/23/2026  13:51:19  PAGE 14


  C:102AH         LINE#         108
  C:102CH         LINE#         109
  C:102FH         LINE#         110
  C:1031H         LINE#         112
  C:103AH         LINE#         113
  C:103CH         LINE#         114
  C:1041H         LINE#         115
  C:1043H         LINE#         116
  C:1046H         LINE#         117
  C:1048H         LINE#         119
  C:1051H         LINE#         120
  C:1053H         LINE#         121
  C:1058H         LINE#         122
  C:105AH         LINE#         123
  C:105DH         LINE#         124
  C:105FH         LINE#         126
  C:1068H         LINE#         127
  C:106AH         LINE#         128
  C:106FH         LINE#         129
  C:1071H         LINE#         130
  C:1074H         LINE#         131
  C:1076H         LINE#         133
  C:107FH         LINE#         134
  C:1081H         LINE#         135
  C:1086H         LINE#         136
  C:1088H         LINE#         137
  C:108BH         LINE#         138
  C:108DH         LINE#         140
  C:1090H         LINE#         141
  C:1092H         LINE#         142
  C:1095H         LINE#         143
  C:1097H         LINE#         145
  -------         ENDPROC       SET_TPIC2
  -------         ENDMOD        TPIC_IPCL

  -------         MODULE        UART0_IPCL
  C:0000H         SYMBOL        _ICE_DUMMY_
  D:0080H         PUBLIC        P0
  D:0090H         PUBLIC        P1
  B:0098H.0       PUBLIC        RI0
  B:0098H.1       PUBLIC        TI0
  C:0ABFH         PUBLIC        uart_0
  D:0099H         PUBLIC        SBUF0
  -------         PROC          UART_0
  C:0ABFH         LINE#         7
  C:0AD2H         LINE#         10
  C:0AD8H         LINE#         12
  C:0ADAH         LINE#         13
  C:0ADDH         LINE#         15
  C:0AE1H         LINE#         16
  C:0AE6H         LINE#         17
  C:0AE9H         LINE#         18
  C:0AE9H         LINE#         20
  C:0AE9H         LINE#         23
  C:0B0AH         LINE#         25
  C:0B0DH         LINE#         27
  C:0B0DH         LINE#         28
BL51 BANKED LINKER/LOCATER V6.22.4.0                                                  06/23/2026  13:51:19  PAGE 15


  C:0B13H         LINE#         31
  C:0B13H         LINE#         32
  C:0B18H         LINE#         33
  C:0B1EH         LINE#         34
  C:0B21H         LINE#         35
  C:0B23H         LINE#         36
  C:0B25H         LINE#         37
  C:0B25H         LINE#         38
  C:0B2BH         LINE#         40
  C:0B2BH         LINE#         41
  C:0B2DH         LINE#         43
  C:0B2DH         LINE#         44
  C:0B30H         LINE#         45
  C:0B33H         LINE#         46
  C:0B35H         LINE#         48
  C:0B35H         LINE#         49
  C:0B3EH         LINE#         50
  C:0B3EH         LINE#         51
  C:0B45H         LINE#         52
  C:0B48H         LINE#         53
  C:0B4BH         LINE#         54
  C:0B4EH         LINE#         55
  C:0B50H         LINE#         56
  C:0B50H         LINE#         57
  C:0B56H         LINE#         59
  C:0B56H         LINE#         60
  C:0B56H         LINE#         61
  C:0B58H         LINE#         63
  C:0B58H         LINE#         64
  C:0B67H         LINE#         65
  C:0B69H         LINE#         66
  C:0B71H         LINE#         67
  C:0B73H         LINE#         69
  C:0B73H         LINE#         71
  C:0B79H         LINE#         72
  C:0B7FH         LINE#         76
  C:0B7FH         LINE#         80
  C:0B81H         LINE#         81
  C:0B87H         LINE#         84
  C:0B87H         LINE#         87
  C:0B8BH         LINE#         88
  C:0B8EH         LINE#         89
  C:0B91H         LINE#         90
  C:0BAEH         LINE#         94
  C:0BAEH         LINE#         98
  C:0BB4H         LINE#         99
  C:0BB6H         LINE#         101
  C:0BD1H         LINE#         103
  C:0BD1H         LINE#         104
  C:0BD7H         LINE#         105
  C:0BDDH         LINE#         106
  C:0BE0H         LINE#         107
  C:0BE2H         LINE#         109
  C:0BE2H         LINE#         110
  C:0BE8H         LINE#         111
  C:0BEBH         LINE#         112
  C:0BEDH         LINE#         114
BL51 BANKED LINKER/LOCATER V6.22.4.0                                                  06/23/2026  13:51:19  PAGE 16


  C:0BEDH         LINE#         115
  C:0BF3H         LINE#         116
  C:0BF7H         LINE#         117
  C:0BFAH         LINE#         118
  C:0BFDH         LINE#         119
  C:0BFFH         LINE#         120
  C:0C02H         LINE#         121
  C:0C04H         LINE#         123
  C:0C04H         LINE#         124
  C:0C16H         LINE#         125
  C:0C18H         LINE#         126
  C:0C20H         LINE#         128
  C:0C22H         LINE#         130
  C:0C22H         LINE#         131
  C:0C25H         LINE#         132
  C:0C2AH         LINE#         134
  C:0C2AH         LINE#         136
  C:0C2AH         LINE#         137
  C:0C2DH         LINE#         139
  C:0C32H         LINE#         141
  C:0C32H         LINE#         143
  C:0C34H         LINE#         148
  C:0C34H         LINE#         151
  C:0C38H         LINE#         152
  C:0C3BH         LINE#         153
  C:0C3EH         LINE#         154
  C:0C5BH         LINE#         156
  C:0C5BH         LINE#         158
  -------         ENDPROC       UART_0
  -------         ENDMOD        UART0_IPCL

  -------         MODULE        WORK_PC_IPCL
  C:0000H         SYMBOL        _ICE_DUMMY_
  D:0080H         PUBLIC        P0
  D:0090H         PUBLIC        P1
  D:00ECH         PUBLIC        PCA0CPH2
  C:144BH         PUBLIC        delayed_response_PC
  D:00C8H         PUBLIC        TMR2CN
  C:06BEH         PUBLIC        work_PC
  D:0097H         PUBLIC        IDA0H
  D:0096H         PUBLIC        IDA0L
  D:0099H         PUBLIC        SBUF0
  -------         PROC          WORK_PC
  C:06BEH         LINE#         8
  C:06BEH         LINE#         10
  C:06D6H         LINE#         11
  C:06D6H         LINE#         12
  C:06D9H         LINE#         13
  C:06E3H         LINE#         14
  C:06EDH         LINE#         15
  C:06F7H         LINE#         16
  C:0701H         LINE#         19
  C:0704H         LINE#         22
  C:0707H         LINE#         23
  C:070AH         LINE#         25
  C:072EH         LINE#         26
  C:0731H         LINE#         27
BL51 BANKED LINKER/LOCATER V6.22.4.0                                                  06/23/2026  13:51:19  PAGE 17


  C:0734H         LINE#         29
  C:0737H         LINE#         31
  C:0740H         LINE#         32
  C:0749H         LINE#         33
  C:0752H         LINE#         34
  C:075BH         LINE#         35
  C:075CH         LINE#         36
  C:075CH         LINE#         38
  C:075FH         LINE#         39
  C:0765H         LINE#         42
  C:076EH         LINE#         43
  C:0777H         LINE#         44
  C:0780H         LINE#         45
  C:0789H         LINE#         47
  C:0790H         LINE#         48
  C:0795H         LINE#         49
  C:079AH         LINE#         50
  C:079FH         LINE#         52
  C:07A1H         LINE#         54
  C:07A4H         LINE#         58
  C:07A5H         LINE#         59
  C:07A5H         LINE#         60
  C:07ADH         LINE#         61
  C:07B0H         LINE#         62
  C:07B3H         LINE#         63
  C:07B5H         LINE#         65
  C:07B8H         LINE#         66
  C:07BDH         LINE#         67
  C:07BFH         LINE#         68
  C:07C1H         LINE#         70
  C:07C4H         LINE#         71
  C:07C7H         LINE#         72
  C:07C7H         LINE#         73
  C:07C7H         LINE#         74
  C:07C9H         LINE#         75
  C:07C9H         LINE#         76
  C:07CCH         LINE#         77
  C:07CEH         LINE#         78
  C:07CEH         LINE#         79
  C:07D6H         LINE#         80
  C:07D9H         LINE#         81
  C:07DCH         LINE#         82
  C:07DEH         LINE#         84
  C:07E1H         LINE#         85
  C:07E6H         LINE#         86
  C:07E8H         LINE#         87
  C:07EAH         LINE#         89
  C:07EDH         LINE#         90
  C:07F0H         LINE#         91
  C:07F0H         LINE#         92
  C:07F0H         LINE#         93
  C:07F2H         LINE#         94
  C:07F2H         LINE#         95
  C:07F5H         LINE#         96
  C:07F7H         LINE#         97
  C:07F7H         LINE#         98
  C:07FFH         LINE#         99
BL51 BANKED LINKER/LOCATER V6.22.4.0                                                  06/23/2026  13:51:19  PAGE 18


  C:0802H         LINE#         100
  C:0805H         LINE#         101
  C:0807H         LINE#         103
  C:080AH         LINE#         104
  C:080FH         LINE#         105
  C:0811H         LINE#         106
  C:0813H         LINE#         108
  C:0816H         LINE#         109
  C:0819H         LINE#         110
  C:0819H         LINE#         111
  C:0819H         LINE#         112
  C:081BH         LINE#         113
  C:081BH         LINE#         114
  C:081EH         LINE#         115
  C:0820H         LINE#         116
  C:0820H         LINE#         117
  C:0828H         LINE#         118
  C:082BH         LINE#         119
  C:082EH         LINE#         120
  C:0830H         LINE#         122
  C:0833H         LINE#         123
  C:0838H         LINE#         124
  C:083AH         LINE#         125
  C:083CH         LINE#         127
  C:083FH         LINE#         128
  C:0842H         LINE#         129
  C:0842H         LINE#         130
  C:0842H         LINE#         131
  C:0844H         LINE#         132
  C:0844H         LINE#         133
  C:0847H         LINE#         134
  C:0849H         LINE#         135
  C:0849H         LINE#         137
  C:084CH         LINE#         138
  C:084FH         LINE#         140
  C:0855H         LINE#         141
  C:0859H         LINE#         142
  C:085DH         LINE#         143
  C:0861H         LINE#         144
  C:0864H         LINE#         145
  C:0867H         LINE#         147
  C:086AH         LINE#         150
  C:086DH         LINE#         151
  C:0870H         LINE#         152
  C:0873H         LINE#         154
  C:0874H         LINE#         155
  C:0874H         LINE#         157
  C:0877H         LINE#         158
  C:087AH         LINE#         160
  C:0880H         LINE#         161
  C:0884H         LINE#         162
  C:0888H         LINE#         163
  C:088CH         LINE#         164
  C:088FH         LINE#         165
  C:0892H         LINE#         167
  C:0895H         LINE#         168
  C:0896H         LINE#         169
BL51 BANKED LINKER/LOCATER V6.22.4.0                                                  06/23/2026  13:51:19  PAGE 19


  C:0896H         LINE#         171
  C:0899H         LINE#         173
  C:089CH         LINE#         176
  C:08A8H         LINE#         177
  C:08ADH         LINE#         178
  C:08B1H         LINE#         179
  C:08B5H         LINE#         180
  C:08B8H         LINE#         181
  C:08BBH         LINE#         183
  C:08BEH         LINE#         184
  C:08BEH         LINE#         185
  C:08BEH         LINE#         186
  C:08BEH         LINE#         187
  C:08BEH         LINE#         189
  -------         ENDPROC       WORK_PC
  -------         PROC          DELAYED_RESPONSE_PC
  C:144BH         LINE#         191
  C:144BH         LINE#         192
  C:144EH         LINE#         194
  C:145FH         LINE#         196
  C:145FH         LINE#         199
  C:1461H         LINE#         202
  C:1464H         LINE#         203
  C:1467H         LINE#         205
  C:148BH         LINE#         206
  C:148EH         LINE#         207
  C:1491H         LINE#         209
  C:1494H         LINE#         211
  C:1497H         LINE#         212
  C:1497H         LINE#         214
  -------         ENDPROC       DELAYED_RESPONSE_PC
  -------         ENDMOD        WORK_PC_IPCL

  -------         MODULE        TIMERS_IPCL
  C:0000H         SYMBOL        _ICE_DUMMY_
  D:0080H         PUBLIC        P0
  D:0090H         PUBLIC        P1
  B:00C8H.7       PUBLIC        TF2H
  D:0091H         PUBLIC        TMR3CN
  C:1498H         PUBLIC        INT_Timer_2
  C:153AH         PUBLIC        INT_Timer_3
  -------         PROC          INT_TIMER_2
  C:1498H         LINE#         15
  C:149CH         LINE#         19
  C:149EH         LINE#         20
  C:14A6H         LINE#         23
  C:14AAH         LINE#         24
  C:14ADH         LINE#         25
  C:14B4H         LINE#         26
  C:14B7H         LINE#         27
  C:14B9H         LINE#         28
  C:14BBH         LINE#         34
  C:14BDH         LINE#         35
  C:14BFH         LINE#         36
  -------         ENDPROC       INT_TIMER_2
  -------         PROC          INT_TIMER_3
  C:153AH         LINE#         47
BL51 BANKED LINKER/LOCATER V6.22.4.0                                                  06/23/2026  13:51:19  PAGE 20


  C:153EH         LINE#         50
  C:1541H         LINE#         51
  C:1543H         LINE#         52
  C:154AH         LINE#         53
  C:154DH         LINE#         54
  C:154FH         LINE#         56
  C:154FH         LINE#         67
  -------         ENDPROC       INT_TIMER_3
  -------         ENDMOD        TIMERS_IPCL

  -------         MODULE        TEST_SL_IPCL
  C:0000H         SYMBOL        _ICE_DUMMY_
  D:0080H         PUBLIC        P0
  D:0090H         PUBLIC        P1
  C:13F8H         PUBLIC        test_in_comp
  C:0076H         PUBLIC        step_test_L
  D:00ECH         PUBLIC        PCA0CPH2
  C:1098H         PUBLIC        _optimal_value_selection
  D:0097H         PUBLIC        IDA0H
  D:0096H         PUBLIC        IDA0L
  C:1254H         PUBLIC        set_test_L1
  C:12BDH         PUBLIC        set_test_L2
  C:1326H         PUBLIC        set_test_L3
  C:138FH         PUBLIC        set_test_L4
  B:0080H.7       PUBLIC        P_in_L1
  B:0080H.6       PUBLIC        P_in_L2
  B:0080H.3       PUBLIC        P_in_L3
  D:000EH         PUBLIC        i
  B:0080H.2       PUBLIC        P_in_L4
  C:14EEH         PUBLIC        set_f_start_test_Lx
  C:0440H         PUBLIC        install_SL
  -------         PROC          TEST_IN_COMP
  C:13F8H         LINE#         9
  C:13F8H         LINE#         13
  C:13FBH         LINE#         14
  C:1409H         LINE#         15
  C:1409H         LINE#         17
  C:140CH         LINE#         18
  C:141AH         LINE#         19
  C:141AH         LINE#         21
  C:141DH         LINE#         22
  C:142BH         LINE#         23
  C:142BH         LINE#         25
  C:142EH         LINE#         26
  C:143CH         LINE#         27
  C:143CH         LINE#         29
  C:144AH         LINE#         30
  -------         ENDPROC       TEST_IN_COMP
  -------         PROC          SET_TEST_L1
  C:1254H         LINE#         34
  C:1254H         LINE#         37
  C:1260H         LINE#         38
  C:126CH         LINE#         39
  C:1276H         LINE#         41
  C:1279H         LINE#         42
  C:127BH         LINE#         43
  C:127DH         LINE#         44
BL51 BANKED LINKER/LOCATER V6.22.4.0                                                  06/23/2026  13:51:19  PAGE 21


  C:127FH         LINE#         45
  C:1281H         LINE#         47
  C:1287H         LINE#         49
  C:128AH         LINE#         50
  C:128DH         LINE#         52
  C:1290H         LINE#         53
  C:1293H         LINE#         54
  C:1295H         LINE#         55
  C:1297H         LINE#         56
  C:1299H         LINE#         58
  C:129BH         LINE#         59
  C:12A1H         LINE#         61
  C:12A8H         LINE#         62
  C:12AEH         LINE#         63
  C:12B0H         LINE#         64
  C:12B4H         LINE#         65
  C:12B6H         LINE#         66
  C:12B8H         LINE#         67
  C:12BAH         LINE#         68
  C:12BCH         LINE#         69
  -------         ENDPROC       SET_TEST_L1
  -------         PROC          SET_TEST_L2
  C:12BDH         LINE#         71
  C:12BDH         LINE#         74
  C:12C9H         LINE#         75
  C:12D5H         LINE#         76
  C:12DFH         LINE#         78
  C:12E2H         LINE#         79
  C:12E4H         LINE#         80
  C:12E6H         LINE#         81
  C:12E8H         LINE#         82
  C:12EAH         LINE#         84
  C:12F0H         LINE#         86
  C:12F3H         LINE#         87
  C:12F6H         LINE#         89
  C:12F9H         LINE#         90
  C:12FCH         LINE#         91
  C:12FEH         LINE#         92
  C:1300H         LINE#         93
  C:1302H         LINE#         95
  C:1304H         LINE#         96
  C:130AH         LINE#         98
  C:1311H         LINE#         99
  C:1317H         LINE#         100
  C:1319H         LINE#         101
  C:131DH         LINE#         102
  C:131FH         LINE#         103
  C:1321H         LINE#         104
  C:1323H         LINE#         105
  C:1325H         LINE#         106
  -------         ENDPROC       SET_TEST_L2
  -------         PROC          SET_TEST_L3
  C:1326H         LINE#         108
  C:1326H         LINE#         111
  C:1332H         LINE#         112
  C:133EH         LINE#         113
  C:1348H         LINE#         115
BL51 BANKED LINKER/LOCATER V6.22.4.0                                                  06/23/2026  13:51:19  PAGE 22


  C:134BH         LINE#         116
  C:134DH         LINE#         117
  C:134FH         LINE#         118
  C:1351H         LINE#         119
  C:1353H         LINE#         121
  C:1359H         LINE#         123
  C:135CH         LINE#         124
  C:135FH         LINE#         125
  C:1362H         LINE#         126
  C:1365H         LINE#         127
  C:1367H         LINE#         128
  C:1369H         LINE#         129
  C:136BH         LINE#         131
  C:136DH         LINE#         132
  C:1373H         LINE#         134
  C:137AH         LINE#         135
  C:1380H         LINE#         136
  C:1382H         LINE#         137
  C:1386H         LINE#         138
  C:1388H         LINE#         139
  C:138AH         LINE#         140
  C:138CH         LINE#         141
  C:138EH         LINE#         142
  -------         ENDPROC       SET_TEST_L3
  -------         PROC          SET_TEST_L4
  C:138FH         LINE#         144
  C:138FH         LINE#         147
  C:139BH         LINE#         148
  C:13A7H         LINE#         149
  C:13B1H         LINE#         151
  C:13B4H         LINE#         152
  C:13B6H         LINE#         153
  C:13B8H         LINE#         154
  C:13BAH         LINE#         155
  C:13BCH         LINE#         157
  C:13C2H         LINE#         159
  C:13C5H         LINE#         160
  C:13C8H         LINE#         161
  C:13CBH         LINE#         162
  C:13CEH         LINE#         163
  C:13D0H         LINE#         164
  C:13D2H         LINE#         165
  C:13D4H         LINE#         167
  C:13D6H         LINE#         168
  C:13DCH         LINE#         170
  C:13E3H         LINE#         171
  C:13E9H         LINE#         172
  C:13EBH         LINE#         173
  C:13EFH         LINE#         174
  C:13F1H         LINE#         175
  C:13F3H         LINE#         176
  C:13F5H         LINE#         177
  C:13F7H         LINE#         178
  -------         ENDPROC       SET_TEST_L4
  -------         PROC          STEP_TEST_L
  -------         DO            
  D:000AH         SYMBOL        v_in_comp
BL51 BANKED LINKER/LOCATER V6.22.4.0                                                  06/23/2026  13:51:19  PAGE 23


  -------         ENDDO         
  C:0076H         LINE#         182
  C:0076H         LINE#         186
  C:0079H         LINE#         187
  C:007BH         LINE#         189
  C:0082H         LINE#         190
  C:0088H         LINE#         191
  C:008EH         LINE#         192
  C:0094H         LINE#         193
  C:009BH         LINE#         195
  C:009BH         LINE#         198
  C:00A1H         LINE#         199
  C:00B6H         LINE#         200
  C:00BFH         LINE#         203
  C:00DCH         LINE#         204
  C:00DEH         LINE#         205
  C:00E1H         LINE#         206
  C:00F4H         LINE#         207
  C:00F6H         LINE#         208
  C:00F6H         LINE#         209
  C:00F9H         LINE#         210
  C:00F9H         LINE#         211
  C:0100H         LINE#         212
  C:0107H         LINE#         214
  C:0107H         LINE#         215
  C:010AH         LINE#         216
  C:0110H         LINE#         217
  C:0125H         LINE#         218
  C:012EH         LINE#         219
  C:0150H         LINE#         220
  C:0165H         LINE#         221
  C:0168H         LINE#         222
  C:0168H         LINE#         223
  C:016FH         LINE#         224
  C:0176H         LINE#         226
  C:0176H         LINE#         227
  C:0179H         LINE#         228
  C:017FH         LINE#         229
  C:0194H         LINE#         230
  C:019DH         LINE#         231
  C:01BFH         LINE#         232
  C:01D4H         LINE#         233
  C:01D7H         LINE#         234
  C:01D7H         LINE#         235
  C:01DEH         LINE#         236
  C:01E5H         LINE#         238
  C:01E5H         LINE#         239
  C:01E8H         LINE#         240
  C:01EEH         LINE#         241
  C:0203H         LINE#         242
  C:020CH         LINE#         243
  C:022DH         LINE#         244
  C:023FH         LINE#         245
  C:0241H         LINE#         246
  C:0241H         LINE#         247
  C:0248H         LINE#         248
  C:024FH         LINE#         250
BL51 BANKED LINKER/LOCATER V6.22.4.0                                                  06/23/2026  13:51:19  PAGE 24


  C:024FH         LINE#         251
  C:0251H         LINE#         252
  C:0251H         LINE#         253
  C:0258H         LINE#         254
  C:025EH         LINE#         255
  C:0264H         LINE#         256
  C:026AH         LINE#         257
  C:0270H         LINE#         258
  C:0272H         LINE#         259
  C:0275H         LINE#         261
  C:0275H         LINE#         263
  C:027CH         LINE#         264
  C:0282H         LINE#         265
  C:0288H         LINE#         266
  C:028EH         LINE#         267
  C:0294H         LINE#         270
  C:029AH         LINE#         271
  C:029DH         LINE#         273
  C:02A0H         LINE#         275
  C:02ABH         LINE#         276
  C:02B1H         LINE#         277
  C:02B3H         LINE#         278
  C:02B5H         LINE#         279
  C:02B7H         LINE#         280
  C:02B8H         LINE#         281
  C:02B8H         LINE#         283
  C:02C9H         LINE#         284
  C:02CCH         LINE#         285
  C:02CEH         LINE#         286
  C:02D0H         LINE#         287
  C:02DCH         LINE#         289
  C:02E1H         LINE#         290
  C:02E6H         LINE#         291
  C:02E9H         LINE#         292
  C:02E9H         LINE#         294
  C:02EAH         LINE#         295
  C:02EAH         LINE#         297
  C:02F5H         LINE#         298
  C:0300H         LINE#         300
  C:0305H         LINE#         301
  C:030AH         LINE#         302
  C:030DH         LINE#         303
  C:030EH         LINE#         304
  C:030EH         LINE#         306
  C:0314H         LINE#         307
  C:0316H         LINE#         309
  C:0318H         LINE#         310
  C:0318H         LINE#         311
  C:0318H         LINE#         313
  C:0319H         LINE#         314
  C:0319H         LINE#         315
  C:0324H         LINE#         316
  C:0330H         LINE#         318
  C:0335H         LINE#         319
  C:033AH         LINE#         320
  C:033DH         LINE#         321
  C:033EH         LINE#         322
BL51 BANKED LINKER/LOCATER V6.22.4.0                                                  06/23/2026  13:51:19  PAGE 25


  C:033EH         LINE#         323
  C:0340H         LINE#         324
  C:0342H         LINE#         325
  C:0342H         LINE#         326
  C:0342H         LINE#         327
  C:0343H         LINE#         330
  C:0343H         LINE#         331
  C:0349H         LINE#         332
  C:034CH         LINE#         333
  C:036BH         LINE#         334
  C:036DH         LINE#         335
  C:0374H         LINE#         337
  C:0385H         LINE#         338
  C:0387H         LINE#         339
  C:0389H         LINE#         340
  C:038AH         LINE#         341
  C:038AH         LINE#         342
  C:038CH         LINE#         343
  C:0397H         LINE#         345
  C:039CH         LINE#         346
  C:03A1H         LINE#         347
  C:03A4H         LINE#         348
  C:03A4H         LINE#         349
  C:03A5H         LINE#         350
  C:03A5H         LINE#         351
  C:03B0H         LINE#         352
  C:03B6H         LINE#         353
  C:03B8H         LINE#         354
  C:03BAH         LINE#         355
  C:03BCH         LINE#         356
  C:03BDH         LINE#         357
  C:03BDH         LINE#         358
  C:03C9H         LINE#         360
  C:03CEH         LINE#         361
  C:03D3H         LINE#         362
  C:03D6H         LINE#         363
  C:03D6H         LINE#         364
  C:03D6H         LINE#         366
  C:03D7H         LINE#         367
  C:03D7H         LINE#         368
  C:03DAH         LINE#         377
  C:03F1H         LINE#         378
  C:03F3H         LINE#         380
  C:03F5H         LINE#         381
  C:0401H         LINE#         383
  C:0406H         LINE#         384
  C:040BH         LINE#         385
  C:040EH         LINE#         388
  C:040FH         LINE#         389
  C:040FH         LINE#         391
  C:041AH         LINE#         392
  C:0425H         LINE#         394
  C:042AH         LINE#         395
  C:042FH         LINE#         396
  C:0432H         LINE#         397
  C:0433H         LINE#         398
  C:0433H         LINE#         400
BL51 BANKED LINKER/LOCATER V6.22.4.0                                                  06/23/2026  13:51:19  PAGE 26


  C:0439H         LINE#         401
  C:043BH         LINE#         403
  C:043DH         LINE#         404
  C:043FH         LINE#         405
  C:043FH         LINE#         406
  C:043FH         LINE#         407
  C:043FH         LINE#         408
  C:043FH         LINE#         409
  -------         ENDPROC       STEP_TEST_L
  -------         PROC          INSTALL_SL
  C:0440H         LINE#         416
  C:0440H         LINE#         418
  C:0449H         LINE#         419
  C:0452H         LINE#         420
  C:045BH         LINE#         421
  C:0464H         LINE#         423
  C:0467H         LINE#         425
  C:046DH         LINE#         427
  C:0470H         LINE#         428
  C:0473H         LINE#         429
  C:0473H         LINE#         430
  C:0476H         LINE#         431
  C:0479H         LINE#         432
  C:047BH         LINE#         433
  C:047EH         LINE#         434
  C:0481H         LINE#         435
  C:0481H         LINE#         437
  C:0486H         LINE#         438
  C:0488H         LINE#         440
  C:048BH         LINE#         441
  C:0491H         LINE#         444
  C:0494H         LINE#         445
  C:0497H         LINE#         446
  C:0497H         LINE#         447
  C:049AH         LINE#         448
  C:049DH         LINE#         449
  C:049FH         LINE#         450
  C:04A2H         LINE#         451
  C:04A5H         LINE#         452
  C:04A5H         LINE#         454
  C:04AAH         LINE#         455
  C:04ACH         LINE#         457
  C:04AFH         LINE#         458
  C:04B5H         LINE#         462
  C:04BCH         LINE#         463
  C:04C1H         LINE#         464
  C:04C4H         LINE#         465
  C:04C9H         LINE#         466
  C:04D0H         LINE#         467
  C:04D5H         LINE#         468
  C:04D7H         LINE#         469
  C:04DCH         LINE#         470
  C:04DFH         LINE#         471
  C:04E4H         LINE#         472
  C:04EBH         LINE#         473
  C:04F0H         LINE#         474
  C:04F0H         LINE#         475
BL51 BANKED LINKER/LOCATER V6.22.4.0                                                  06/23/2026  13:51:19  PAGE 27


  C:04F0H         LINE#         476
  C:04F0H         LINE#         478
  C:04F0H         LINE#         480
  C:04F3H         LINE#         481
  C:04F9H         LINE#         483
  C:04FCH         LINE#         484
  C:04FFH         LINE#         485
  C:04FFH         LINE#         486
  C:0502H         LINE#         487
  C:0505H         LINE#         488
  C:0507H         LINE#         489
  C:050AH         LINE#         490
  C:050DH         LINE#         491
  C:050DH         LINE#         493
  C:0512H         LINE#         494
  C:0514H         LINE#         496
  C:0517H         LINE#         497
  C:051DH         LINE#         500
  C:0520H         LINE#         501
  C:0523H         LINE#         502
  C:0523H         LINE#         503
  C:0526H         LINE#         504
  C:0529H         LINE#         505
  C:052BH         LINE#         506
  C:052EH         LINE#         507
  C:0531H         LINE#         508
  C:0531H         LINE#         510
  C:0536H         LINE#         511
  C:0538H         LINE#         513
  C:053BH         LINE#         514
  C:0541H         LINE#         518
  C:0548H         LINE#         519
  C:054DH         LINE#         520
  C:0550H         LINE#         521
  C:0555H         LINE#         522
  C:055CH         LINE#         523
  C:0561H         LINE#         524
  C:0563H         LINE#         525
  C:0568H         LINE#         526
  C:056BH         LINE#         527
  C:0570H         LINE#         528
  C:0577H         LINE#         529
  C:057CH         LINE#         530
  C:057CH         LINE#         532
  C:057CH         LINE#         533
  C:057CH         LINE#         535
  C:057CH         LINE#         537
  C:057FH         LINE#         538
  C:0585H         LINE#         540
  C:0588H         LINE#         541
  C:058BH         LINE#         542
  C:058BH         LINE#         543
  C:058EH         LINE#         544
  C:0591H         LINE#         545
  C:0593H         LINE#         546
  C:0596H         LINE#         547
  C:0599H         LINE#         548
BL51 BANKED LINKER/LOCATER V6.22.4.0                                                  06/23/2026  13:51:19  PAGE 28


  C:0599H         LINE#         550
  C:059EH         LINE#         551
  C:05A0H         LINE#         553
  C:05A3H         LINE#         554
  C:05A9H         LINE#         557
  C:05ACH         LINE#         558
  C:05AFH         LINE#         559
  C:05AFH         LINE#         560
  C:05B2H         LINE#         561
  C:05B5H         LINE#         562
  C:05B7H         LINE#         563
  C:05BAH         LINE#         564
  C:05BDH         LINE#         565
  C:05BDH         LINE#         567
  C:05C2H         LINE#         568
  C:05C4H         LINE#         570
  C:05C7H         LINE#         571
  C:05CDH         LINE#         575
  C:05D4H         LINE#         576
  C:05D9H         LINE#         577
  C:05DCH         LINE#         578
  C:05E1H         LINE#         579
  C:05E8H         LINE#         580
  C:05EDH         LINE#         581
  C:05EFH         LINE#         582
  C:05F4H         LINE#         583
  C:05F7H         LINE#         584
  C:05FCH         LINE#         585
  C:0603H         LINE#         586
  C:0608H         LINE#         587
  C:0608H         LINE#         589
  C:0608H         LINE#         590
  C:0608H         LINE#         592
  C:0608H         LINE#         594
  C:060BH         LINE#         595
  C:0611H         LINE#         597
  C:0614H         LINE#         598
  C:0617H         LINE#         599
  C:0617H         LINE#         600
  C:061AH         LINE#         601
  C:061DH         LINE#         602
  C:061FH         LINE#         603
  C:0622H         LINE#         604
  C:0625H         LINE#         605
  C:0625H         LINE#         607
  C:062AH         LINE#         608
  C:062CH         LINE#         610
  C:062FH         LINE#         611
  C:0635H         LINE#         614
  C:0638H         LINE#         615
  C:063BH         LINE#         616
  C:063BH         LINE#         617
  C:063EH         LINE#         618
  C:0641H         LINE#         619
  C:0643H         LINE#         620
  C:0646H         LINE#         621
  C:0649H         LINE#         622
BL51 BANKED LINKER/LOCATER V6.22.4.0                                                  06/23/2026  13:51:19  PAGE 29


  C:0649H         LINE#         624
  C:064EH         LINE#         625
  C:0650H         LINE#         627
  C:0653H         LINE#         628
  C:0659H         LINE#         632
  C:0660H         LINE#         633
  C:0665H         LINE#         634
  C:0668H         LINE#         635
  C:066DH         LINE#         636
  C:0674H         LINE#         637
  C:0679H         LINE#         638
  C:067BH         LINE#         639
  C:0680H         LINE#         640
  C:0683H         LINE#         641
  C:0688H         LINE#         642
  C:068FH         LINE#         643
  C:0694H         LINE#         644
  C:0694H         LINE#         646
  C:0694H         LINE#         647
  C:0694H         LINE#         649
  C:0694H         LINE#         650
  C:0696H         LINE#         651
  C:0698H         LINE#         652
  C:069AH         LINE#         653
  C:069CH         LINE#         654
  C:069FH         LINE#         655
  C:06A2H         LINE#         657
  C:06AEH         LINE#         658
  C:06B1H         LINE#         659
  C:06B3H         LINE#         660
  C:06B5H         LINE#         661
  C:06BDH         LINE#         663
  -------         ENDPROC       INSTALL_SL
  -------         PROC          _OPTIMAL_VALUE_SELECTION
  D:000DH         SYMBOL        chNumber
  C:1098H         LINE#         669
  C:109AH         LINE#         671
  C:10B3H         LINE#         672
  C:10BFH         LINE#         674
  C:10D8H         LINE#         675
  C:10E4H         LINE#         677
  C:10EFH         LINE#         678
  C:1115H         LINE#         679
  C:1118H         LINE#         680
  C:1118H         LINE#         681
  C:1118H         LINE#         682
  C:113EH         LINE#         683
  C:1140H         LINE#         684
  C:1140H         LINE#         685
  -------         ENDPROC       _OPTIMAL_VALUE_SELECTION
  -------         PROC          SET_F_START_TEST_LX
  C:14EEH         LINE#         691
  C:14EEH         LINE#         692
  C:14F8H         LINE#         693
  C:1502H         LINE#         694
  C:1512H         LINE#         696
  C:1512H         LINE#         697
BL51 BANKED LINKER/LOCATER V6.22.4.0                                                  06/23/2026  13:51:19  PAGE 30


  C:1516H         LINE#         698
  -------         ENDPROC       SET_F_START_TEST_LX
  -------         ENDMOD        TEST_SL_IPCL

  -------         MODULE        DATAPAGE
  -------         ENDMOD        DATAPAGE

  -------         MODULE        ?C?COPY
  C:0E99H         PUBLIC        ?C?COPY
  -------         ENDMOD        ?C?COPY

  -------         MODULE        ?C?ISTOPTR
  C:0EBFH         PUBLIC        ?C?ISTOPTR
  -------         ENDMOD        ?C?ISTOPTR

  -------         MODULE        ?C?CCASE
  C:0EECH         PUBLIC        ?C?CCASE
  -------         ENDMOD        ?C?CCASE

Program Size: data=92.3 xdata=60 code=5508
LINK/LOCATE RUN COMPLETE.  0 WARNING(S),  0 ERROR(S)
