C51 COMPILER V9.60.7.0   MAIN_IPCL                                                         06/15/2026 13:17:38 PAGE 1   


C51 COMPILER V9.60.7.0, COMPILATION OF MODULE MAIN_IPCL
OBJECT MODULE PLACED IN .\Objects\main_ipCL.obj
COMPILER INVOKED BY: C:\Keil_v5\C51\BIN\C51.EXE main_ipCL.c OPTIMIZE(8,SPEED) BROWSE DEBUG OBJECTEXTEND CODE PRINT(.\Lis
                    -tings\main_ipCL.lst) OBJECT(.\Objects\main_ipCL.obj)

line level    source

   1          /**************************************
   2          программа контроля звуковых линий IP усилителя
   3          *********************************************/
   4          
   5          //#include "C8051F330.h"
   6          #include "global_ipCL.h"
   7          
   8          /*
   9          v6
  10          шаг 8мс
  11          сумм 32
  12          20 сек на канал
  13          
  14          */
  15          
  16          /*
  17          v2
  18          обнуление после инсталяции
  19          F_end_test=0;
  20          
  21          
  22          */
  23          
  24          
  25          
  26          /*
  27          v1
  28          */
  29          
  30          
  31          void main(void){
  32   1      
  33   1      
  34   1      init_ipCL();
  35   1      
  36   1      //установка
  37   1      RELE_L1_OFF;RELE_L2_OFF;RELE_L3_OFF;RELE_L4_OFF;
  38   1      GAIN_L1_MAX;GAIN_L2_MAX;GAIN_L3_MAX;GAIN_L4_MAX;        
  39   1      IDAC_L1_OFF;IDAC_L2_OFF;IDAC_L3_OFF;IDAC_L4_OFF;        
  40   1      set_tpic1();
  41   1      set_tpic2();
  42   1      P_tpic1_G=0;//вкл
  43   1      P_tpic2_G=0;
  44   1              
  45   1      EA=1;                  // Global Interrupt Enable       
  46   1              
  47   1      //set_canal_test[0] = 1;        
  48   1      set_canal_test[0]=0x01;
  49   1                      set_canal_test[1]=0x01;
  50   1                      set_canal_test[2]=0x01;
  51   1                      set_canal_test[3]=0x01;
  52   1      set_f_start_test_Lx();
  53   1      Rx_command_PC = 0x02;
  54   1      //              F_start_test_L1 = set_canal_test[0];
C51 COMPILER V9.60.7.0   MAIN_IPCL                                                         06/15/2026 13:17:38 PAGE 2   

  55   1      //              F_start_test_L2 = set_canal_test[1];
  56   1      //              F_start_test_L3 = set_canal_test[2];
  57   1      //              F_start_test_L4 = set_canal_test[3];    
  58   1      //Rx_command_PC = CMD_PC_READ_RELE_SL;
  59   1      //F_run_com_PC = 1;
  60   1      //++    
  61   1      while(1){
  62   2              
  63   2      //++
  64   2      
  65   2      PCA0CPH2  = 0;//reset wdt
  66   2      //      
  67   2      if(F_run_com_PC){
  68   3              F_run_com_PC=0;
  69   3              work_PC();      
  70   3      }
  71   2      
  72   2      delayed_response_PC();
  73   2      //
  74   2      //SBUF0 = 0xDA;
  75   2      
  76   2      
  77   2      //выплонение шага тестирования
  78   2      if(F_run_test){//1-идет тест
  79   3              test_in_comp();
  80   3      
  81   3              if(F_load_idac){//флаг на загрузку ступеньки
  82   4                      F_load_idac=0;//флаг на загрузку ступеньки
  83   4                      step_test_L();
  84   4              }
  85   3      }
  86   2      else{
  87   3              //запуск тестирования
  88   3              if(F_start_test_L1){
  89   4                      F_start_test_L1=0;
  90   4                      set_test_L1();
  91   4              }
  92   3              //запуск тестирования
  93   3              else if(F_start_test_L2){
  94   4                      F_start_test_L2=0;
  95   4                      set_test_L2();
  96   4              }
  97   3              //запуск тестирования
  98   3              else if(F_start_test_L3){
  99   4                      F_start_test_L3=0;
 100   4                      set_test_L3();
 101   4              }
 102   3              //запуск тестирования
 103   3              else if(F_start_test_L4){
 104   4                      F_start_test_L4=0;
 105   4                      set_test_L4();
 106   4              }       
 107   3              
 108   3      }
 109   2      
 110   2      //закончили тест одной линии
 111   2      if(F_end_test){
 112   3              F_end_test=0;
 113   3              PCA0CPH2  = 0;//reset wdt
 114   3                      //переносим в буфер передачи
 115   3                      if(canal_test==1){
 116   4                              if(F_hold_data_idac){//1-выполнено запоминание
C51 COMPILER V9.60.7.0   MAIN_IPCL                                                         06/15/2026 13:17:38 PAGE 3   

 117   5                                      Status_SL.NRange1=range;
 118   5                                      //hold_code_IDAC=(hold_code_IDAC >>6);
 119   5                                      Status_SL.Data1_Lo=(hold_code_IDAC &0xFF);
 120   5                                      hold_code_IDAC=(hold_code_IDAC >>8);
 121   5                                      Status_SL.Data1_Hi=(hold_code_IDAC &0xFF);
 122   5                              }
 123   4                              else{
 124   5                                      Status_SL.NRange1=0;
 125   5                                      Status_SL.Data1_Lo=0;
 126   5                                      Status_SL.Data1_Hi=0;                           
 127   5                              }
 128   4                              IDAC_L1_OFF;
 129   4                              set_tpic1();
 130   4                              set_canal_test[0] = 0;
 131   4                              //TMR2CN = 0;
 132   4                              //set_canal_test[0] = 0;        
 133   4                              //тест линии конец
 134   4                      }                       
 135   3                      else if(canal_test==2){
 136   4                              if(F_hold_data_idac){//1-выполнено запоминание
 137   5                                      Status_SL.NRange2=range;
 138   5                                      //hold_code_IDAC=(hold_code_IDAC >>6);
 139   5                                      Status_SL.Data2_Lo=(hold_code_IDAC &0xFF);
 140   5                                      hold_code_IDAC=(hold_code_IDAC >>8);
 141   5                                      Status_SL.Data2_Hi=(hold_code_IDAC &0xFF);
 142   5                              }
 143   4                              else{
 144   5                                      Status_SL.NRange2=0;
 145   5                                      Status_SL.Data2_Lo=0;
 146   5                                      Status_SL.Data2_Hi=0;                           
 147   5                              }                       
 148   4                              IDAC_L2_OFF;
 149   4                              set_tpic1();
 150   4                              set_canal_test[1] = 0;
 151   4                      }                       
 152   3                      else if(canal_test==3){
 153   4                              if(F_hold_data_idac){//1-выполнено запоминание                  
 154   5                                      Status_SL.NRange3=range;
 155   5                                      //hold_code_IDAC=(hold_code_IDAC >>6);
 156   5                                      Status_SL.Data3_Lo=(hold_code_IDAC &0xFF);
 157   5                                      hold_code_IDAC=(hold_code_IDAC >>8);
 158   5                                      Status_SL.Data3_Hi=(hold_code_IDAC &0xFF);
 159   5                              }
 160   4                              else{
 161   5                                      Status_SL.NRange3=0;
 162   5                                      Status_SL.Data3_Lo=0;
 163   5                                      Status_SL.Data3_Hi=0;                           
 164   5                              }                       
 165   4                              IDAC_L3_OFF;
 166   4                              set_tpic2();
 167   4                              set_canal_test[2] = 0;
 168   4                      }                       
 169   3                      else if(canal_test==4){
 170   4                              if(F_hold_data_idac){//1-выполнено запоминание                  
 171   5                                      Status_SL.NRange4=range;
 172   5                                      //hold_code_IDAC=(hold_code_IDAC >>6);
 173   5                                      Status_SL.Data4_Lo=(hold_code_IDAC &0xFF);
 174   5                                      hold_code_IDAC=(hold_code_IDAC >>8);
 175   5                                      Status_SL.Data4_Hi=(hold_code_IDAC &0xFF);
 176   5                              }
 177   4                              else{
 178   5                                      Status_SL.NRange4=0;
C51 COMPILER V9.60.7.0   MAIN_IPCL                                                         06/15/2026 13:17:38 PAGE 4   

 179   5                                      Status_SL.Data4_Lo=0;
 180   5                                      Status_SL.Data4_Hi=0;                           
 181   5                              }                       
 182   4                              IDAC_L4_OFF;
 183   4                              set_tpic2();
 184   4                              set_canal_test[3] = 0;
 185   4                      }
 186   3                                      
 187   3              set_f_start_test_Lx();
 188   3      
 189   3              F_hold_data_idac=0;
 190   3      }
 191   2      
 192   2      
 193   2      }
 194   1      }
C51 COMPILER V9.60.7.0   MAIN_IPCL                                                         06/15/2026 13:17:38 PAGE 5   

ASSEMBLY LISTING OF GENERATED OBJECT CODE


             ; FUNCTION main (BEGIN)
                                           ; SOURCE LINE # 31
                                           ; SOURCE LINE # 34
0000 120000      E     LCALL   init_ipCL
                                           ; SOURCE LINE # 37
0003 C200        R     CLR     rele_L1
0005 C200        R     CLR     rele_L2
0007 C200        R     CLR     rele_L3
0009 C200        R     CLR     rele_L4
                                           ; SOURCE LINE # 38
000B C200        R     CLR     gain_L1
000D C200        R     CLR     gain_L2
000F C200        R     CLR     gain_L3
0011 C200        R     CLR     gain_L4
                                           ; SOURCE LINE # 39
0013 C200        R     CLR     idac_L1
0015 C200        R     CLR     idac_L2
0017 C200        R     CLR     idac_L3
0019 C200        R     CLR     idac_L4
                                           ; SOURCE LINE # 40
001B 120000      E     LCALL   set_tpic1
                                           ; SOURCE LINE # 41
001E 120000      E     LCALL   set_tpic2
                                           ; SOURCE LINE # 42
0021 C294              CLR     P_tpic1_G
                                           ; SOURCE LINE # 43
0023 C290              CLR     P_tpic2_G
                                           ; SOURCE LINE # 45
0025 D2AF              SETB    EA
                                           ; SOURCE LINE # 48
0027 750001      R     MOV     set_canal_test,#01H
                                           ; SOURCE LINE # 49
002A 750001      R     MOV     set_canal_test+01H,#01H
                                           ; SOURCE LINE # 50
002D 750001      R     MOV     set_canal_test+02H,#01H
                                           ; SOURCE LINE # 51
0030 750001      R     MOV     set_canal_test+03H,#01H
                                           ; SOURCE LINE # 52
0033 120000      E     LCALL   set_f_start_test_Lx
                                           ; SOURCE LINE # 53
0036 750002      R     MOV     Rx_command_PC,#02H
0039         ?C0001:
                                           ; SOURCE LINE # 61
                                           ; SOURCE LINE # 65
0039 E4                CLR     A
003A F5EC              MOV     PCA0CPH2,A
                                           ; SOURCE LINE # 67
003C 300005      R     JNB     F_run_com_PC,?C0003
                                           ; SOURCE LINE # 68
003F C200        R     CLR     F_run_com_PC
                                           ; SOURCE LINE # 69
0041 120000      E     LCALL   work_PC
                                           ; SOURCE LINE # 70
0044         ?C0003:
                                           ; SOURCE LINE # 72
0044 120000      E     LCALL   delayed_response_PC
                                           ; SOURCE LINE # 78
0047 30000D      R     JNB     F_run_test,?C0004
                                           ; SOURCE LINE # 79
C51 COMPILER V9.60.7.0   MAIN_IPCL                                                         06/15/2026 13:17:38 PAGE 6   

004A 120000      E     LCALL   test_in_comp
                                           ; SOURCE LINE # 81
004D 30002D      R     JNB     F_load_idac,?C0006
                                           ; SOURCE LINE # 82
0050 C200        R     CLR     F_load_idac
                                           ; SOURCE LINE # 83
0052 120000      E     LCALL   step_test_L
                                           ; SOURCE LINE # 84
                                           ; SOURCE LINE # 85
0055 8026              SJMP    ?C0006
0057         ?C0004:
                                           ; SOURCE LINE # 86
                                           ; SOURCE LINE # 88
0057 300007      R     JNB     F_start_test_L1,?C0007
                                           ; SOURCE LINE # 89
005A C200        R     CLR     F_start_test_L1
                                           ; SOURCE LINE # 90
005C 120000      E     LCALL   set_test_L1
                                           ; SOURCE LINE # 91
005F 801C              SJMP    ?C0006
0061         ?C0007:
                                           ; SOURCE LINE # 93
0061 300007      R     JNB     F_start_test_L2,?C0009
                                           ; SOURCE LINE # 94
0064 C200        R     CLR     F_start_test_L2
                                           ; SOURCE LINE # 95
0066 120000      E     LCALL   set_test_L2
                                           ; SOURCE LINE # 96
0069 8012              SJMP    ?C0006
006B         ?C0009:
                                           ; SOURCE LINE # 98
006B 300007      R     JNB     F_start_test_L3,?C0011
                                           ; SOURCE LINE # 99
006E C200        R     CLR     F_start_test_L3
                                           ; SOURCE LINE # 100
0070 120000      E     LCALL   set_test_L3
                                           ; SOURCE LINE # 101
0073 8008              SJMP    ?C0006
0075         ?C0011:
                                           ; SOURCE LINE # 103
0075 300005      R     JNB     F_start_test_L4,?C0006
                                           ; SOURCE LINE # 104
0078 C200        R     CLR     F_start_test_L4
                                           ; SOURCE LINE # 105
007A 120000      E     LCALL   set_test_L4
                                           ; SOURCE LINE # 106
                                           ; SOURCE LINE # 108
007D         ?C0006:
                                           ; SOURCE LINE # 111
007D 3000B9      R     JNB     F_end_test,?C0001
                                           ; SOURCE LINE # 112
0080 C200        R     CLR     F_end_test
                                           ; SOURCE LINE # 113
0082 E4                CLR     A
0083 F5EC              MOV     PCA0CPH2,A
                                           ; SOURCE LINE # 115
0085 E500        R     MOV     A,canal_test
0087 6401              XRL     A,#01H
0089 7029              JNZ     ?C0015
                                           ; SOURCE LINE # 116
008B 300014      R     JNB     F_hold_data_idac,?C0016
                                           ; SOURCE LINE # 117
C51 COMPILER V9.60.7.0   MAIN_IPCL                                                         06/15/2026 13:17:38 PAGE 7   

008E 850000      R     MOV     Status_SL,range
                                           ; SOURCE LINE # 119
0091 E500        R     MOV     A,hold_code_IDAC+01H
0093 F500        R     MOV     Status_SL+01H,A
                                           ; SOURCE LINE # 120
0095 E500        R     MOV     A,hold_code_IDAC
0097 F500        R     MOV     hold_code_IDAC+01H,A
0099 750000      R     MOV     hold_code_IDAC,#00H
                                           ; SOURCE LINE # 121
009C E500        R     MOV     A,hold_code_IDAC+01H
009E F500        R     MOV     Status_SL+02H,A
                                           ; SOURCE LINE # 122
00A0 8007              SJMP    ?C0017
00A2         ?C0016:
                                           ; SOURCE LINE # 123
                                           ; SOURCE LINE # 124
00A2 E4                CLR     A
00A3 F500        R     MOV     Status_SL,A
                                           ; SOURCE LINE # 125
00A5 F500        R     MOV     Status_SL+01H,A
                                           ; SOURCE LINE # 126
00A7 F500        R     MOV     Status_SL+02H,A
                                           ; SOURCE LINE # 127
00A9         ?C0017:
                                           ; SOURCE LINE # 128
00A9 C200        R     CLR     idac_L1
                                           ; SOURCE LINE # 129
00AB 120000      E     LCALL   set_tpic1
                                           ; SOURCE LINE # 130
00AE E4                CLR     A
00AF F500        R     MOV     set_canal_test,A
                                           ; SOURCE LINE # 134
00B1 020000      R     LJMP    ?C0018
00B4         ?C0015:
                                           ; SOURCE LINE # 135
00B4 E500        R     MOV     A,canal_test
00B6 6402              XRL     A,#02H
00B8 7028              JNZ     ?C0019
                                           ; SOURCE LINE # 136
00BA 300014      R     JNB     F_hold_data_idac,?C0020
                                           ; SOURCE LINE # 137
00BD 850000      R     MOV     Status_SL+03H,range
                                           ; SOURCE LINE # 139
00C0 E500        R     MOV     A,hold_code_IDAC+01H
00C2 F500        R     MOV     Status_SL+04H,A
                                           ; SOURCE LINE # 140
00C4 E500        R     MOV     A,hold_code_IDAC
00C6 F500        R     MOV     hold_code_IDAC+01H,A
00C8 750000      R     MOV     hold_code_IDAC,#00H
                                           ; SOURCE LINE # 141
00CB E500        R     MOV     A,hold_code_IDAC+01H
00CD F500        R     MOV     Status_SL+05H,A
                                           ; SOURCE LINE # 142
00CF 8007              SJMP    ?C0021
00D1         ?C0020:
                                           ; SOURCE LINE # 143
                                           ; SOURCE LINE # 144
00D1 E4                CLR     A
00D2 F500        R     MOV     Status_SL+03H,A
                                           ; SOURCE LINE # 145
00D4 F500        R     MOV     Status_SL+04H,A
                                           ; SOURCE LINE # 146
C51 COMPILER V9.60.7.0   MAIN_IPCL                                                         06/15/2026 13:17:38 PAGE 8   

00D6 F500        R     MOV     Status_SL+05H,A
                                           ; SOURCE LINE # 147
00D8         ?C0021:
                                           ; SOURCE LINE # 148
00D8 C200        R     CLR     idac_L2
                                           ; SOURCE LINE # 149
00DA 120000      E     LCALL   set_tpic1
                                           ; SOURCE LINE # 150
00DD E4                CLR     A
00DE F500        R     MOV     set_canal_test+01H,A
                                           ; SOURCE LINE # 151
00E0 805A              SJMP    ?C0018
00E2         ?C0019:
                                           ; SOURCE LINE # 152
00E2 E500        R     MOV     A,canal_test
00E4 6403              XRL     A,#03H
00E6 7028              JNZ     ?C0023
                                           ; SOURCE LINE # 153
00E8 300014      R     JNB     F_hold_data_idac,?C0024
                                           ; SOURCE LINE # 154
00EB 850000      R     MOV     Status_SL+06H,range
                                           ; SOURCE LINE # 156
00EE E500        R     MOV     A,hold_code_IDAC+01H
00F0 F500        R     MOV     Status_SL+07H,A
                                           ; SOURCE LINE # 157
00F2 E500        R     MOV     A,hold_code_IDAC
00F4 F500        R     MOV     hold_code_IDAC+01H,A
00F6 750000      R     MOV     hold_code_IDAC,#00H
                                           ; SOURCE LINE # 158
00F9 E500        R     MOV     A,hold_code_IDAC+01H
00FB F500        R     MOV     Status_SL+08H,A
                                           ; SOURCE LINE # 159
00FD 8007              SJMP    ?C0025
00FF         ?C0024:
                                           ; SOURCE LINE # 160
                                           ; SOURCE LINE # 161
00FF E4                CLR     A
0100 F500        R     MOV     Status_SL+06H,A
                                           ; SOURCE LINE # 162
0102 F500        R     MOV     Status_SL+07H,A
                                           ; SOURCE LINE # 163
0104 F500        R     MOV     Status_SL+08H,A
                                           ; SOURCE LINE # 164
0106         ?C0025:
                                           ; SOURCE LINE # 165
0106 C200        R     CLR     idac_L3
                                           ; SOURCE LINE # 166
0108 120000      E     LCALL   set_tpic2
                                           ; SOURCE LINE # 167
010B E4                CLR     A
010C F500        R     MOV     set_canal_test+02H,A
                                           ; SOURCE LINE # 168
010E 802C              SJMP    ?C0018
0110         ?C0023:
                                           ; SOURCE LINE # 169
0110 E500        R     MOV     A,canal_test
0112 6404              XRL     A,#04H
0114 7026              JNZ     ?C0018
                                           ; SOURCE LINE # 170
0116 300014      R     JNB     F_hold_data_idac,?C0028
                                           ; SOURCE LINE # 171
0119 850000      R     MOV     Status_SL+09H,range
C51 COMPILER V9.60.7.0   MAIN_IPCL                                                         06/15/2026 13:17:38 PAGE 9   

                                           ; SOURCE LINE # 173
011C E500        R     MOV     A,hold_code_IDAC+01H
011E F500        R     MOV     Status_SL+0AH,A
                                           ; SOURCE LINE # 174
0120 E500        R     MOV     A,hold_code_IDAC
0122 F500        R     MOV     hold_code_IDAC+01H,A
0124 750000      R     MOV     hold_code_IDAC,#00H
                                           ; SOURCE LINE # 175
0127 E500        R     MOV     A,hold_code_IDAC+01H
0129 F500        R     MOV     Status_SL+0BH,A
                                           ; SOURCE LINE # 176
012B 8007              SJMP    ?C0029
012D         ?C0028:
                                           ; SOURCE LINE # 177
                                           ; SOURCE LINE # 178
012D E4                CLR     A
012E F500        R     MOV     Status_SL+09H,A
                                           ; SOURCE LINE # 179
0130 F500        R     MOV     Status_SL+0AH,A
                                           ; SOURCE LINE # 180
0132 F500        R     MOV     Status_SL+0BH,A
                                           ; SOURCE LINE # 181
0134         ?C0029:
                                           ; SOURCE LINE # 182
0134 C200        R     CLR     idac_L4
                                           ; SOURCE LINE # 183
0136 120000      E     LCALL   set_tpic2
                                           ; SOURCE LINE # 184
0139 E4                CLR     A
013A F500        R     MOV     set_canal_test+03H,A
                                           ; SOURCE LINE # 185
013C         ?C0018:
                                           ; SOURCE LINE # 187
013C 120000      E     LCALL   set_f_start_test_Lx
                                           ; SOURCE LINE # 189
013F C200        R     CLR     F_hold_data_idac
                                           ; SOURCE LINE # 190
                                           ; SOURCE LINE # 193
0141 020000      R     LJMP    ?C0001
             ; FUNCTION main (END)



MODULE INFORMATION:   STATIC OVERLAYABLE
   CODE SIZE        =    324    ----
   CONSTANT SIZE    =    512    ----
   XDATA SIZE       =     60    ----
   PDATA SIZE       =   ----    ----
   DATA SIZE        =     67    ----
   IDATA SIZE       =   ----    ----
   BIT SIZE         =     10    ----
END OF MODULE INFORMATION.


C51 COMPILATION COMPLETE.  0 WARNING(S),  0 ERROR(S)
