C51 COMPILER V9.60.7.0   MAIN_IPCL                                                         06/11/2026 15:31:23 PAGE 1   


C51 COMPILER V9.60.7.0, COMPILATION OF MODULE MAIN_IPCL
OBJECT MODULE PLACED IN .\Objects\main_ipCL.obj
COMPILER INVOKED BY: C:\Keil_v5\C51\BIN\C51.EXE main_ipCL.c OPTIMIZE(8,SPEED) BROWSE DEBUG OBJECTEXTEND CODE PRINT(.\Lis
                    -tings\main_ipCL.lst) OBJECT(.\Objects\main_ipCL.obj)

line level    source

   1          /**************************************
   2          программа контроля звуковых линий IP усилителя
   3          *********************************************/
   4          
   5          //#include "C8051F330.h"
   6          #include "global_ipCL.h"
   7          
   8          /*
   9          v6
  10          шаг 8мс
  11          сумм 32
  12          20 сек на канал
  13          
  14          */
  15          
  16          /*
  17          v2
  18          обнуление после инсталяции
  19          F_end_test=0;
  20          
  21          
  22          */
  23          
  24          
  25          
  26          /*
  27          v1
  28          */
  29          
  30          
  31          void main(void){
  32   1      
  33   1      
  34   1      init_ipCL();
  35   1      
  36   1      //установка
  37   1      RELE_L1_OFF;RELE_L2_OFF;RELE_L3_OFF;RELE_L4_OFF;
  38   1      GAIN_L1_MAX;GAIN_L2_MAX;GAIN_L3_MAX;GAIN_L4_MAX;        
  39   1      IDAC_L1_OFF;IDAC_L2_OFF;IDAC_L3_OFF;IDAC_L4_OFF;        
  40   1      set_tpic1();
  41   1      set_tpic2();
  42   1      P_tpic1_G=0;//вкл
  43   1      P_tpic2_G=0;
  44   1              
  45   1      EA=1;                  // Global Interrupt Enable       
  46   1              
  47   1      set_canal_test[0] = 1;  
  48   1              
  49   1              
  50   1      //Rx_command_PC = CMD_PC_READ_RELE_SL;
  51   1      //F_run_com_PC = 1;
  52   1      //++    
  53   1      while(1){
  54   2              
C51 COMPILER V9.60.7.0   MAIN_IPCL                                                         06/11/2026 15:31:23 PAGE 2   

  55   2      //++
  56   2      
  57   2      PCA0CPH2  = 0;//reset wdt
  58   2      //      
  59   2      if(F_run_com_PC){
  60   3              F_run_com_PC=0;
  61   3              work_PC();      
  62   3      }
  63   2      //
  64   2      //SBUF0 = 0xDA;
  65   2      
  66   2      
  67   2      //выплонение шага тестирования
  68   2      if(F_run_test){//1-идет тест
  69   3              test_in_comp();
  70   3      
  71   3              if(F_load_idac){//флаг на загрузку ступеньки
  72   4                      F_load_idac=0;//флаг на загрузку ступеньки
  73   4                      step_test_L();
  74   4              }
  75   3      }
  76   2      else{
  77   3              //запуск тестирования
  78   3              if(F_start_test_L1){
  79   4                      F_start_test_L1=0;
  80   4                      set_test_L1();
  81   4              }
  82   3              //запуск тестирования
  83   3              else if(F_start_test_L2){
  84   4                      F_start_test_L2=0;
  85   4                      set_test_L2();
  86   4              }
  87   3              //запуск тестирования
  88   3              else if(F_start_test_L3){
  89   4                      F_start_test_L3=0;
  90   4                      set_test_L3();
  91   4              }
  92   3              //запуск тестирования
  93   3              else if(F_start_test_L4){
  94   4                      F_start_test_L4=0;
  95   4                      set_test_L4();
  96   4              }       
  97   3              
  98   3      }
  99   2      
 100   2      //закончили тест одной линии
 101   2      if(F_end_test){
 102   3              F_end_test=0;
 103   3              PCA0CPH2  = 0;//reset wdt
 104   3                      //переносим в буфер передачи
 105   3                      if(canal_test==1){
 106   4                              if(F_hold_data_idac){//1-выполнено запоминание
 107   5                                      Status_SL.NRange1=range;
 108   5                                      //hold_code_IDAC=(hold_code_IDAC >>6);
 109   5                                      Status_SL.Data1_Lo=(hold_code_IDAC &0xFF);
 110   5                                      hold_code_IDAC=(hold_code_IDAC >>8);
 111   5                                      Status_SL.Data1_Hi=(hold_code_IDAC &0xFF);
 112   5                              }
 113   4                              else{
 114   5                                      Status_SL.NRange1=0;
 115   5                                      Status_SL.Data1_Lo=0;
 116   5                                      Status_SL.Data1_Hi=0;                           
C51 COMPILER V9.60.7.0   MAIN_IPCL                                                         06/11/2026 15:31:23 PAGE 3   

 117   5                              }
 118   4                              IDAC_L1_OFF;
 119   4                              set_tpic1();
 120   4                              TMR2CN = 0;
 121   4                              set_canal_test[0] = 0;  
 122   4                              //тест линии конец
 123   4                      }                       
 124   3                      else if(canal_test==2){
 125   4                              if(F_hold_data_idac){//1-выполнено запоминание
 126   5                                      Status_SL.NRange2=range;
 127   5                                      //hold_code_IDAC=(hold_code_IDAC >>6);
 128   5                                      Status_SL.Data2_Lo=(hold_code_IDAC &0xFF);
 129   5                                      hold_code_IDAC=(hold_code_IDAC >>8);
 130   5                                      Status_SL.Data2_Hi=(hold_code_IDAC &0xFF);
 131   5                              }
 132   4                              else{
 133   5                                      Status_SL.NRange2=0;
 134   5                                      Status_SL.Data2_Lo=0;
 135   5                                      Status_SL.Data2_Hi=0;                           
 136   5                              }                       
 137   4                              IDAC_L2_OFF;
 138   4                              set_tpic1();
 139   4                      }                       
 140   3                      else if(canal_test==3){
 141   4                              if(F_hold_data_idac){//1-выполнено запоминание                  
 142   5                                      Status_SL.NRange3=range;
 143   5                                      //hold_code_IDAC=(hold_code_IDAC >>6);
 144   5                                      Status_SL.Data3_Lo=(hold_code_IDAC &0xFF);
 145   5                                      hold_code_IDAC=(hold_code_IDAC >>8);
 146   5                                      Status_SL.Data3_Hi=(hold_code_IDAC &0xFF);
 147   5                              }
 148   4                              else{
 149   5                                      Status_SL.NRange3=0;
 150   5                                      Status_SL.Data3_Lo=0;
 151   5                                      Status_SL.Data3_Hi=0;                           
 152   5                              }                       
 153   4                              IDAC_L3_OFF;
 154   4                              set_tpic2();
 155   4                      }                       
 156   3                      else if(canal_test==4){
 157   4                              if(F_hold_data_idac){//1-выполнено запоминание                  
 158   5                                      Status_SL.NRange4=range;
 159   5                                      //hold_code_IDAC=(hold_code_IDAC >>6);
 160   5                                      Status_SL.Data4_Lo=(hold_code_IDAC &0xFF);
 161   5                                      hold_code_IDAC=(hold_code_IDAC >>8);
 162   5                                      Status_SL.Data4_Hi=(hold_code_IDAC &0xFF);
 163   5                              }
 164   4                              else{
 165   5                                      Status_SL.NRange4=0;
 166   5                                      Status_SL.Data4_Lo=0;
 167   5                                      Status_SL.Data4_Hi=0;                           
 168   5                              }                       
 169   4                              IDAC_L4_OFF;
 170   4                              set_tpic2();
 171   4                      }
 172   3                                      
 173   3              
 174   3      
 175   3              F_hold_data_idac=0;
 176   3      }
 177   2      
 178   2      
C51 COMPILER V9.60.7.0   MAIN_IPCL                                                         06/11/2026 15:31:23 PAGE 4   

 179   2      }
 180   1      }
C51 COMPILER V9.60.7.0   MAIN_IPCL                                                         06/11/2026 15:31:23 PAGE 5   

ASSEMBLY LISTING OF GENERATED OBJECT CODE


             ; FUNCTION main (BEGIN)
                                           ; SOURCE LINE # 31
                                           ; SOURCE LINE # 34
0000 120000      E     LCALL   init_ipCL
                                           ; SOURCE LINE # 37
0003 C200        R     CLR     rele_L1
0005 C200        R     CLR     rele_L2
0007 C200        R     CLR     rele_L3
0009 C200        R     CLR     rele_L4
                                           ; SOURCE LINE # 38
000B C200        R     CLR     gain_L1
000D C200        R     CLR     gain_L2
000F C200        R     CLR     gain_L3
0011 C200        R     CLR     gain_L4
                                           ; SOURCE LINE # 39
0013 C200        R     CLR     idac_L1
0015 C200        R     CLR     idac_L2
0017 C200        R     CLR     idac_L3
0019 C200        R     CLR     idac_L4
                                           ; SOURCE LINE # 40
001B 120000      E     LCALL   set_tpic1
                                           ; SOURCE LINE # 41
001E 120000      E     LCALL   set_tpic2
                                           ; SOURCE LINE # 42
0021 C294              CLR     P_tpic1_G
                                           ; SOURCE LINE # 43
0023 C290              CLR     P_tpic2_G
                                           ; SOURCE LINE # 45
0025 D2AF              SETB    EA
                                           ; SOURCE LINE # 47
0027 750001      R     MOV     set_canal_test,#01H
002A         ?C0001:
                                           ; SOURCE LINE # 53
                                           ; SOURCE LINE # 57
002A E4                CLR     A
002B F5EC              MOV     PCA0CPH2,A
                                           ; SOURCE LINE # 59
002D 300005      R     JNB     F_run_com_PC,?C0003
                                           ; SOURCE LINE # 60
0030 C200        R     CLR     F_run_com_PC
                                           ; SOURCE LINE # 61
0032 120000      E     LCALL   work_PC
                                           ; SOURCE LINE # 62
0035         ?C0003:
                                           ; SOURCE LINE # 68
0035 30000D      R     JNB     F_run_test,?C0004
                                           ; SOURCE LINE # 69
0038 120000      E     LCALL   test_in_comp
                                           ; SOURCE LINE # 71
003B 30002D      R     JNB     F_load_idac,?C0006
                                           ; SOURCE LINE # 72
003E C200        R     CLR     F_load_idac
                                           ; SOURCE LINE # 73
0040 120000      E     LCALL   step_test_L
                                           ; SOURCE LINE # 74
                                           ; SOURCE LINE # 75
0043 8026              SJMP    ?C0006
0045         ?C0004:
                                           ; SOURCE LINE # 76
C51 COMPILER V9.60.7.0   MAIN_IPCL                                                         06/11/2026 15:31:23 PAGE 6   

                                           ; SOURCE LINE # 78
0045 300007      R     JNB     F_start_test_L1,?C0007
                                           ; SOURCE LINE # 79
0048 C200        R     CLR     F_start_test_L1
                                           ; SOURCE LINE # 80
004A 120000      E     LCALL   set_test_L1
                                           ; SOURCE LINE # 81
004D 801C              SJMP    ?C0006
004F         ?C0007:
                                           ; SOURCE LINE # 83
004F 300007      R     JNB     F_start_test_L2,?C0009
                                           ; SOURCE LINE # 84
0052 C200        R     CLR     F_start_test_L2
                                           ; SOURCE LINE # 85
0054 120000      E     LCALL   set_test_L2
                                           ; SOURCE LINE # 86
0057 8012              SJMP    ?C0006
0059         ?C0009:
                                           ; SOURCE LINE # 88
0059 300007      R     JNB     F_start_test_L3,?C0011
                                           ; SOURCE LINE # 89
005C C200        R     CLR     F_start_test_L3
                                           ; SOURCE LINE # 90
005E 120000      E     LCALL   set_test_L3
                                           ; SOURCE LINE # 91
0061 8008              SJMP    ?C0006
0063         ?C0011:
                                           ; SOURCE LINE # 93
0063 300005      R     JNB     F_start_test_L4,?C0006
                                           ; SOURCE LINE # 94
0066 C200        R     CLR     F_start_test_L4
                                           ; SOURCE LINE # 95
0068 120000      E     LCALL   set_test_L4
                                           ; SOURCE LINE # 96
                                           ; SOURCE LINE # 98
006B         ?C0006:
                                           ; SOURCE LINE # 101
006B 3000BC      R     JNB     F_end_test,?C0001
                                           ; SOURCE LINE # 102
006E C200        R     CLR     F_end_test
                                           ; SOURCE LINE # 103
0070 E4                CLR     A
0071 F5EC              MOV     PCA0CPH2,A
                                           ; SOURCE LINE # 105
0073 E500        R     MOV     A,canal_test
0075 6401              XRL     A,#01H
0077 702A              JNZ     ?C0015
                                           ; SOURCE LINE # 106
0079 300014      R     JNB     F_hold_data_idac,?C0016
                                           ; SOURCE LINE # 107
007C 850000      R     MOV     Status_SL,range
                                           ; SOURCE LINE # 109
007F E500        R     MOV     A,hold_code_IDAC+01H
0081 F500        R     MOV     Status_SL+01H,A
                                           ; SOURCE LINE # 110
0083 E500        R     MOV     A,hold_code_IDAC
0085 F500        R     MOV     hold_code_IDAC+01H,A
0087 750000      R     MOV     hold_code_IDAC,#00H
                                           ; SOURCE LINE # 111
008A E500        R     MOV     A,hold_code_IDAC+01H
008C F500        R     MOV     Status_SL+02H,A
                                           ; SOURCE LINE # 112
C51 COMPILER V9.60.7.0   MAIN_IPCL                                                         06/11/2026 15:31:23 PAGE 7   

008E 8007              SJMP    ?C0017
0090         ?C0016:
                                           ; SOURCE LINE # 113
                                           ; SOURCE LINE # 114
0090 E4                CLR     A
0091 F500        R     MOV     Status_SL,A
                                           ; SOURCE LINE # 115
0093 F500        R     MOV     Status_SL+01H,A
                                           ; SOURCE LINE # 116
0095 F500        R     MOV     Status_SL+02H,A
                                           ; SOURCE LINE # 117
0097         ?C0017:
                                           ; SOURCE LINE # 118
0097 C200        R     CLR     idac_L1
                                           ; SOURCE LINE # 119
0099 120000      E     LCALL   set_tpic1
                                           ; SOURCE LINE # 120
009C E4                CLR     A
009D F5C8              MOV     TMR2CN,A
                                           ; SOURCE LINE # 121
009F F500        R     MOV     set_canal_test,A
                                           ; SOURCE LINE # 123
00A1 807C              SJMP    ?C0018
00A3         ?C0015:
                                           ; SOURCE LINE # 124
00A3 E500        R     MOV     A,canal_test
00A5 6402              XRL     A,#02H
00A7 7025              JNZ     ?C0019
                                           ; SOURCE LINE # 125
00A9 300014      R     JNB     F_hold_data_idac,?C0020
                                           ; SOURCE LINE # 126
00AC 850000      R     MOV     Status_SL+03H,range
                                           ; SOURCE LINE # 128
00AF E500        R     MOV     A,hold_code_IDAC+01H
00B1 F500        R     MOV     Status_SL+04H,A
                                           ; SOURCE LINE # 129
00B3 E500        R     MOV     A,hold_code_IDAC
00B5 F500        R     MOV     hold_code_IDAC+01H,A
00B7 750000      R     MOV     hold_code_IDAC,#00H
                                           ; SOURCE LINE # 130
00BA E500        R     MOV     A,hold_code_IDAC+01H
00BC F500        R     MOV     Status_SL+05H,A
                                           ; SOURCE LINE # 131
00BE 8007              SJMP    ?C0021
00C0         ?C0020:
                                           ; SOURCE LINE # 132
                                           ; SOURCE LINE # 133
00C0 E4                CLR     A
00C1 F500        R     MOV     Status_SL+03H,A
                                           ; SOURCE LINE # 134
00C3 F500        R     MOV     Status_SL+04H,A
                                           ; SOURCE LINE # 135
00C5 F500        R     MOV     Status_SL+05H,A
                                           ; SOURCE LINE # 136
00C7         ?C0021:
                                           ; SOURCE LINE # 137
00C7 C200        R     CLR     idac_L2
                                           ; SOURCE LINE # 138
00C9 120000      E     LCALL   set_tpic1
                                           ; SOURCE LINE # 139
00CC 8051              SJMP    ?C0018
00CE         ?C0019:
C51 COMPILER V9.60.7.0   MAIN_IPCL                                                         06/11/2026 15:31:23 PAGE 8   

                                           ; SOURCE LINE # 140
00CE E500        R     MOV     A,canal_test
00D0 6403              XRL     A,#03H
00D2 7022              JNZ     ?C0023
                                           ; SOURCE LINE # 141
00D4 300014      R     JNB     F_hold_data_idac,?C0024
                                           ; SOURCE LINE # 142
00D7 850000      R     MOV     Status_SL+06H,range
                                           ; SOURCE LINE # 144
00DA E500        R     MOV     A,hold_code_IDAC+01H
00DC F500        R     MOV     Status_SL+07H,A
                                           ; SOURCE LINE # 145
00DE E500        R     MOV     A,hold_code_IDAC
00E0 F500        R     MOV     hold_code_IDAC+01H,A
00E2 750000      R     MOV     hold_code_IDAC,#00H
                                           ; SOURCE LINE # 146
00E5 E500        R     MOV     A,hold_code_IDAC+01H
00E7 F500        R     MOV     Status_SL+08H,A
                                           ; SOURCE LINE # 147
00E9 8007              SJMP    ?C0025
00EB         ?C0024:
                                           ; SOURCE LINE # 148
                                           ; SOURCE LINE # 149
00EB E4                CLR     A
00EC F500        R     MOV     Status_SL+06H,A
                                           ; SOURCE LINE # 150
00EE F500        R     MOV     Status_SL+07H,A
                                           ; SOURCE LINE # 151
00F0 F500        R     MOV     Status_SL+08H,A
                                           ; SOURCE LINE # 152
00F2         ?C0025:
                                           ; SOURCE LINE # 153
00F2 C200        R     CLR     idac_L3
                                           ; SOURCE LINE # 154
                                           ; SOURCE LINE # 155
00F4 8026              SJMP    ?C0031
00F6         ?C0023:
                                           ; SOURCE LINE # 156
00F6 E500        R     MOV     A,canal_test
00F8 6404              XRL     A,#04H
00FA 7023              JNZ     ?C0018
                                           ; SOURCE LINE # 157
00FC 300014      R     JNB     F_hold_data_idac,?C0028
                                           ; SOURCE LINE # 158
00FF 850000      R     MOV     Status_SL+09H,range
                                           ; SOURCE LINE # 160
0102 E500        R     MOV     A,hold_code_IDAC+01H
0104 F500        R     MOV     Status_SL+0AH,A
                                           ; SOURCE LINE # 161
0106 E500        R     MOV     A,hold_code_IDAC
0108 F500        R     MOV     hold_code_IDAC+01H,A
010A 750000      R     MOV     hold_code_IDAC,#00H
                                           ; SOURCE LINE # 162
010D E500        R     MOV     A,hold_code_IDAC+01H
010F F500        R     MOV     Status_SL+0BH,A
                                           ; SOURCE LINE # 163
0111 8007              SJMP    ?C0029
0113         ?C0028:
                                           ; SOURCE LINE # 164
                                           ; SOURCE LINE # 165
0113 E4                CLR     A
0114 F500        R     MOV     Status_SL+09H,A
C51 COMPILER V9.60.7.0   MAIN_IPCL                                                         06/11/2026 15:31:23 PAGE 9   

                                           ; SOURCE LINE # 166
0116 F500        R     MOV     Status_SL+0AH,A
                                           ; SOURCE LINE # 167
0118 F500        R     MOV     Status_SL+0BH,A
                                           ; SOURCE LINE # 168
011A         ?C0029:
                                           ; SOURCE LINE # 169
011A C200        R     CLR     idac_L4
                                           ; SOURCE LINE # 170
011C         ?C0031:
011C 120000      E     LCALL   set_tpic2
                                           ; SOURCE LINE # 171
011F         ?C0018:
                                           ; SOURCE LINE # 175
011F C200        R     CLR     F_hold_data_idac
                                           ; SOURCE LINE # 176
                                           ; SOURCE LINE # 179
0121 020000      R     LJMP    ?C0001
             ; FUNCTION main (END)



MODULE INFORMATION:   STATIC OVERLAYABLE
   CODE SIZE        =    292    ----
   CONSTANT SIZE    =    512    ----
   XDATA SIZE       =     60    ----
   PDATA SIZE       =   ----    ----
   DATA SIZE        =     66    ----
   IDATA SIZE       =   ----    ----
   BIT SIZE         =     14    ----
END OF MODULE INFORMATION.


C51 COMPILATION COMPLETE.  0 WARNING(S),  0 ERROR(S)
