C51 COMPILER V9.60.7.0   MAIN_IPCL                                                         06/11/2026 10:40:53 PAGE 1   


C51 COMPILER V9.60.7.0, COMPILATION OF MODULE MAIN_IPCL
OBJECT MODULE PLACED IN .\Objects\main_ipCL.obj
COMPILER INVOKED BY: C:\Keil_v5\C51\BIN\C51.EXE main_ipCL.c OPTIMIZE(8,SPEED) BROWSE DEBUG OBJECTEXTEND CODE PRINT(.\Lis
                    -tings\main_ipCL.lst) OBJECT(.\Objects\main_ipCL.obj)

line level    source

   1          /**************************************
   2          программа контроля звуковых линий IP усилителя
   3          *********************************************/
   4          
   5          //#include "C8051F330.h"
   6          #include "global_ipCL.h"
   7          
   8          /*
   9          v6
  10          шаг 8мс
  11          сумм 32
  12          20 сек на канал
  13          
  14          */
  15          
  16          /*
  17          v2
  18          обнуление после инсталяции
  19          F_end_test=0;
  20          
  21          
  22          */
  23          
  24          
  25          
  26          /*
  27          v1
  28          */
  29          
  30          
  31          void main(void){
  32   1      
  33   1      
  34   1      init_ipCL();
  35   1      
  36   1      //установка
  37   1      RELE_L1_OFF;RELE_L2_OFF;RELE_L3_OFF;RELE_L4_OFF;
  38   1      GAIN_L1_MAX;GAIN_L2_MAX;GAIN_L3_MAX;GAIN_L4_MAX;        
  39   1      IDAC_L1_OFF;IDAC_L2_OFF;IDAC_L3_OFF;IDAC_L4_OFF;        
  40   1      set_tpic1();
  41   1      set_tpic2();
  42   1      P_tpic1_G=0;//вкл
  43   1      P_tpic2_G=0;
  44   1              
  45   1      EA=1;                  // Global Interrupt Enable       
  46   1              
  47   1      //set_canal_test[0] = 1;        
  48   1              
  49   1              
  50   1      //Rx_command_PC = CMD_PC_READ_RELE_SL;
  51   1      //F_run_com_PC = 1;
  52   1      //++    
  53   1      while(1){
  54   2              
C51 COMPILER V9.60.7.0   MAIN_IPCL                                                         06/11/2026 10:40:53 PAGE 2   

  55   2      //++
  56   2      
  57   2      PCA0CPH2  = 0;//reset wdt
  58   2      //      
  59   2      if(F_run_com_PC){
  60   3              F_run_com_PC=0;
  61   3              work_PC();      
  62   3      }
  63   2      //
  64   2      
  65   2      delay_ipCL(1000);
  66   2      //SBUF0 = 0xDA;
  67   2      
  68   2      
  69   2      //выплонение шага тестирования
  70   2      if(F_run_test){//1-идет тест
  71   3              test_in_comp();
  72   3      
  73   3              if(F_load_idac){//флаг на загрузку ступеньки
  74   4                      F_load_idac=0;//флаг на загрузку ступеньки
  75   4                      step_test_L();
  76   4              }
  77   3      }
  78   2      else{
  79   3              //запуск тестирования
  80   3              if(F_start_test_L1){
  81   4                      F_start_test_L1=0;
  82   4                      set_test_L1();
  83   4              }
  84   3              //запуск тестирования
  85   3              else if(F_start_test_L2){
  86   4                      F_start_test_L2=0;
  87   4                      set_test_L2();
  88   4              }
  89   3              //запуск тестирования
  90   3              else if(F_start_test_L3){
  91   4                      F_start_test_L3=0;
  92   4                      set_test_L3();
  93   4              }
  94   3              //запуск тестирования
  95   3              else if(F_start_test_L4){
  96   4                      F_start_test_L4=0;
  97   4                      set_test_L4();
  98   4              }       
  99   3              
 100   3      }
 101   2      
 102   2      //закончили тест одной линии
 103   2      if(F_end_test){
 104   3              F_end_test=0;
 105   3              PCA0CPH2  = 0;//reset wdt
 106   3                      //переносим в буфер передачи
 107   3                      if(canal_test==1){
 108   4                              if(F_hold_data_idac){//1-выполнено запоминание
 109   5                                      Status_SL.NRange1=range;
 110   5                                      //hold_code_IDAC=(hold_code_IDAC >>6);
 111   5                                      Status_SL.Data1_Lo=(hold_code_IDAC &0xFF);
 112   5                                      hold_code_IDAC=(hold_code_IDAC >>8);
 113   5                                      Status_SL.Data1_Hi=(hold_code_IDAC &0xFF);
 114   5                              }
 115   4                              else{
 116   5                                      Status_SL.NRange1=0;
C51 COMPILER V9.60.7.0   MAIN_IPCL                                                         06/11/2026 10:40:53 PAGE 3   

 117   5                                      Status_SL.Data1_Lo=0;
 118   5                                      Status_SL.Data1_Hi=0;                           
 119   5                              }
 120   4                              IDAC_L1_OFF;
 121   4                              set_tpic1();
 122   4                              TMR2CN = 0;
 123   4                              set_canal_test[0] = 0;  
 124   4                              //тест линии конец
 125   4                      }                       
 126   3                      else if(canal_test==2){
 127   4                              if(F_hold_data_idac){//1-выполнено запоминание
 128   5                                      Status_SL.NRange2=range;
 129   5                                      //hold_code_IDAC=(hold_code_IDAC >>6);
 130   5                                      Status_SL.Data2_Lo=(hold_code_IDAC &0xFF);
 131   5                                      hold_code_IDAC=(hold_code_IDAC >>8);
 132   5                                      Status_SL.Data2_Hi=(hold_code_IDAC &0xFF);
 133   5                              }
 134   4                              else{
 135   5                                      Status_SL.NRange2=0;
 136   5                                      Status_SL.Data2_Lo=0;
 137   5                                      Status_SL.Data2_Hi=0;                           
 138   5                              }                       
 139   4                              IDAC_L2_OFF;
 140   4                              set_tpic1();
 141   4                      }                       
 142   3                      else if(canal_test==3){
 143   4                              if(F_hold_data_idac){//1-выполнено запоминание                  
 144   5                                      Status_SL.NRange3=range;
 145   5                                      //hold_code_IDAC=(hold_code_IDAC >>6);
 146   5                                      Status_SL.Data3_Lo=(hold_code_IDAC &0xFF);
 147   5                                      hold_code_IDAC=(hold_code_IDAC >>8);
 148   5                                      Status_SL.Data3_Hi=(hold_code_IDAC &0xFF);
 149   5                              }
 150   4                              else{
 151   5                                      Status_SL.NRange3=0;
 152   5                                      Status_SL.Data3_Lo=0;
 153   5                                      Status_SL.Data3_Hi=0;                           
 154   5                              }                       
 155   4                              IDAC_L3_OFF;
 156   4                              set_tpic2();
 157   4                      }                       
 158   3                      else if(canal_test==4){
 159   4                              if(F_hold_data_idac){//1-выполнено запоминание                  
 160   5                                      Status_SL.NRange4=range;
 161   5                                      //hold_code_IDAC=(hold_code_IDAC >>6);
 162   5                                      Status_SL.Data4_Lo=(hold_code_IDAC &0xFF);
 163   5                                      hold_code_IDAC=(hold_code_IDAC >>8);
 164   5                                      Status_SL.Data4_Hi=(hold_code_IDAC &0xFF);
 165   5                              }
 166   4                              else{
 167   5                                      Status_SL.NRange4=0;
 168   5                                      Status_SL.Data4_Lo=0;
 169   5                                      Status_SL.Data4_Hi=0;                           
 170   5                              }                       
 171   4                              IDAC_L4_OFF;
 172   4                              set_tpic2();
 173   4                      }
 174   3                                      
 175   3              
 176   3      
 177   3              F_hold_data_idac=0;
 178   3      }
C51 COMPILER V9.60.7.0   MAIN_IPCL                                                         06/11/2026 10:40:53 PAGE 4   

 179   2      
 180   2      
 181   2      }
 182   1      }
C51 COMPILER V9.60.7.0   MAIN_IPCL                                                         06/11/2026 10:40:53 PAGE 5   

ASSEMBLY LISTING OF GENERATED OBJECT CODE


             ; FUNCTION main (BEGIN)
                                           ; SOURCE LINE # 31
                                           ; SOURCE LINE # 34
0000 120000      E     LCALL   init_ipCL
                                           ; SOURCE LINE # 37
0003 C200        R     CLR     rele_L1
0005 C200        R     CLR     rele_L2
0007 C200        R     CLR     rele_L3
0009 C200        R     CLR     rele_L4
                                           ; SOURCE LINE # 38
000B C200        R     CLR     gain_L1
000D C200        R     CLR     gain_L2
000F C200        R     CLR     gain_L3
0011 C200        R     CLR     gain_L4
                                           ; SOURCE LINE # 39
0013 C200        R     CLR     idac_L1
0015 C200        R     CLR     idac_L2
0017 C200        R     CLR     idac_L3
0019 C200        R     CLR     idac_L4
                                           ; SOURCE LINE # 40
001B 120000      E     LCALL   set_tpic1
                                           ; SOURCE LINE # 41
001E 120000      E     LCALL   set_tpic2
                                           ; SOURCE LINE # 42
0021 C294              CLR     P_tpic1_G
                                           ; SOURCE LINE # 43
0023 C290              CLR     P_tpic2_G
                                           ; SOURCE LINE # 45
0025 D2AF              SETB    EA
0027         ?C0001:
                                           ; SOURCE LINE # 53
                                           ; SOURCE LINE # 57
0027 E4                CLR     A
0028 F5EC              MOV     PCA0CPH2,A
                                           ; SOURCE LINE # 59
002A 300005      R     JNB     F_run_com_PC,?C0003
                                           ; SOURCE LINE # 60
002D C200        R     CLR     F_run_com_PC
                                           ; SOURCE LINE # 61
002F 120000      E     LCALL   work_PC
                                           ; SOURCE LINE # 62
0032         ?C0003:
                                           ; SOURCE LINE # 65
0032 7FE8              MOV     R7,#0E8H
0034 120000      E     LCALL   _delay_ipCL
                                           ; SOURCE LINE # 70
0037 30000D      R     JNB     F_run_test,?C0004
                                           ; SOURCE LINE # 71
003A 120000      E     LCALL   test_in_comp
                                           ; SOURCE LINE # 73
003D 30002D      R     JNB     F_load_idac,?C0006
                                           ; SOURCE LINE # 74
0040 C200        R     CLR     F_load_idac
                                           ; SOURCE LINE # 75
0042 120000      E     LCALL   step_test_L
                                           ; SOURCE LINE # 76
                                           ; SOURCE LINE # 77
0045 8026              SJMP    ?C0006
0047         ?C0004:
C51 COMPILER V9.60.7.0   MAIN_IPCL                                                         06/11/2026 10:40:53 PAGE 6   

                                           ; SOURCE LINE # 78
                                           ; SOURCE LINE # 80
0047 300007      R     JNB     F_start_test_L1,?C0007
                                           ; SOURCE LINE # 81
004A C200        R     CLR     F_start_test_L1
                                           ; SOURCE LINE # 82
004C 120000      E     LCALL   set_test_L1
                                           ; SOURCE LINE # 83
004F 801C              SJMP    ?C0006
0051         ?C0007:
                                           ; SOURCE LINE # 85
0051 300007      R     JNB     F_start_test_L2,?C0009
                                           ; SOURCE LINE # 86
0054 C200        R     CLR     F_start_test_L2
                                           ; SOURCE LINE # 87
0056 120000      E     LCALL   set_test_L2
                                           ; SOURCE LINE # 88
0059 8012              SJMP    ?C0006
005B         ?C0009:
                                           ; SOURCE LINE # 90
005B 300007      R     JNB     F_start_test_L3,?C0011
                                           ; SOURCE LINE # 91
005E C200        R     CLR     F_start_test_L3
                                           ; SOURCE LINE # 92
0060 120000      E     LCALL   set_test_L3
                                           ; SOURCE LINE # 93
0063 8008              SJMP    ?C0006
0065         ?C0011:
                                           ; SOURCE LINE # 95
0065 300005      R     JNB     F_start_test_L4,?C0006
                                           ; SOURCE LINE # 96
0068 C200        R     CLR     F_start_test_L4
                                           ; SOURCE LINE # 97
006A 120000      E     LCALL   set_test_L4
                                           ; SOURCE LINE # 98
                                           ; SOURCE LINE # 100
006D         ?C0006:
                                           ; SOURCE LINE # 103
006D 3000B7      R     JNB     F_end_test,?C0001
                                           ; SOURCE LINE # 104
0070 C200        R     CLR     F_end_test
                                           ; SOURCE LINE # 105
0072 E4                CLR     A
0073 F5EC              MOV     PCA0CPH2,A
                                           ; SOURCE LINE # 107
0075 E500        R     MOV     A,canal_test
0077 6401              XRL     A,#01H
0079 702A              JNZ     ?C0015
                                           ; SOURCE LINE # 108
007B 300014      R     JNB     F_hold_data_idac,?C0016
                                           ; SOURCE LINE # 109
007E 850000      R     MOV     Status_SL,range
                                           ; SOURCE LINE # 111
0081 E500        R     MOV     A,hold_code_IDAC+01H
0083 F500        R     MOV     Status_SL+01H,A
                                           ; SOURCE LINE # 112
0085 E500        R     MOV     A,hold_code_IDAC
0087 F500        R     MOV     hold_code_IDAC+01H,A
0089 750000      R     MOV     hold_code_IDAC,#00H
                                           ; SOURCE LINE # 113
008C E500        R     MOV     A,hold_code_IDAC+01H
008E F500        R     MOV     Status_SL+02H,A
C51 COMPILER V9.60.7.0   MAIN_IPCL                                                         06/11/2026 10:40:53 PAGE 7   

                                           ; SOURCE LINE # 114
0090 8007              SJMP    ?C0017
0092         ?C0016:
                                           ; SOURCE LINE # 115
                                           ; SOURCE LINE # 116
0092 E4                CLR     A
0093 F500        R     MOV     Status_SL,A
                                           ; SOURCE LINE # 117
0095 F500        R     MOV     Status_SL+01H,A
                                           ; SOURCE LINE # 118
0097 F500        R     MOV     Status_SL+02H,A
                                           ; SOURCE LINE # 119
0099         ?C0017:
                                           ; SOURCE LINE # 120
0099 C200        R     CLR     idac_L1
                                           ; SOURCE LINE # 121
009B 120000      E     LCALL   set_tpic1
                                           ; SOURCE LINE # 122
009E E4                CLR     A
009F F5C8              MOV     TMR2CN,A
                                           ; SOURCE LINE # 123
00A1 F500        R     MOV     set_canal_test,A
                                           ; SOURCE LINE # 125
00A3 807C              SJMP    ?C0018
00A5         ?C0015:
                                           ; SOURCE LINE # 126
00A5 E500        R     MOV     A,canal_test
00A7 6402              XRL     A,#02H
00A9 7025              JNZ     ?C0019
                                           ; SOURCE LINE # 127
00AB 300014      R     JNB     F_hold_data_idac,?C0020
                                           ; SOURCE LINE # 128
00AE 850000      R     MOV     Status_SL+03H,range
                                           ; SOURCE LINE # 130
00B1 E500        R     MOV     A,hold_code_IDAC+01H
00B3 F500        R     MOV     Status_SL+04H,A
                                           ; SOURCE LINE # 131
00B5 E500        R     MOV     A,hold_code_IDAC
00B7 F500        R     MOV     hold_code_IDAC+01H,A
00B9 750000      R     MOV     hold_code_IDAC,#00H
                                           ; SOURCE LINE # 132
00BC E500        R     MOV     A,hold_code_IDAC+01H
00BE F500        R     MOV     Status_SL+05H,A
                                           ; SOURCE LINE # 133
00C0 8007              SJMP    ?C0021
00C2         ?C0020:
                                           ; SOURCE LINE # 134
                                           ; SOURCE LINE # 135
00C2 E4                CLR     A
00C3 F500        R     MOV     Status_SL+03H,A
                                           ; SOURCE LINE # 136
00C5 F500        R     MOV     Status_SL+04H,A
                                           ; SOURCE LINE # 137
00C7 F500        R     MOV     Status_SL+05H,A
                                           ; SOURCE LINE # 138
00C9         ?C0021:
                                           ; SOURCE LINE # 139
00C9 C200        R     CLR     idac_L2
                                           ; SOURCE LINE # 140
00CB 120000      E     LCALL   set_tpic1
                                           ; SOURCE LINE # 141
00CE 8051              SJMP    ?C0018
C51 COMPILER V9.60.7.0   MAIN_IPCL                                                         06/11/2026 10:40:53 PAGE 8   

00D0         ?C0019:
                                           ; SOURCE LINE # 142
00D0 E500        R     MOV     A,canal_test
00D2 6403              XRL     A,#03H
00D4 7022              JNZ     ?C0023
                                           ; SOURCE LINE # 143
00D6 300014      R     JNB     F_hold_data_idac,?C0024
                                           ; SOURCE LINE # 144
00D9 850000      R     MOV     Status_SL+06H,range
                                           ; SOURCE LINE # 146
00DC E500        R     MOV     A,hold_code_IDAC+01H
00DE F500        R     MOV     Status_SL+07H,A
                                           ; SOURCE LINE # 147
00E0 E500        R     MOV     A,hold_code_IDAC
00E2 F500        R     MOV     hold_code_IDAC+01H,A
00E4 750000      R     MOV     hold_code_IDAC,#00H
                                           ; SOURCE LINE # 148
00E7 E500        R     MOV     A,hold_code_IDAC+01H
00E9 F500        R     MOV     Status_SL+08H,A
                                           ; SOURCE LINE # 149
00EB 8007              SJMP    ?C0025
00ED         ?C0024:
                                           ; SOURCE LINE # 150
                                           ; SOURCE LINE # 151
00ED E4                CLR     A
00EE F500        R     MOV     Status_SL+06H,A
                                           ; SOURCE LINE # 152
00F0 F500        R     MOV     Status_SL+07H,A
                                           ; SOURCE LINE # 153
00F2 F500        R     MOV     Status_SL+08H,A
                                           ; SOURCE LINE # 154
00F4         ?C0025:
                                           ; SOURCE LINE # 155
00F4 C200        R     CLR     idac_L3
                                           ; SOURCE LINE # 156
                                           ; SOURCE LINE # 157
00F6 8026              SJMP    ?C0031
00F8         ?C0023:
                                           ; SOURCE LINE # 158
00F8 E500        R     MOV     A,canal_test
00FA 6404              XRL     A,#04H
00FC 7023              JNZ     ?C0018
                                           ; SOURCE LINE # 159
00FE 300014      R     JNB     F_hold_data_idac,?C0028
                                           ; SOURCE LINE # 160
0101 850000      R     MOV     Status_SL+09H,range
                                           ; SOURCE LINE # 162
0104 E500        R     MOV     A,hold_code_IDAC+01H
0106 F500        R     MOV     Status_SL+0AH,A
                                           ; SOURCE LINE # 163
0108 E500        R     MOV     A,hold_code_IDAC
010A F500        R     MOV     hold_code_IDAC+01H,A
010C 750000      R     MOV     hold_code_IDAC,#00H
                                           ; SOURCE LINE # 164
010F E500        R     MOV     A,hold_code_IDAC+01H
0111 F500        R     MOV     Status_SL+0BH,A
                                           ; SOURCE LINE # 165
0113 8007              SJMP    ?C0029
0115         ?C0028:
                                           ; SOURCE LINE # 166
                                           ; SOURCE LINE # 167
0115 E4                CLR     A
C51 COMPILER V9.60.7.0   MAIN_IPCL                                                         06/11/2026 10:40:53 PAGE 9   

0116 F500        R     MOV     Status_SL+09H,A
                                           ; SOURCE LINE # 168
0118 F500        R     MOV     Status_SL+0AH,A
                                           ; SOURCE LINE # 169
011A F500        R     MOV     Status_SL+0BH,A
                                           ; SOURCE LINE # 170
011C         ?C0029:
                                           ; SOURCE LINE # 171
011C C200        R     CLR     idac_L4
                                           ; SOURCE LINE # 172
011E         ?C0031:
011E 120000      E     LCALL   set_tpic2
                                           ; SOURCE LINE # 173
0121         ?C0018:
                                           ; SOURCE LINE # 177
0121 C200        R     CLR     F_hold_data_idac
                                           ; SOURCE LINE # 178
                                           ; SOURCE LINE # 181
0123 020000      R     LJMP    ?C0001
             ; FUNCTION main (END)



MODULE INFORMATION:   STATIC OVERLAYABLE
   CODE SIZE        =    294    ----
   CONSTANT SIZE    =    512    ----
   XDATA SIZE       =     60    ----
   PDATA SIZE       =   ----    ----
   DATA SIZE        =     66    ----
   IDATA SIZE       =   ----    ----
   BIT SIZE         =     14    ----
END OF MODULE INFORMATION.


C51 COMPILATION COMPLETE.  0 WARNING(S),  0 ERROR(S)
