C51 COMPILER V9.60.7.0   TEST_SL_IPCL                                                      06/24/2026 14:07:28 PAGE 1   


C51 COMPILER V9.60.7.0, COMPILATION OF MODULE TEST_SL_IPCL
OBJECT MODULE PLACED IN .\Objects\test_SL_ipCL.obj
COMPILER INVOKED BY: C:\Keil_v5\C51\BIN\C51.EXE test_SL_ipCL.c LARGE OPTIMIZE(9,SPEED) BROWSE DEBUG OBJECTEXTEND PRINT(.
                    -\Listings\test_SL_ipCL.lst) OBJECT(.\Objects\test_SL_ipCL.obj)

line level    source

   1          /**************************************
   2          программа контроля звуковых линий IP усилителя
   3          *********************************************/
   4          #include "extern_ipCL.h"
   5          //---------------------------------------
   6          //проверка входов с внешн компаратора
   7          //отличается от первой версии
   8          //--------------------------------------
   9          void test_in_comp(void){
  10   1      
  11   1      //1
  12   1      //P_in_L1==1 сработал!  
  13   1      if(P_in_L1==1){
  14   2              c_in_comp1++;   
  15   2      }
  16   1      //2
  17   1      if(P_in_L2==1){
  18   2              c_in_comp2++;
  19   2      }
  20   1      //3
  21   1      if(P_in_L3==1){
  22   2              c_in_comp3++;
  23   2      }
  24   1      //4
  25   1      if(P_in_L4==1){
  26   2              c_in_comp4++;
  27   2      }
  28   1      
  29   1      c_in_comp_total++;
  30   1      }
  31          //--------------------------
  32          //запуск тестирования
  33          //------------------------------
  34          void set_test_L1(void){
  35   1      
  36   1      //if(set_canal_test[0] ==0)return;
  37   1      if(set_canal_test[0] ==1){range=1;GAIN_L1_MAX;}
  38   1      else if(set_canal_test[0] ==2){range=2;GAIN_L1_MIN;}
  39   1      else {Status_SL.NRange1=Status_SL.Data1_Hi=Status_SL.Data1_Lo=0;return;}
  40   1      
  41   1      canal_test=1;
  42   1      IDAC_L1_ON;
  43   1      IDAC_L2_OFF;
  44   1      IDAC_L3_OFF;
  45   1      IDAC_L4_OFF;
  46   1      //вкл???????    
  47   1      code_IDAC=0;
  48   1      //IDA0=
  49   1      IDA0L=0;        
  50   1      IDA0H=0;
  51   1      
  52   1      set_tpic1();
  53   1      set_tpic2();
  54   1      F_run_test=1;//1-идет тест
C51 COMPILER V9.60.7.0   TEST_SL_IPCL                                                      06/24/2026 14:07:28 PAGE 2   

  55   1      F_end_test=0;//
  56   1      F_rise_step_idac=1;//1- растет
  57   1      //F_end_step_idac=0;//1-конец диапазона
  58   1      F_hold_data_idac=0;//1-выполнено запоминание
  59   1      hold_code_IDAC=0;//код срабатывания
  60   1      //c_add_code_IDAC=0;//дополнительный подъем после срабатывания
  61   1      c_in_comp1=0;
  62   1      c_in_comp_total=0;
  63   1      F_run_sum=0;//1-выполняем суммирование
  64   1      sum_code_IDAC=0;//IDAC для интегрирования
  65   1      c_sum_code=0;
  66   1      F_load_idac=0;//флаг на загрузку ступеньки
  67   1      F_first_step=1;
  68   1      F_in_comp_on=0;
  69   1      }       
  70          //
  71          void set_test_L2(void){
  72   1      
  73   1      //if(set_canal_test[1] ==0)return;
  74   1      if(set_canal_test[1] ==1){range=1;GAIN_L2_MAX;}
  75   1      else if(set_canal_test[1] ==2){range=2;GAIN_L2_MIN;}
  76   1      else {Status_SL.NRange2=Status_SL.Data2_Hi=Status_SL.Data2_Lo=0;return;}
  77   1      
  78   1      canal_test=2;
  79   1      IDAC_L1_OFF;
  80   1      IDAC_L2_ON;
  81   1      IDAC_L3_OFF;
  82   1      IDAC_L4_OFF;
  83   1      //вкл???????    
  84   1      code_IDAC=0;
  85   1      //IDA0=
  86   1      IDA0L=0;        
  87   1      IDA0H=0;
  88   1      
  89   1      set_tpic1();
  90   1      set_tpic2();
  91   1      F_run_test=1;//1-идет тест
  92   1      F_end_test=0;//
  93   1      F_rise_step_idac=1;//1- растет
  94   1      //F_end_step_idac=0;//1-конец диапазона
  95   1      F_hold_data_idac=0;//1-выполнено запоминание
  96   1      hold_code_IDAC=0;//код срабатывания
  97   1      //c_add_code_IDAC=0;//дополнительный подъем после срабатывания
  98   1      c_in_comp2=0;
  99   1      c_in_comp_total=0;
 100   1      F_run_sum=0;//1-выполняем суммирование
 101   1      sum_code_IDAC=0;//IDAC для интегрирования
 102   1      c_sum_code=0;
 103   1      F_load_idac=0;//флаг на загрузку ступеньки
 104   1      F_first_step=1;
 105   1      F_in_comp_on=0;
 106   1      }
 107          //
 108          void set_test_L3(void){
 109   1      
 110   1      //if(set_canal_test[2] ==0)return;
 111   1      if(set_canal_test[2] ==1){range=1;GAIN_L3_MAX;}
 112   1      else if(set_canal_test[2] ==2){range=2;GAIN_L3_MIN;}
 113   1      else {Status_SL.NRange3=Status_SL.Data3_Hi=Status_SL.Data3_Lo=0;return;}
 114   1      
 115   1      canal_test=3;
 116   1      IDAC_L1_OFF;
C51 COMPILER V9.60.7.0   TEST_SL_IPCL                                                      06/24/2026 14:07:28 PAGE 3   

 117   1      IDAC_L2_OFF;
 118   1      IDAC_L3_ON;
 119   1      IDAC_L4_OFF;
 120   1      //вкл???????    
 121   1      code_IDAC=0;    
 122   1      //IDA0=
 123   1      IDA0L=0;        
 124   1      IDA0H=0;
 125   1      set_tpic1();
 126   1      set_tpic2();
 127   1      F_run_test=1;//1-идет тест
 128   1      F_end_test=0;//
 129   1      F_rise_step_idac=1;//1- растет
 130   1      //F_end_step_idac=0;//1-конец диапазона
 131   1      F_hold_data_idac=0;//1-выполнено запоминание
 132   1      hold_code_IDAC=0;//код срабатывания
 133   1      //c_add_code_IDAC=0;//дополнительный подъем после срабатывания
 134   1      c_in_comp3=0;
 135   1      c_in_comp_total=0;
 136   1      F_run_sum=0;//1-выполняем суммирование
 137   1      sum_code_IDAC=0;//IDAC для интегрирования
 138   1      c_sum_code=0;
 139   1      F_load_idac=0;//флаг на загрузку ступеньки
 140   1      F_first_step=1;
 141   1      F_in_comp_on=0;
 142   1      }
 143          //
 144          void set_test_L4(void){
 145   1      
 146   1      //if(set_canal_test[3] ==0)return;
 147   1      if(set_canal_test[3] ==1){range=1;GAIN_L4_MAX;}
 148   1      else if(set_canal_test[3] ==2){range=2;GAIN_L4_MIN;}
 149   1      else {Status_SL.NRange4=Status_SL.Data4_Hi=Status_SL.Data4_Lo=0;return;}
 150   1      
 151   1      canal_test=4;
 152   1      IDAC_L1_OFF;
 153   1      IDAC_L2_OFF;
 154   1      IDAC_L3_OFF;
 155   1      IDAC_L4_ON;
 156   1      //вкл???????    
 157   1      code_IDAC=0;    
 158   1      //IDA0=
 159   1      IDA0L=0;        
 160   1      IDA0H=0;
 161   1      set_tpic1();
 162   1      set_tpic2();
 163   1      F_run_test=1;//1-идет тест
 164   1      F_end_test=0;//
 165   1      F_rise_step_idac=1;//1- растет
 166   1      //F_end_step_idac=0;//1-конец диапазона
 167   1      F_hold_data_idac=0;//1-выполнено запоминание
 168   1      hold_code_IDAC=0;//код срабатывания
 169   1      //c_add_code_IDAC=0;//дополнительный подъем после срабатывания
 170   1      c_in_comp4=0;
 171   1      c_in_comp_total=0;
 172   1      F_run_sum=0;//1-выполняем суммирование
 173   1      sum_code_IDAC=0;//IDAC для интегрирования
 174   1      c_sum_code=0;
 175   1      F_load_idac=0;//флаг на загрузку ступеньки
 176   1      F_first_step=1;
 177   1      F_in_comp_on=0;
 178   1      }       
C51 COMPILER V9.60.7.0   TEST_SL_IPCL                                                      06/24/2026 14:07:28 PAGE 4   

 179          //--------------------------
 180          //выплонение шага тестирования
 181          //------------------------------
 182          void step_test_L(void){ 
 183   1      WORD v_in_comp;
 184   1      
 185   1      //для сброса неполных
 186   1      if(F_first_step){
 187   2              F_first_step=0;
 188   2              //обнуляем
 189   2              c_in_comp_total=0;
 190   2              c_in_comp1=0;
 191   2              c_in_comp2=0;
 192   2              c_in_comp3=0;
 193   2              c_in_comp4=0;   
 194   2              return;
 195   2      }       
 196   1              
 197   1      //определяем компаратор 
 198   1      if(canal_test==1){
 199   2              v_in_comp=c_in_comp_total>>2;
 200   2              if(v_in_comp>0){
 201   3                      //если компаратор срабатывает то c_in_comp1 и c_in_comp_total накапливаются
 202   3                      //хз зачем так сложно
 203   3                      if(c_in_comp1 >(c_in_comp_total-v_in_comp)){
 204   4                              F_in_comp_on = 1;
 205   4                      }
 206   3                      else if(c_in_comp1 <v_in_comp){
 207   4                              F_in_comp_on=0;
 208   4                      }
 209   3              }
 210   2              else{
 211   3                      c_in_comp_total=0;
 212   3                      c_in_comp1=0;
 213   3                      return;
 214   3              }
 215   2      }               
 216   1      else if(canal_test==2){
 217   2              v_in_comp=c_in_comp_total>>2;
 218   2              if(v_in_comp>0){
 219   3                      if(c_in_comp2 >(c_in_comp_total-v_in_comp))F_in_comp_on=1;
 220   3                      else if(c_in_comp2 <v_in_comp)F_in_comp_on=0;
 221   3              }
 222   2              else{
 223   3                      c_in_comp_total=0;
 224   3                      c_in_comp2=0;
 225   3                      return;
 226   3              }
 227   2      }       
 228   1      else if(canal_test==3){
 229   2              v_in_comp=c_in_comp_total>>2;
 230   2              if(v_in_comp>0){
 231   3                      if(c_in_comp3 >(c_in_comp_total-v_in_comp))F_in_comp_on=1;
 232   3                      else if(c_in_comp3 <v_in_comp)F_in_comp_on=0;
 233   3              }
 234   2              else{
 235   3                      c_in_comp_total=0;
 236   3                      c_in_comp3=0;
 237   3                      return;
 238   3              }
 239   2      }       
 240   1      else if(canal_test==4){
C51 COMPILER V9.60.7.0   TEST_SL_IPCL                                                      06/24/2026 14:07:28 PAGE 5   

 241   2              v_in_comp=c_in_comp_total>>2;
 242   2              if(v_in_comp>0){
 243   3                      if(c_in_comp4 >(c_in_comp_total-v_in_comp))F_in_comp_on=1;
 244   3                      else if(c_in_comp4 <v_in_comp)F_in_comp_on=0;
 245   3              }
 246   2              else{
 247   3                      c_in_comp_total=0;
 248   3                      c_in_comp4=0;
 249   3                      return;
 250   3              }       
 251   2      }
 252   1      else {
 253   2              c_in_comp_total=0;
 254   2              c_in_comp1=0;
 255   2              c_in_comp2=0;
 256   2              c_in_comp3=0;
 257   2              c_in_comp4=0;
 258   2              F_run_test=0;//1-идет тест
 259   2              F_end_test=1;//1-       
 260   2              return;
 261   2      }
 262   1      //обнуляем
 263   1      c_in_comp_total=0;
 264   1      c_in_comp1=0;
 265   1      c_in_comp2=0;
 266   1      c_in_comp3=0;
 267   1      c_in_comp4=0;
 268   1      
 269   1      //проверка первого срабатывания
 270   1      if(F_run_sum==0){//не выполняем суммирование
 271   2              if(F_rise_step_idac){//1- растет                
 272   3      
 273   3                      if(F_in_comp_on){//1-сработал
 274   4      
 275   4                              if(code_IDAC < CODE_DAC_CORESPONDING_ZERO){//???64 //128
 276   5                                      hold_code_IDAC=0;//код срабатывания
 277   5                                      F_hold_data_idac=1;//1-выполнено запоминание
 278   5                                      F_run_test=0;//1-идет тест
 279   5                                      F_end_test=1;//1-
 280   5                              }
 281   4                              else{
 282   5                                              
 283   5                                      UlogParam("first", footim);
 284   5                                      
 285   5                                      sum_code_IDAC = (code_IDAC>>6);//IDAC для интегрирования
 286   5                                      c_sum_code = 1;
 287   5                                      F_run_sum = 1;//1-выполняем суммирование
 288   5                                      F_rise_step_idac = 0;//вниз
 289   5                                      code_IDAC -= 64;
 290   5                                      //IDA0=code_IDAC;
 291   5                                      Hi_code_IDAC = (code_IDAC >>8); 
 292   5                                      IDA0L = code_IDAC & 0xFF;
 293   5                                      IDA0H = Hi_code_IDAC;
 294   5                              }
 295   4                              
 296   4                      }
 297   3                      else{
 298   4                              //первоначально здесь растет ЦАП
 299   4                              if(code_IDAC < MAX_CODE_DAC_REG){
 300   5                                      code_IDAC +=64;
 301   5                                      //IDA0=code_IDAC;
 302   5                                      Hi_code_IDAC=(code_IDAC >>8);   
C51 COMPILER V9.60.7.0   TEST_SL_IPCL                                                      06/24/2026 14:07:28 PAGE 6   

 303   5                                      IDA0L=code_IDAC & 0xFF;
 304   5                                      IDA0H=Hi_code_IDAC;                             
 305   5                              }
 306   4                              else{// F_end_step_idac=1;//1-конец диапазона
 307   5                                      //запоминаем
 308   5                                      hold_code_IDAC=(MAX_CODE_DAC_REG >> 6);
 309   5                                      F_hold_data_idac=1;//1-выполнено запоминание                    
 310   5                                      //меняем направление
 311   5                                      F_rise_step_idac=0;
 312   5                              }                               
 313   4                      }
 314   3                      
 315   3              }
 316   2              else{//завершение вниз
 317   3                      if(code_IDAC >63){
 318   4                              code_IDAC -=64;
 319   4                              //IDA0=code_IDAC;
 320   4                              Hi_code_IDAC=(code_IDAC >>8);   
 321   4                              IDA0L=code_IDAC & 0xFF;
 322   4                              IDA0H=Hi_code_IDAC;                     
 323   4                      }       
 324   3                      else {
 325   4                              F_run_test=0;//1-идет тест
 326   4                              F_end_test=1;//
 327   4                      }               
 328   3              }
 329   2      }
 330   1      
 331   1      //F_run_sum==1;//1-выполняем суммирование       
 332   1      else{
 333   2              if(F_rise_step_idac == 0){//вниз
 334   3                      if(F_in_comp_on == 0){//отпустил
 335   4                              UlogParam("down; comp = 0", footim);
 336   4                              sum_code_IDAC += ((code_IDAC>>6) - 1);//????????IDAC для интегрирования
 337   4                              c_sum_code++;
 338   4                              if(c_sum_code >= INTEGRATION_COUNT){//64  усе
 339   5                                      
 340   5                                      UlogParam("finish", footim);
 341   5                                      
 342   5                                      //запоминаем
 343   5                                      hold_code_IDAC = sum_code_IDAC / INTEGRATION_COUNT;//64
 344   5                                      F_hold_data_idac = 1;//1-выполнено запоминание
 345   5                                      F_run_sum = 0;//1-выполняем суммирование
 346   5                              }
 347   4                              else{//разворот вверх                           
 348   5                                      F_rise_step_idac=1;//
 349   5                                      code_IDAC +=64;
 350   5                                      //IDA0=code_IDAC;
 351   5                                      Hi_code_IDAC=(code_IDAC >>8);   
 352   5                                      IDA0L=code_IDAC & 0xFF;
 353   5                                      IDA0H=Hi_code_IDAC;             
 354   5                                      UlogParam("down; comp = 0; change, go up", footim);
 355   5                              }
 356   4                      }
 357   3                      else{//еще ниже
 358   4                              if(code_IDAC < CODE_DAC_CORESPONDING_ZERO){//???64 //128                                
 359   5                                      hold_code_IDAC = 0;//код срабатывания
 360   5                                      F_hold_data_idac = 1;//1-выполнено запоминание
 361   5                                      F_run_test = 0;//1-идет тест
 362   5                                      F_end_test = 1;//1-
 363   5                                      UlogParam("down; comp = 1; more  go down", footim);
 364   5                              }
C51 COMPILER V9.60.7.0   TEST_SL_IPCL                                                      06/24/2026 14:07:28 PAGE 7   

 365   4                              else{
 366   5                                      code_IDAC -=64;
 367   5                                      //IDA0=code_IDAC;
 368   5                                      Hi_code_IDAC=(code_IDAC >>8);   
 369   5                                      IDA0L=code_IDAC & 0xFF;
 370   5                                      IDA0H=Hi_code_IDAC;                             
 371   5                              }                               
 372   4                      }
 373   3      
 374   3              }               
 375   2              else{//вверх
 376   3                      if(F_in_comp_on){//1-сработал
 377   4                              
 378   4                              //if(code_IDAC<128){//???64 //128
 379   4                              //      hold_code_IDAC=0;//код срабатывания
 380   4                              //      F_hold_data_idac=1;//1-выполнено запоминание
 381   4                              //      F_run_test=0;//1-идет тест
 382   4                              //      F_end_test=1;//1-
 383   4                              //}
 384   4                              //else{
 385   4                                      sum_code_IDAC+=(code_IDAC>>6);//IDAC для интегрирования
 386   4                                      c_sum_code++;
 387   4                                      //F_run_sum=1;//1-выполняем суммирование
 388   4                                      F_rise_step_idac=0;//вниз
 389   4                                      code_IDAC -=64;
 390   4                                      //IDA0=code_IDAC;
 391   4                                      Hi_code_IDAC=(code_IDAC >>8);   
 392   4                                      IDA0L=code_IDAC & 0xFF;
 393   4                                      IDA0H=Hi_code_IDAC;     
 394   4                                      UlogParam("up; comp = 1; change go down", footim);                      
 395   4                              //}
 396   4                              
 397   4                      }
 398   3                      else{
 399   4                              //вот здесь идет увеличение кода ЦАПА 
 400   4                              if(code_IDAC <MAX_CODE_DAC_REG){//0xFFC0 - максимальное значение кода ЦАПА (если сденуть на 6 единиц вр
             -паво)
 401   5                                      UlogParam("up; comp = 0; more up", footim);
 402   5                                      code_IDAC +=64;
 403   5                                      //IDA0=code_IDAC;
 404   5                                      Hi_code_IDAC=(code_IDAC >> 8);  
 405   5                                      IDA0L=code_IDAC & 0xFF;
 406   5                                      IDA0H=Hi_code_IDAC;                             
 407   5                              }
 408   4                              else{// F_end_step_idac=1;//1-конец диапазона
 409   5                                      //запоминаем
 410   5                                      hold_code_IDAC=(MAX_CODE_DAC_REG >> 6);
 411   5                                      F_hold_data_idac=1;//1-выполнено запоминание                    
 412   5                                      //меняем направление
 413   5                                      F_rise_step_idac=0;
 414   5                                      F_run_sum=0;//на выход ,1-выполняем суммирование
 415   5                              }                               
 416   4                      }               
 417   3              }
 418   2      }
 419   1      }
 420          
 421          
 422          
 423          //--------------------------
 424          //инсталяция звуковых линий
 425          //------------------------------
C51 COMPILER V9.60.7.0   TEST_SL_IPCL                                                      06/24/2026 14:07:28 PAGE 8   

 426          void install_SL(void){
 427   1      
 428   1      Status_SL.NRange1=Status_SL.Data1_Hi=Status_SL.Data1_Lo=0;
 429   1      Status_SL.NRange2=Status_SL.Data2_Hi=Status_SL.Data2_Lo=0;
 430   1      Status_SL.NRange3=Status_SL.Data3_Hi=Status_SL.Data3_Lo=0;
 431   1      Status_SL.NRange4=Status_SL.Data4_Hi=Status_SL.Data4_Lo=0;              
 432   1      
 433   1      PCA0CPH2  = 0;//reset wdt
 434   1      //++канал 1     
 435   1      if(install_cahal_1){
 436   2              //смотрим первый диапазон
 437   2              set_canal_test[0]=1;
 438   2              set_test_L1();
 439   2              while(1){
 440   3                      test_in_comp();         
 441   3                      if(F_load_idac){//флаг на загрузку ступеньки
 442   4                              F_load_idac=0;//флаг на загрузку ступеньки
 443   4                              step_test_L();
 444   4                              PCA0CPH2  = 0;//reset wdt
 445   4                      }               
 446   3                      //закончили тест одной линии
 447   3                      if(F_end_test)break;
 448   3              }
 449   2              
 450   2              if(F_hold_data_idac){//1-выполнено запоминание
 451   3                      install_code_IDAC_1=hold_code_IDAC;
 452   3                      
 453   3                      //смотрим 2 диапазон
 454   3                      set_canal_test[0]=2;
 455   3                      set_test_L1();
 456   3                      while(1){
 457   4                              test_in_comp();         
 458   4                              if(F_load_idac){//флаг на загрузку ступеньки
 459   5                                      F_load_idac=0;//флаг на загрузку ступеньки
 460   5                                      step_test_L();
 461   5                                      PCA0CPH2  = 0;//reset wdt
 462   5                              }               
 463   4                              //закончили тест одной линии
 464   4                              if(F_end_test)break;
 465   4                      }               
 466   3                      
 467   3                      if(F_hold_data_idac){//1-выполнено запоминание
 468   4                              install_code_IDAC_2=hold_code_IDAC;             
 469   4                              //выбираем значение
 470   4                              //install_code_IDAC_1=(install_code_IDAC_1 >>6);
 471   4                              //install_code_IDAC_2=(install_code_IDAC_2 >>6);
 472   4                              v_test=optimal_value_selection(1);
 473   4                              if(v_test==1){
 474   5                                      Status_SL.NRange1=1;
 475   5                                      Status_SL.Data1_Lo=(install_code_IDAC_1 &0xFF);
 476   5                                      install_code_IDAC_1=(install_code_IDAC_1 >>8);
 477   5                                      Status_SL.Data1_Hi=(install_code_IDAC_1 &0xFF);
 478   5                              }
 479   4                              else if(v_test==2){
 480   5                                      Status_SL.NRange1=2;
 481   5                                      Status_SL.Data1_Lo=(install_code_IDAC_2 &0xFF);
 482   5                                      install_code_IDAC_2=(install_code_IDAC_2 >>8);
 483   5                                      Status_SL.Data1_Hi=(install_code_IDAC_2 &0xFF);
 484   5                              }                                               
 485   4                      }
 486   3              }
 487   2              
C51 COMPILER V9.60.7.0   TEST_SL_IPCL                                                      06/24/2026 14:07:28 PAGE 9   

 488   2      }
 489   1      //++канал 2     
 490   1      PCA0CPH2  = 0;//reset wdt
 491   1      if(install_cahal_2){
 492   2              //смотрим первый диапазон
 493   2              set_canal_test[1]=1;
 494   2              set_test_L2();
 495   2              while(1){
 496   3                      test_in_comp();         
 497   3                      if(F_load_idac){//флаг на загрузку ступеньки
 498   4                              F_load_idac=0;//флаг на загрузку ступеньки
 499   4                              step_test_L();
 500   4                              PCA0CPH2  = 0;//reset wdt
 501   4                      }               
 502   3                      //закончили тест одной линии
 503   3                      if(F_end_test)break;
 504   3              }
 505   2              
 506   2              if(F_hold_data_idac){//1-выполнено запоминание
 507   3                      install_code_IDAC_1=hold_code_IDAC;
 508   3                      
 509   3                      //смотрим 2 диапазон
 510   3                      set_canal_test[1]=2;
 511   3                      set_test_L2();
 512   3                      while(1){
 513   4                              test_in_comp();         
 514   4                              if(F_load_idac){//флаг на загрузку ступеньки
 515   5                                      F_load_idac=0;//флаг на загрузку ступеньки
 516   5                                      step_test_L();
 517   5                                      PCA0CPH2  = 0;//reset wdt
 518   5                              }               
 519   4                              //закончили тест одной линии
 520   4                              if(F_end_test)break;
 521   4                      }               
 522   3                      
 523   3                      if(F_hold_data_idac){//1-выполнено запоминание
 524   4                              install_code_IDAC_2=hold_code_IDAC;             
 525   4                              //выбираем значение
 526   4                              //install_code_IDAC_1=(install_code_IDAC_1 >>6);
 527   4                              //install_code_IDAC_2=(install_code_IDAC_2 >>6);
 528   4                              v_test=optimal_value_selection(2);
 529   4                              if(v_test==1){
 530   5                                      Status_SL.NRange2=1;
 531   5                                      Status_SL.Data2_Lo=(install_code_IDAC_1 &0xFF);
 532   5                                      install_code_IDAC_1=(install_code_IDAC_1 >>8);
 533   5                                      Status_SL.Data2_Hi=(install_code_IDAC_1 &0xFF);
 534   5                              }
 535   4                              else if(v_test==2){
 536   5                                      Status_SL.NRange2=2;
 537   5                                      Status_SL.Data2_Lo=(install_code_IDAC_2 &0xFF);
 538   5                                      install_code_IDAC_2=(install_code_IDAC_2 >>8);
 539   5                                      Status_SL.Data2_Hi=(install_code_IDAC_2 &0xFF);
 540   5                              }                       
 541   4                              
 542   4                      }
 543   3              }
 544   2              
 545   2      }
 546   1      //++канал 3     
 547   1      PCA0CPH2  = 0;//reset wdt
 548   1      if(install_cahal_3){
 549   2              //смотрим первый диапазон
C51 COMPILER V9.60.7.0   TEST_SL_IPCL                                                      06/24/2026 14:07:28 PAGE 10  

 550   2              set_canal_test[2]=1;
 551   2              set_test_L3();
 552   2              while(1){
 553   3                      test_in_comp();         
 554   3                      if(F_load_idac){//флаг на загрузку ступеньки
 555   4                              F_load_idac=0;//флаг на загрузку ступеньки
 556   4                              step_test_L();
 557   4                              PCA0CPH2  = 0;//reset wdt
 558   4                      }               
 559   3                      //закончили тест одной линии
 560   3                      if(F_end_test)break;
 561   3              }
 562   2              
 563   2              if(F_hold_data_idac){//1-выполнено запоминание
 564   3                      install_code_IDAC_1=hold_code_IDAC;
 565   3                      
 566   3                      //смотрим 2 диапазон
 567   3                      set_canal_test[2]=2;
 568   3                      set_test_L3();
 569   3                      while(1){
 570   4                              test_in_comp();         
 571   4                              if(F_load_idac){//флаг на загрузку ступеньки
 572   5                                      F_load_idac=0;//флаг на загрузку ступеньки
 573   5                                      step_test_L();
 574   5                                      PCA0CPH2  = 0;//reset wdt
 575   5                              }               
 576   4                              //закончили тест одной линии
 577   4                              if(F_end_test)break;
 578   4                      }               
 579   3                      
 580   3                      if(F_hold_data_idac){//1-выполнено запоминание
 581   4                              install_code_IDAC_2=hold_code_IDAC;             
 582   4                              //выбираем значение
 583   4                              //install_code_IDAC_1=(install_code_IDAC_1 >>6);
 584   4                              //install_code_IDAC_2=(install_code_IDAC_2 >>6);
 585   4                              v_test=optimal_value_selection(3);
 586   4                              if(v_test==1){
 587   5                                      Status_SL.NRange3=1;
 588   5                                      Status_SL.Data3_Lo=(install_code_IDAC_1 &0xFF);
 589   5                                      install_code_IDAC_1=(install_code_IDAC_1 >>8);
 590   5                                      Status_SL.Data3_Hi=(install_code_IDAC_1 &0xFF);
 591   5                              }
 592   4                              else if(v_test==2){
 593   5                                      Status_SL.NRange3=2;
 594   5                                      Status_SL.Data3_Lo=(install_code_IDAC_2 &0xFF);
 595   5                                      install_code_IDAC_2=(install_code_IDAC_2 >>8);
 596   5                                      Status_SL.Data3_Hi=(install_code_IDAC_2 &0xFF);
 597   5                              }                       
 598   4                              
 599   4                      }
 600   3              }
 601   2              
 602   2      }
 603   1      //++канал 4     
 604   1      PCA0CPH2  = 0;//reset wdt
 605   1      if(install_cahal_4){
 606   2              //смотрим первый диапазон
 607   2              set_canal_test[3]=1;
 608   2              set_test_L4();
 609   2              while(1){
 610   3                      test_in_comp();         
 611   3                      if(F_load_idac){//флаг на загрузку ступеньки
C51 COMPILER V9.60.7.0   TEST_SL_IPCL                                                      06/24/2026 14:07:28 PAGE 11  

 612   4                              F_load_idac=0;//флаг на загрузку ступеньки
 613   4                              step_test_L();
 614   4                              PCA0CPH2  = 0;//reset wdt
 615   4                      }               
 616   3                      //закончили тест одной линии
 617   3                      if(F_end_test)break;
 618   3              }
 619   2              
 620   2              if(F_hold_data_idac){//1-выполнено запоминание
 621   3                      install_code_IDAC_1=hold_code_IDAC;
 622   3                      
 623   3                      //смотрим 2 диапазон
 624   3                      set_canal_test[3]=2;
 625   3                      set_test_L4();
 626   3                      while(1){
 627   4                              test_in_comp();         
 628   4                              if(F_load_idac){//флаг на загрузку ступеньки
 629   5                                      F_load_idac=0;//флаг на загрузку ступеньки
 630   5                                      step_test_L();
 631   5                                      PCA0CPH2  = 0;//reset wdt
 632   5                              }               
 633   4                              //закончили тест одной линии
 634   4                              if(F_end_test)break;
 635   4                      }               
 636   3                      
 637   3                      if(F_hold_data_idac){//1-выполнено запоминание
 638   4                              install_code_IDAC_2=hold_code_IDAC;             
 639   4                              //выбираем значение
 640   4                              //install_code_IDAC_1=(install_code_IDAC_1 >>6);
 641   4                              //install_code_IDAC_2=(install_code_IDAC_2 >>6);
 642   4                              v_test=optimal_value_selection(4);
 643   4                              if(v_test==1){
 644   5                                      Status_SL.NRange4=1;
 645   5                                      Status_SL.Data4_Lo=(install_code_IDAC_1 &0xFF);
 646   5                                      install_code_IDAC_1=(install_code_IDAC_1 >>8);
 647   5                                      Status_SL.Data4_Hi=(install_code_IDAC_1 &0xFF);
 648   5                              }
 649   4                              else if(v_test==2){
 650   5                                      Status_SL.NRange4=2;
 651   5                                      Status_SL.Data4_Lo=(install_code_IDAC_2 &0xFF);
 652   5                                      install_code_IDAC_2=(install_code_IDAC_2 >>8);
 653   5                                      Status_SL.Data4_Hi=(install_code_IDAC_2 &0xFF);
 654   5                              }                       
 655   4                              
 656   4                      }
 657   3              }
 658   2              
 659   2      }
 660   1      IDAC_L1_OFF;
 661   1      IDAC_L2_OFF;
 662   1      IDAC_L3_OFF;
 663   1      IDAC_L4_OFF;
 664   1      set_tpic1();
 665   1      set_tpic2();
 666   1      
 667   1      set_canal_test[0]=set_canal_test[1]=set_canal_test[2]=set_canal_test[3]=0;      
 668   1      c_seconds=0;
 669   1      F_hold_data_idac=0;
 670   1      F_end_test=0;
 671   1      F_start_test_L1=F_start_test_L2=F_start_test_L3=F_start_test_L4=0;
 672   1      
 673   1      }       
C51 COMPILER V9.60.7.0   TEST_SL_IPCL                                                      06/24/2026 14:07:28 PAGE 12  

 674          
 675          
 676          //--------------------------
 677          //выбор оптимального значения
 678          //------------------------------
 679          BYTE optimal_value_selection(BYTE chNumber){
 680   1      
 681   1      if(install_code_IDAC_1 > 512) test1_install = install_code_IDAC_1 - 512;
 682   1      else test1_install = 512 - install_code_IDAC_1;
 683   1              
 684   1      if(install_code_IDAC_2 > 512)test2_install=install_code_IDAC_2 - 512;
 685   1      else test2_install = 512 - install_code_IDAC_2; 
 686   1              
 687   1      if(test1_install > test2_install) {
 688   2              ((WORD*)&DacStartValueLines)[chNumber - 1] = install_code_IDAC_2 - 20;  
 689   2              return 2;
 690   2      }
 691   1      else {
 692   2              ((WORD*)&DacStartValueLines)[chNumber - 1] = install_code_IDAC_1 - 20;
 693   2              return 1;               
 694   2      }       
 695   1      }
 696          
 697          //--------------------------
 698          //выбор следующего канала участвующего в тесте 
 699          //------------------------------
 700          BYTE i = 0;
 701          void set_f_start_test_Lx(){     
 702   1              for(i = 0; i < 4; ++i){
 703   2                      if(set_canal_test[i] != 0){                     
 704   3                              F_start_test = (1 << i);
 705   3                              return;
 706   3                      }
 707   2              }
 708   1      }


MODULE INFORMATION:   STATIC OVERLAYABLE
   CODE SIZE        =   1850    ----
   CONSTANT SIZE    =    139    ----
   XDATA SIZE       =      1       2
   PDATA SIZE       =   ----    ----
   DATA SIZE        =   ----    ----
   IDATA SIZE       =   ----    ----
   BIT SIZE         =   ----    ----
END OF MODULE INFORMATION.


C51 COMPILATION COMPLETE.  0 WARNING(S),  0 ERROR(S)
