C51 COMPILER V9.60.7.0   TIMERS_IPCL                                                       06/11/2026 15:31:23 PAGE 1   


C51 COMPILER V9.60.7.0, COMPILATION OF MODULE TIMERS_IPCL
OBJECT MODULE PLACED IN .\Objects\timers_ipCL.obj
COMPILER INVOKED BY: C:\Keil_v5\C51\BIN\C51.EXE timers_ipCL.c OPTIMIZE(8,SPEED) BROWSE DEBUG OBJECTEXTEND CODE PRINT(.\L
                    -istings\timers_ipCL.lst) OBJECT(.\Objects\timers_ipCL.obj)

line level    source

   1          /**************************
   2          программа контроля звуковых линий IP усилителя
   3          ***************************/
   4          //#include "C8051F330.h"
   5          #include "extern_ipCL.h"
   6          
   7          
   8          /*********************************************
   9          обработка прерывания Т2
  10          // Программа обработки прерывания таймера 3 
  11          // 16 bit auto reload
  12          // Timer clock = SYSCLK = sis/12
  13          // Прерывание 10ms
  14          *****************************************************/ 
  15          void INT_Timer_2( void ) interrupt 5
  16          {
  17   1              
  18   1      
  19   1              TF2H=0;
  20   1              
  21   1              
  22   1              
  23   1              if(c_10ms==0){
  24   2                      c_10ms=99;
  25   2                      if(c_seconds>=79){//49
  26   3                              c_seconds=0;                    
  27   3                      }
  28   2                      else c_seconds++;
  29   2                      
  30   2                      if(c_seconds==1)F_start_test_L1=1;//2
  31   2                      else if(c_seconds==21)F_start_test_L2=1;//14            
  32   2                      else if(c_seconds==41)F_start_test_L3=1;//26            
  33   2                      else if(c_seconds==61)F_start_test_L4=1;//38            
  34   2              }
  35   1              else c_10ms--;
  36   1      }
  37          
  38          /*********************************************
  39          обработка прерывания Т3
  40          // Программа обработки прерывания таймера 3 
  41          // 16 bit auto reload
  42          // Timer clock = SYSCLK = 
  43          // Прерывание 500us dac
  44          //для смирнова 4ms(2ms прерыв *2 в прерывании)
  45          //v6 8ms (2прер *4)
  46          *****************************************************/ 
  47          void INT_Timer_3( void ) interrupt 14
  48          {
  49   1      
  50   1              TMR3CN &=0x7F;//TF3H=0;
  51   1              footim++;
  52   1              div_f_start_dac++;
  53   1              if(div_f_start_dac >3){
  54   2                      div_f_start_dac=0;
C51 COMPILER V9.60.7.0   TIMERS_IPCL                                                       06/11/2026 15:31:23 PAGE 2   

  55   2                      F_load_idac=1;
  56   2                      
  57   2              }
  58   1      
  59   1              
  60   1      /*
  61   1              if(F_div_f_start_dac==0)F_div_f_start_dac=1;
  62   1              else{
  63   1                      F_div_f_start_dac=0;
  64   1                      F_load_idac=1;
  65   1              }               
  66   1      */              
  67   1                              
  68   1      }
C51 COMPILER V9.60.7.0   TIMERS_IPCL                                                       06/11/2026 15:31:23 PAGE 3   

ASSEMBLY LISTING OF GENERATED OBJECT CODE


             ; FUNCTION INT_Timer_2 (BEGIN)
0000 C0E0              PUSH    ACC
0002 C0D0              PUSH    PSW
                                           ; SOURCE LINE # 15
                                           ; SOURCE LINE # 19
0004 C2CF              CLR     TF2H
                                           ; SOURCE LINE # 23
0006 E500        E     MOV     A,c_10ms
0008 7035              JNZ     ?C0001
                                           ; SOURCE LINE # 24
000A 750063      E     MOV     c_10ms,#063H
                                           ; SOURCE LINE # 25
000D E500        E     MOV     A,c_seconds
000F C3                CLR     C
0010 944F              SUBB    A,#04FH
0012 4005              JC      ?C0002
                                           ; SOURCE LINE # 26
0014 750000      E     MOV     c_seconds,#00H
                                           ; SOURCE LINE # 27
0017 8002              SJMP    ?C0003
0019         ?C0002:
                                           ; SOURCE LINE # 28
0019 0500        E     INC     c_seconds
001B         ?C0003:
                                           ; SOURCE LINE # 30
001B E500        E     MOV     A,c_seconds
001D B40104            CJNE    A,#01H,?C0004
0020 D200        E     SETB    F_start_test_L1
0022 801D              SJMP    ?C0012
0024         ?C0004:
                                           ; SOURCE LINE # 31
0024 E500        E     MOV     A,c_seconds
0026 B41504            CJNE    A,#015H,?C0006
0029 D200        E     SETB    F_start_test_L2
002B 8014              SJMP    ?C0012
002D         ?C0006:
                                           ; SOURCE LINE # 32
002D E500        E     MOV     A,c_seconds
002F B42904            CJNE    A,#029H,?C0008
0032 D200        E     SETB    F_start_test_L3
0034 800B              SJMP    ?C0012
0036         ?C0008:
                                           ; SOURCE LINE # 33
0036 E500        E     MOV     A,c_seconds
0038 B43D06            CJNE    A,#03DH,?C0012
003B D200        E     SETB    F_start_test_L4
                                           ; SOURCE LINE # 34
003D 8002              SJMP    ?C0012
003F         ?C0001:
                                           ; SOURCE LINE # 35
003F 1500        E     DEC     c_10ms
                                           ; SOURCE LINE # 36
0041         ?C0012:
0041 D0D0              POP     PSW
0043 D0E0              POP     ACC
0045 32                RETI    
             ; FUNCTION INT_Timer_2 (END)

             ; FUNCTION INT_Timer_3 (BEGIN)
C51 COMPILER V9.60.7.0   TIMERS_IPCL                                                       06/11/2026 15:31:23 PAGE 4   

0000 C0E0              PUSH    ACC
0002 C0D0              PUSH    PSW
                                           ; SOURCE LINE # 47
                                           ; SOURCE LINE # 50
0004 53917F            ANL     TMR3CN,#07FH
                                           ; SOURCE LINE # 51
0007 0500        E     INC     footim+01H
0009 E500        E     MOV     A,footim+01H
000B 7002              JNZ     ?C0015
000D 0500        E     INC     footim
000F         ?C0015:
                                           ; SOURCE LINE # 52
000F 0500        E     INC     div_f_start_dac
                                           ; SOURCE LINE # 53
0011 E500        E     MOV     A,div_f_start_dac
0013 D3                SETB    C
0014 9403              SUBB    A,#03H
0016 4005              JC      ?C0014
                                           ; SOURCE LINE # 54
0018 750000      E     MOV     div_f_start_dac,#00H
                                           ; SOURCE LINE # 55
001B D200        E     SETB    F_load_idac
                                           ; SOURCE LINE # 57
                                           ; SOURCE LINE # 68
001D         ?C0014:
001D D0D0              POP     PSW
001F D0E0              POP     ACC
0021 32                RETI    
             ; FUNCTION INT_Timer_3 (END)



MODULE INFORMATION:   STATIC OVERLAYABLE
   CODE SIZE        =    104    ----
   CONSTANT SIZE    =   ----    ----
   XDATA SIZE       =   ----    ----
   PDATA SIZE       =   ----    ----
   DATA SIZE        =   ----    ----
   IDATA SIZE       =   ----    ----
   BIT SIZE         =   ----    ----
END OF MODULE INFORMATION.


C51 COMPILATION COMPLETE.  0 WARNING(S),  0 ERROR(S)
