C51 COMPILER V9.60.7.0   TIMERS_IPCL                                                       06/23/2026 17:17:04 PAGE 1   


C51 COMPILER V9.60.7.0, COMPILATION OF MODULE TIMERS_IPCL
OBJECT MODULE PLACED IN .\Objects\timers_ipCL.obj
COMPILER INVOKED BY: C:\Keil_v5\C51\BIN\C51.EXE timers_ipCL.c OPTIMIZE(0,SPEED) BROWSE DEBUG OBJECTEXTEND PRINT(.\Listin
                    -gs\timers_ipCL.lst) OBJECT(.\Objects\timers_ipCL.obj)

line level    source

   1          /**************************
   2          программа контроля звуковых линий IP усилителя
   3          ***************************/
   4          //#include "C8051F330.h"
   5          #include "extern_ipCL.h"
   6          
   7          
   8          /*********************************************
   9          обработка прерывания Т2
  10          // Программа обработки прерывания таймера 3 
  11          // 16 bit auto reload
  12          // Timer clock = SYSCLK = sis/12
  13          // Прерывание 10ms
  14          *****************************************************/ 
  15          void INT_Timer_2( void ) interrupt 5
  16          {
  17   1              
  18   1      
  19   1              TF2H=0;
  20   1              footim++;
  21   1              
  22   1              
  23   1              if(c_10ms==0){
  24   2                      c_10ms=99;
  25   2                      if(c_seconds>=79){//49
  26   3                              c_seconds=0;                    
  27   3                      }
  28   2                      else c_seconds++;
  29   2                      
  30   2                      //if(c_seconds==1)F_start_test_L1=1;//2
  31   2                      //else if(c_seconds==21)F_start_test_L2=1;//14          
  32   2                      //else if(c_seconds==41)F_start_test_L3=1;//26          
  33   2                      //else if(c_seconds==61)F_start_test_L4=1;//38          
  34   2              }
  35   1              else c_10ms--;
  36   1      }
  37          
  38          /*********************************************
  39          обработка прерывания Т3
  40          // Программа обработки прерывания таймера 3 
  41          // 16 bit auto reload
  42          // Timer clock = SYSCLK = 
  43          // Прерывание 500us dac
  44          //для смирнова 4ms(2ms прерыв *2 в прерывании)
  45          //v6 8ms (2прер *4)
  46          *****************************************************/ 
  47          void INT_Timer_3( void ) interrupt 14
  48          {
  49   1      
  50   1              TMR3CN &=0x7F;//TF3H=0;
  51   1              div_f_start_dac++;
  52   1              if(div_f_start_dac >3){
  53   2                      div_f_start_dac=0;
  54   2                      F_load_idac=1;
C51 COMPILER V9.60.7.0   TIMERS_IPCL                                                       06/23/2026 17:17:04 PAGE 2   

  55   2                      
  56   2              }
  57   1      
  58   1              
  59   1      /*
  60   1              if(F_div_f_start_dac==0)F_div_f_start_dac=1;
  61   1              else{
  62   1                      F_div_f_start_dac=0;
  63   1                      F_load_idac=1;
  64   1              }               
  65   1      */              
  66   1                              
  67   1      }


MODULE INFORMATION:   STATIC OVERLAYABLE
   CODE SIZE        =     70    ----
   CONSTANT SIZE    =   ----    ----
   XDATA SIZE       =   ----    ----
   PDATA SIZE       =   ----    ----
   DATA SIZE        =   ----    ----
   IDATA SIZE       =   ----    ----
   BIT SIZE         =   ----    ----
END OF MODULE INFORMATION.


C51 COMPILATION COMPLETE.  0 WARNING(S),  0 ERROR(S)
