C51 COMPILER V9.60.7.0   TPIC_IPCL                                                         06/23/2026 13:51:18 PAGE 1   


C51 COMPILER V9.60.7.0, COMPILATION OF MODULE TPIC_IPCL
OBJECT MODULE PLACED IN .\Objects\tpic_ipCL.obj
COMPILER INVOKED BY: C:\Keil_v5\C51\BIN\C51.EXE tpic_ipCL.c OPTIMIZE(0,SPEED) BROWSE DEBUG OBJECTEXTEND CODE PRINT(.\Lis
                    -tings\tpic_ipCL.lst) OBJECT(.\Objects\tpic_ipCL.obj)

line level    source

   1          /**************************************
   2          программа контроля звуковых линий IP усилителя
   3          *********************************************/
   4          #include "extern_ipCL.h"
   5          
   6          void delay_ipCL(BYTE v){
   7   1              while(v){//6 тик
   8   2                      v--;
   9   2              }
  10   1      }
  11          
  12          #define DELAY_TPIC      delay_ipCL(40)//10us
  13          
  14          //загрузка tpic1
  15          void set_tpic1(void){
  16   1      
  17   1      if(tpic1 &128)P_tpic1_DATA=1;
  18   1      else P_tpic1_DATA=0;    
  19   1      DELAY_TPIC;
  20   1      P_tpic1_SRCK=1; 
  21   1      DELAY_TPIC;
  22   1      P_tpic1_SRCK=0;
  23   1      
  24   1      if(tpic1 &64)P_tpic1_DATA=1;
  25   1      else P_tpic1_DATA=0;    
  26   1      DELAY_TPIC;
  27   1      P_tpic1_SRCK=1; 
  28   1      DELAY_TPIC;
  29   1      P_tpic1_SRCK=0;
  30   1      
  31   1      if(tpic1 &32)P_tpic1_DATA=1;
  32   1      else P_tpic1_DATA=0;    
  33   1      DELAY_TPIC;
  34   1      P_tpic1_SRCK=1; 
  35   1      DELAY_TPIC;
  36   1      P_tpic1_SRCK=0;
  37   1      
  38   1      if(tpic1 &16)P_tpic1_DATA=1;
  39   1      else P_tpic1_DATA=0;    
  40   1      DELAY_TPIC;
  41   1      P_tpic1_SRCK=1; 
  42   1      DELAY_TPIC;
  43   1      P_tpic1_SRCK=0;
  44   1      
  45   1      if(tpic1 &8)P_tpic1_DATA=1;
  46   1      else P_tpic1_DATA=0;    
  47   1      DELAY_TPIC;
  48   1      P_tpic1_SRCK=1; 
  49   1      DELAY_TPIC;
  50   1      P_tpic1_SRCK=0;
  51   1      
  52   1      if(tpic1 &4)P_tpic1_DATA=1;
  53   1      else P_tpic1_DATA=0;    
  54   1      DELAY_TPIC;
C51 COMPILER V9.60.7.0   TPIC_IPCL                                                         06/23/2026 13:51:18 PAGE 2   

  55   1      P_tpic1_SRCK=1; 
  56   1      DELAY_TPIC;
  57   1      P_tpic1_SRCK=0;
  58   1      
  59   1      if(tpic1 &2)P_tpic1_DATA=1;
  60   1      else P_tpic1_DATA=0;    
  61   1      DELAY_TPIC;
  62   1      P_tpic1_SRCK=1; 
  63   1      DELAY_TPIC;
  64   1      P_tpic1_SRCK=0;
  65   1      
  66   1      if(tpic1 &1)P_tpic1_DATA=1;
  67   1      else P_tpic1_DATA=0;    
  68   1      DELAY_TPIC;
  69   1      P_tpic1_SRCK=1; 
  70   1      DELAY_TPIC;
  71   1      P_tpic1_SRCK=0;
  72   1      
  73   1      DELAY_TPIC;
  74   1      P_tpic1_RCK=1;
  75   1      DELAY_TPIC;
  76   1      P_tpic1_RCK=0;
  77   1      
  78   1      }
  79          
  80          
  81          //загрузка tpic2
  82          void set_tpic2(void){
  83   1      
  84   1      if(tpic2 &128)P_tpic2_DATA=1;
  85   1      else P_tpic2_DATA=0;    
  86   1      DELAY_TPIC;
  87   1      P_tpic2_SRCK=1; 
  88   1      DELAY_TPIC;
  89   1      P_tpic2_SRCK=0;
  90   1      
  91   1      if(tpic2 &64)P_tpic2_DATA=1;
  92   1      else P_tpic2_DATA=0;    
  93   1      DELAY_TPIC;
  94   1      P_tpic2_SRCK=1; 
  95   1      DELAY_TPIC;
  96   1      P_tpic2_SRCK=0;
  97   1      
  98   1      if(tpic2 &32)P_tpic2_DATA=1;
  99   1      else P_tpic2_DATA=0;    
 100   1      DELAY_TPIC;
 101   1      P_tpic2_SRCK=1; 
 102   1      DELAY_TPIC;
 103   1      P_tpic2_SRCK=0;
 104   1      
 105   1      if(tpic2 &16)P_tpic2_DATA=1;
 106   1      else P_tpic2_DATA=0;    
 107   1      DELAY_TPIC;
 108   1      P_tpic2_SRCK=1; 
 109   1      DELAY_TPIC;
 110   1      P_tpic2_SRCK=0;
 111   1      
 112   1      if(tpic2 &8)P_tpic2_DATA=1;
 113   1      else P_tpic2_DATA=0;    
 114   1      DELAY_TPIC;
 115   1      P_tpic2_SRCK=1; 
 116   1      DELAY_TPIC;
C51 COMPILER V9.60.7.0   TPIC_IPCL                                                         06/23/2026 13:51:18 PAGE 3   

 117   1      P_tpic2_SRCK=0;
 118   1      
 119   1      if(tpic2 &4)P_tpic2_DATA=1;
 120   1      else P_tpic2_DATA=0;    
 121   1      DELAY_TPIC;
 122   1      P_tpic2_SRCK=1; 
 123   1      DELAY_TPIC;
 124   1      P_tpic2_SRCK=0;
 125   1      
 126   1      if(tpic2 &2)P_tpic2_DATA=1;
 127   1      else P_tpic2_DATA=0;    
 128   1      DELAY_TPIC;
 129   1      P_tpic2_SRCK=1; 
 130   1      DELAY_TPIC;
 131   1      P_tpic2_SRCK=0;
 132   1      
 133   1      if(tpic2 &1)P_tpic2_DATA=1;
 134   1      else P_tpic2_DATA=0;    
 135   1      DELAY_TPIC;
 136   1      P_tpic2_SRCK=1; 
 137   1      DELAY_TPIC;
 138   1      P_tpic2_SRCK=0;
 139   1      
 140   1      DELAY_TPIC;
 141   1      P_tpic2_RCK=1;
 142   1      DELAY_TPIC;
 143   1      P_tpic2_RCK=0;
 144   1      
 145   1      }
C51 COMPILER V9.60.7.0   TPIC_IPCL                                                         06/23/2026 13:51:18 PAGE 4   

ASSEMBLY LISTING OF GENERATED OBJECT CODE


             ; FUNCTION _delay_ipCL (BEGIN)
                                           ; SOURCE LINE # 6
0000 8F00        R     MOV     v,R7
0002         ?C0001:
                                           ; SOURCE LINE # 7
0002 E500        R     MOV     A,v
0004 6004              JZ      ?C0003
                                           ; SOURCE LINE # 8
0006 1500        R     DEC     v
                                           ; SOURCE LINE # 9
0008 80F8              SJMP    ?C0001
                                           ; SOURCE LINE # 10
000A         ?C0003:
000A 22                RET     
             ; FUNCTION _delay_ipCL (END)

             ; FUNCTION set_tpic1 (BEGIN)
                                           ; SOURCE LINE # 15
                                           ; SOURCE LINE # 17
0000 E500        E     MOV     A,tpic1
0002 30E704            JNB     ACC.7,?C0004
0005 D297              SETB    P_tpic1_DATA
0007 8002              SJMP    ?C0005
0009         ?C0004:
                                           ; SOURCE LINE # 18
0009 C297              CLR     P_tpic1_DATA
000B         ?C0005:
                                           ; SOURCE LINE # 19
000B 7F28              MOV     R7,#028H
000D 120000      R     LCALL   _delay_ipCL
                                           ; SOURCE LINE # 20
0010 D296              SETB    P_tpic1_SRCK
                                           ; SOURCE LINE # 21
0012 120000      R     LCALL   _delay_ipCL
                                           ; SOURCE LINE # 22
0015 C296              CLR     P_tpic1_SRCK
                                           ; SOURCE LINE # 24
0017 E500        E     MOV     A,tpic1
0019 30E604            JNB     ACC.6,?C0006
001C D297              SETB    P_tpic1_DATA
001E 8002              SJMP    ?C0007
0020         ?C0006:
                                           ; SOURCE LINE # 25
0020 C297              CLR     P_tpic1_DATA
0022         ?C0007:
                                           ; SOURCE LINE # 26
0022 7F28              MOV     R7,#028H
0024 120000      R     LCALL   _delay_ipCL
                                           ; SOURCE LINE # 27
0027 D296              SETB    P_tpic1_SRCK
                                           ; SOURCE LINE # 28
0029 120000      R     LCALL   _delay_ipCL
                                           ; SOURCE LINE # 29
002C C296              CLR     P_tpic1_SRCK
                                           ; SOURCE LINE # 31
002E E500        E     MOV     A,tpic1
0030 30E504            JNB     ACC.5,?C0008
0033 D297              SETB    P_tpic1_DATA
0035 8002              SJMP    ?C0009
C51 COMPILER V9.60.7.0   TPIC_IPCL                                                         06/23/2026 13:51:18 PAGE 5   

0037         ?C0008:
                                           ; SOURCE LINE # 32
0037 C297              CLR     P_tpic1_DATA
0039         ?C0009:
                                           ; SOURCE LINE # 33
0039 7F28              MOV     R7,#028H
003B 120000      R     LCALL   _delay_ipCL
                                           ; SOURCE LINE # 34
003E D296              SETB    P_tpic1_SRCK
                                           ; SOURCE LINE # 35
0040 120000      R     LCALL   _delay_ipCL
                                           ; SOURCE LINE # 36
0043 C296              CLR     P_tpic1_SRCK
                                           ; SOURCE LINE # 38
0045 E500        E     MOV     A,tpic1
0047 30E404            JNB     ACC.4,?C0010
004A D297              SETB    P_tpic1_DATA
004C 8002              SJMP    ?C0011
004E         ?C0010:
                                           ; SOURCE LINE # 39
004E C297              CLR     P_tpic1_DATA
0050         ?C0011:
                                           ; SOURCE LINE # 40
0050 7F28              MOV     R7,#028H
0052 120000      R     LCALL   _delay_ipCL
                                           ; SOURCE LINE # 41
0055 D296              SETB    P_tpic1_SRCK
                                           ; SOURCE LINE # 42
0057 120000      R     LCALL   _delay_ipCL
                                           ; SOURCE LINE # 43
005A C296              CLR     P_tpic1_SRCK
                                           ; SOURCE LINE # 45
005C E500        E     MOV     A,tpic1
005E 30E304            JNB     ACC.3,?C0012
0061 D297              SETB    P_tpic1_DATA
0063 8002              SJMP    ?C0013
0065         ?C0012:
                                           ; SOURCE LINE # 46
0065 C297              CLR     P_tpic1_DATA
0067         ?C0013:
                                           ; SOURCE LINE # 47
0067 7F28              MOV     R7,#028H
0069 120000      R     LCALL   _delay_ipCL
                                           ; SOURCE LINE # 48
006C D296              SETB    P_tpic1_SRCK
                                           ; SOURCE LINE # 49
006E 120000      R     LCALL   _delay_ipCL
                                           ; SOURCE LINE # 50
0071 C296              CLR     P_tpic1_SRCK
                                           ; SOURCE LINE # 52
0073 E500        E     MOV     A,tpic1
0075 30E204            JNB     ACC.2,?C0014
0078 D297              SETB    P_tpic1_DATA
007A 8002              SJMP    ?C0015
007C         ?C0014:
                                           ; SOURCE LINE # 53
007C C297              CLR     P_tpic1_DATA
007E         ?C0015:
                                           ; SOURCE LINE # 54
007E 7F28              MOV     R7,#028H
0080 120000      R     LCALL   _delay_ipCL
                                           ; SOURCE LINE # 55
C51 COMPILER V9.60.7.0   TPIC_IPCL                                                         06/23/2026 13:51:18 PAGE 6   

0083 D296              SETB    P_tpic1_SRCK
                                           ; SOURCE LINE # 56
0085 120000      R     LCALL   _delay_ipCL
                                           ; SOURCE LINE # 57
0088 C296              CLR     P_tpic1_SRCK
                                           ; SOURCE LINE # 59
008A E500        E     MOV     A,tpic1
008C 30E104            JNB     ACC.1,?C0016
008F D297              SETB    P_tpic1_DATA
0091 8002              SJMP    ?C0017
0093         ?C0016:
                                           ; SOURCE LINE # 60
0093 C297              CLR     P_tpic1_DATA
0095         ?C0017:
                                           ; SOURCE LINE # 61
0095 7F28              MOV     R7,#028H
0097 120000      R     LCALL   _delay_ipCL
                                           ; SOURCE LINE # 62
009A D296              SETB    P_tpic1_SRCK
                                           ; SOURCE LINE # 63
009C 120000      R     LCALL   _delay_ipCL
                                           ; SOURCE LINE # 64
009F C296              CLR     P_tpic1_SRCK
                                           ; SOURCE LINE # 66
00A1 E500        E     MOV     A,tpic1
00A3 30E004            JNB     ACC.0,?C0018
00A6 D297              SETB    P_tpic1_DATA
00A8 8002              SJMP    ?C0019
00AA         ?C0018:
                                           ; SOURCE LINE # 67
00AA C297              CLR     P_tpic1_DATA
00AC         ?C0019:
                                           ; SOURCE LINE # 68
00AC 7F28              MOV     R7,#028H
00AE 120000      R     LCALL   _delay_ipCL
                                           ; SOURCE LINE # 69
00B1 D296              SETB    P_tpic1_SRCK
                                           ; SOURCE LINE # 70
00B3 120000      R     LCALL   _delay_ipCL
                                           ; SOURCE LINE # 71
00B6 C296              CLR     P_tpic1_SRCK
                                           ; SOURCE LINE # 73
00B8 120000      R     LCALL   _delay_ipCL
                                           ; SOURCE LINE # 74
00BB D295              SETB    P_tpic1_RCK
                                           ; SOURCE LINE # 75
00BD 120000      R     LCALL   _delay_ipCL
                                           ; SOURCE LINE # 76
00C0 C295              CLR     P_tpic1_RCK
                                           ; SOURCE LINE # 78
00C2 22                RET     
             ; FUNCTION set_tpic1 (END)

             ; FUNCTION set_tpic2 (BEGIN)
                                           ; SOURCE LINE # 82
                                           ; SOURCE LINE # 84
0000 E500        E     MOV     A,tpic2
0002 30E704            JNB     ACC.7,?C0021
0005 D293              SETB    P_tpic2_DATA
0007 8002              SJMP    ?C0022
0009         ?C0021:
                                           ; SOURCE LINE # 85
C51 COMPILER V9.60.7.0   TPIC_IPCL                                                         06/23/2026 13:51:18 PAGE 7   

0009 C293              CLR     P_tpic2_DATA
000B         ?C0022:
                                           ; SOURCE LINE # 86
000B 7F28              MOV     R7,#028H
000D 120000      R     LCALL   _delay_ipCL
                                           ; SOURCE LINE # 87
0010 D292              SETB    P_tpic2_SRCK
                                           ; SOURCE LINE # 88
0012 120000      R     LCALL   _delay_ipCL
                                           ; SOURCE LINE # 89
0015 C292              CLR     P_tpic2_SRCK
                                           ; SOURCE LINE # 91
0017 E500        E     MOV     A,tpic2
0019 30E604            JNB     ACC.6,?C0023
001C D293              SETB    P_tpic2_DATA
001E 8002              SJMP    ?C0024
0020         ?C0023:
                                           ; SOURCE LINE # 92
0020 C293              CLR     P_tpic2_DATA
0022         ?C0024:
                                           ; SOURCE LINE # 93
0022 7F28              MOV     R7,#028H
0024 120000      R     LCALL   _delay_ipCL
                                           ; SOURCE LINE # 94
0027 D292              SETB    P_tpic2_SRCK
                                           ; SOURCE LINE # 95
0029 120000      R     LCALL   _delay_ipCL
                                           ; SOURCE LINE # 96
002C C292              CLR     P_tpic2_SRCK
                                           ; SOURCE LINE # 98
002E E500        E     MOV     A,tpic2
0030 30E504            JNB     ACC.5,?C0025
0033 D293              SETB    P_tpic2_DATA
0035 8002              SJMP    ?C0026
0037         ?C0025:
                                           ; SOURCE LINE # 99
0037 C293              CLR     P_tpic2_DATA
0039         ?C0026:
                                           ; SOURCE LINE # 100
0039 7F28              MOV     R7,#028H
003B 120000      R     LCALL   _delay_ipCL
                                           ; SOURCE LINE # 101
003E D292              SETB    P_tpic2_SRCK
                                           ; SOURCE LINE # 102
0040 120000      R     LCALL   _delay_ipCL
                                           ; SOURCE LINE # 103
0043 C292              CLR     P_tpic2_SRCK
                                           ; SOURCE LINE # 105
0045 E500        E     MOV     A,tpic2
0047 30E404            JNB     ACC.4,?C0027
004A D293              SETB    P_tpic2_DATA
004C 8002              SJMP    ?C0028
004E         ?C0027:
                                           ; SOURCE LINE # 106
004E C293              CLR     P_tpic2_DATA
0050         ?C0028:
                                           ; SOURCE LINE # 107
0050 7F28              MOV     R7,#028H
0052 120000      R     LCALL   _delay_ipCL
                                           ; SOURCE LINE # 108
0055 D292              SETB    P_tpic2_SRCK
                                           ; SOURCE LINE # 109
C51 COMPILER V9.60.7.0   TPIC_IPCL                                                         06/23/2026 13:51:18 PAGE 8   

0057 120000      R     LCALL   _delay_ipCL
                                           ; SOURCE LINE # 110
005A C292              CLR     P_tpic2_SRCK
                                           ; SOURCE LINE # 112
005C E500        E     MOV     A,tpic2
005E 30E304            JNB     ACC.3,?C0029
0061 D293              SETB    P_tpic2_DATA
0063 8002              SJMP    ?C0030
0065         ?C0029:
                                           ; SOURCE LINE # 113
0065 C293              CLR     P_tpic2_DATA
0067         ?C0030:
                                           ; SOURCE LINE # 114
0067 7F28              MOV     R7,#028H
0069 120000      R     LCALL   _delay_ipCL
                                           ; SOURCE LINE # 115
006C D292              SETB    P_tpic2_SRCK
                                           ; SOURCE LINE # 116
006E 120000      R     LCALL   _delay_ipCL
                                           ; SOURCE LINE # 117
0071 C292              CLR     P_tpic2_SRCK
                                           ; SOURCE LINE # 119
0073 E500        E     MOV     A,tpic2
0075 30E204            JNB     ACC.2,?C0031
0078 D293              SETB    P_tpic2_DATA
007A 8002              SJMP    ?C0032
007C         ?C0031:
                                           ; SOURCE LINE # 120
007C C293              CLR     P_tpic2_DATA
007E         ?C0032:
                                           ; SOURCE LINE # 121
007E 7F28              MOV     R7,#028H
0080 120000      R     LCALL   _delay_ipCL
                                           ; SOURCE LINE # 122
0083 D292              SETB    P_tpic2_SRCK
                                           ; SOURCE LINE # 123
0085 120000      R     LCALL   _delay_ipCL
                                           ; SOURCE LINE # 124
0088 C292              CLR     P_tpic2_SRCK
                                           ; SOURCE LINE # 126
008A E500        E     MOV     A,tpic2
008C 30E104            JNB     ACC.1,?C0033
008F D293              SETB    P_tpic2_DATA
0091 8002              SJMP    ?C0034
0093         ?C0033:
                                           ; SOURCE LINE # 127
0093 C293              CLR     P_tpic2_DATA
0095         ?C0034:
                                           ; SOURCE LINE # 128
0095 7F28              MOV     R7,#028H
0097 120000      R     LCALL   _delay_ipCL
                                           ; SOURCE LINE # 129
009A D292              SETB    P_tpic2_SRCK
                                           ; SOURCE LINE # 130
009C 120000      R     LCALL   _delay_ipCL
                                           ; SOURCE LINE # 131
009F C292              CLR     P_tpic2_SRCK
                                           ; SOURCE LINE # 133
00A1 E500        E     MOV     A,tpic2
00A3 30E004            JNB     ACC.0,?C0035
00A6 D293              SETB    P_tpic2_DATA
00A8 8002              SJMP    ?C0036
C51 COMPILER V9.60.7.0   TPIC_IPCL                                                         06/23/2026 13:51:18 PAGE 9   

00AA         ?C0035:
                                           ; SOURCE LINE # 134
00AA C293              CLR     P_tpic2_DATA
00AC         ?C0036:
                                           ; SOURCE LINE # 135
00AC 7F28              MOV     R7,#028H
00AE 120000      R     LCALL   _delay_ipCL
                                           ; SOURCE LINE # 136
00B1 D292              SETB    P_tpic2_SRCK
                                           ; SOURCE LINE # 137
00B3 120000      R     LCALL   _delay_ipCL
                                           ; SOURCE LINE # 138
00B6 C292              CLR     P_tpic2_SRCK
                                           ; SOURCE LINE # 140
00B8 120000      R     LCALL   _delay_ipCL
                                           ; SOURCE LINE # 141
00BB D291              SETB    P_tpic2_RCK
                                           ; SOURCE LINE # 142
00BD 120000      R     LCALL   _delay_ipCL
                                           ; SOURCE LINE # 143
00C0 C291              CLR     P_tpic2_RCK
                                           ; SOURCE LINE # 145
00C2 22                RET     
             ; FUNCTION set_tpic2 (END)



MODULE INFORMATION:   STATIC OVERLAYABLE
   CODE SIZE        =    401    ----
   CONSTANT SIZE    =   ----    ----
   XDATA SIZE       =   ----    ----
   PDATA SIZE       =   ----    ----
   DATA SIZE        =      1    ----
   IDATA SIZE       =   ----    ----
   BIT SIZE         =   ----    ----
END OF MODULE INFORMATION.


C51 COMPILATION COMPLETE.  0 WARNING(S),  0 ERROR(S)
