C51 COMPILER V9.60.7.0   UART0_IPCL                                                        06/24/2026 14:07:28 PAGE 1   


C51 COMPILER V9.60.7.0, COMPILATION OF MODULE UART0_IPCL
OBJECT MODULE PLACED IN .\Objects\uart0_ipCL.obj
COMPILER INVOKED BY: C:\Keil_v5\C51\BIN\C51.EXE uart0_ipCL.c LARGE OPTIMIZE(9,SPEED) BROWSE DEBUG OBJECTEXTEND PRINT(.\L
                    -istings\uart0_ipCL.lst) OBJECT(.\Objects\uart0_ipCL.obj)

line level    source

   1          /*******************************************************
   2          обработка прерывания uart0  канал связи с компом
   3          
   4          *****************************************************/
   5          #include "extern_ipCL.h"
   6          
   7          void uart_0(void) interrupt 4{
   8   1      
   9   1      
  10   1              if( RI0 ) {     // //флаг приема
  11   2      
  12   2                      RI0=0;          // Очистить флаг прерывания
  13   2                      v_PC = SBUF0;
  14   2                                      
  15   2                      if(st_Rx_PC == RX_WAIT){//если ожидание новой посылки
  16   3                              if(v_PC == COD_START_RX_PC){                            //получили Старт
  17   4                                      st_Rx_PC =RX_START;
  18   4                              }
  19   3      
  20   3                      }
  21   2                      
  22   2                              
  23   2                      switch( st_Rx_PC ) {
  24   3                              // ------------------------------------------------
  25   3                              case RX_WAIT: return;                     ////нарушение приема,переходим в ожидание новой посылки
  26   3                              /**/
  27   3                              case RX_START:
  28   3                                       st_Rx_PC =RX_ADDRESS;           //будем ждать байт адресса
  29   3                                       return;
  30   3                              /**/
  31   3                              case RX_ADDRESS:
  32   3                                      if(v_PC ==ADDR_IPCL){     //наш адресс
  33   4                                              CRC_Rx_PC.w = 0x5BBF;   // UART1_CRC.w = CRC16(0xFFFF, '$'); начали считать сумму                                               
  34   4                                              st_Rx_PC =RX_COMMAND;
  35   4                                              F_run_com_PC=0;                                         //снимаем флаг на обработку команды компа
  36   4                                      }
  37   3                                      else {
  38   4                                              st_Rx_PC = RX_WAIT;                //не наш адресс
  39   4                                              return;
  40   4                                      }
  41   3                                      break;
  42   3                         /**/
  43   3                         case RX_COMMAND:
  44   3                                      st_Rx_PC =RX_BYTECOUNT;
  45   3                                      Rx_command_PC=v_PC;                        //получили команду
  46   3                                      break;
  47   3                         /**/
  48   3                         case RX_BYTECOUNT:
  49   3                                      if(v_PC==0)st_Rx_PC =RX_CRC_1;  //данных не будет //будем прин сумму
  50   3                                      else{                      
  51   4                                              if( v_PC <= 25 ) {
  52   5                                                      c_bufRX_PC = 0;                         //счет принятых
  53   5                                                      n_byte_Rx_PC = v_PC;            //байт данных в посылке
  54   5                                                      st_Rx_PC    = RX_DATA;
C51 COMPILER V9.60.7.0   UART0_IPCL                                                        06/24/2026 14:07:28 PAGE 2   

  55   5                                              }
  56   4                                              else {
  57   5                                                      st_Rx_PC = RX_WAIT;                //не наш адресс
  58   5                                                      return;
  59   5                                              }                          
  60   4                                      }
  61   3                                      break; 
  62   3                         /**/
  63   3                         case RX_DATA:
  64   3                                      bufRX_PC[c_bufRX_PC]=v_PC;
  65   3                                      c_bufRX_PC++;
  66   3                                      if(c_bufRX_PC==n_byte_Rx_PC)st_Rx_PC =RX_CRC_1; //усё получили
  67   3                                      break;
  68   3                         /**/
  69   3                         case RX_CRC_1:
  70   3                                      //if(v_PC==CRC_Rx_PC.b[1])st_Rx_PC =RX_CRC_2;
  71   3                         if(1)st_Rx_PC =RX_CRC_2;
  72   3                                      else    st_Rx_PC = RX_WAIT;                                       //ошибка суммы
  73   3                                      return;
  74   3      
  75   3                              /**/
  76   3                              case RX_CRC_2:
  77   3      //                              if(v_PC==CRC_Rx_PC.b[0]){
  78   3      //                                      F_run_com_PC=1;                                         //флаг на обработку команды компа
  79   3      //                              }
  80   3                              F_run_com_PC=1;
  81   3                                      st_Rx_PC = RX_WAIT;                                //посылка получена
  82   3                                      return;
  83   3      
  84   3                              }                                                                        //законч case
  85   2                               
  86   2                      /*считаем сумму*/
  87   2                      v_PC = v_PC ^ CRC_Rx_PC.b[1];           // | UART1_CRC.w = CRC16(UART1_CRC.w, UART1_b);
  88   2                      CRC_Rx_PC.b[1] = CRC_Rx_PC.b[0];                        // |
  89   2                      CRC_Rx_PC.b[0] = 0;                                     // |
  90   2                      CRC_Rx_PC.w ^= wCRCTable[v_PC];         // |
  91   2      
  92   2      
  93   2      
  94   2              }
  95   1              // -------------------------------------------------------------------
  96   1              // Передача: '#'(Address)(Command)(ByteCount)(CRC16)
  97   1              // -------------------------------------------------------------------
  98   1              if( TI0 ) {     // TI1 = 1
  99   2                      TI0=0;          // Очистить флаг прерывания
 100   2                      
 101   2                              switch( st_Tx_PC ) {
 102   3                              
 103   3                                      case TX_ADDRESS:
 104   3                                              SBUF0 =v_PC=ADDR_IPCL;
 105   3                                              CRC_Tx_PC.w= 0x99FE;    // UART1_CRC.w = CRC16(0xFFFF, '#');
 106   3                                              st_Tx_PC=TX_COMMAND;
 107   3                                      break;
 108   3      
 109   3                                      case TX_COMMAND:
 110   3                                              SBUF0 =v_PC=Tx_command_PC;
 111   3                                              st_Tx_PC=TX_BYTECOUNT;
 112   3                                      break;
 113   3                              
 114   3                                      case TX_BYTECOUNT:
 115   3                                              SBUF0 =v_PC=Tx_counter_or_error;
 116   3                                              if(n_byte_Tx_PC){
C51 COMPILER V9.60.7.0   UART0_IPCL                                                        06/24/2026 14:07:28 PAGE 3   

 117   4                                                      st_Tx_PC=TX_DATA;
 118   4                                                      c_bufTX_PC=0;
 119   4                                              }
 120   3                                              else st_Tx_PC=TX_CRC_1;
 121   3                                      break;
 122   3                              
 123   3                                      case TX_DATA:
 124   3                                              SBUF0 =v_PC=bufTX_PC[c_bufTX_PC];
 125   3                                              c_bufTX_PC++;
 126   3                                              if(c_bufTX_PC==n_byte_Tx_PC) st_Tx_PC = TX_CRC_1;
 127   3      
 128   3                                      break;
 129   3                              
 130   3                                      case TX_CRC_1:
 131   3                                               SBUF0 =CRC_Tx_PC.b[1];
 132   3                                               st_Tx_PC=TX_CRC_2;
 133   3                                               return;
 134   3                                      break;
 135   3                              
 136   3                                      case TX_CRC_2:
 137   3                                               SBUF0 =CRC_Tx_PC.b[0];
 138   3                                              //F_run_com_PC = 1;
 139   3                                               st_Tx_PC=TX_END;
 140   3                                               return;
 141   3                                      break;
 142   3                                      
 143   3                                      case TX_DEBUG_BEGIN:{
 144   4                                              c_bufTX_PC = 2;
 145   4                                              st_Tx_PC = TX_DEBUG;
 146   4                                              SBUF0 = bufTX_PC[1];                                    
 147   4                                              return;
 148   4                                      }
 149   3                                                                      
 150   3                                      case TX_DEBUG: {
 151   4                                              SBUF0 = bufTX_PC[c_bufTX_PC];
 152   4                                              c_bufTX_PC++;
 153   4                                              if(c_bufTX_PC==n_byte_Tx_PC + 1) st_Tx_PC = TX_END;
 154   4                                              return;
 155   4                                      }
 156   3                                      
 157   3                                      default:
 158   3                                              //OFF_TX_PC;            //Выкл передатчик 485
 159   3                                              //SCON1 |= 0x10;                           //разреш прием
 160   3                                              return;
 161   3                              
 162   3                              }       
 163   2              
 164   2                              /*считаем сумму*/
 165   2                              v_PC = v_PC ^ CRC_Tx_PC.b[1];           // | UART1_CRC.w = CRC16(UART1_CRC.w, UART1_b);
 166   2                              CRC_Tx_PC.b[1] = CRC_Tx_PC.b[0];                        // |
 167   2                              CRC_Tx_PC.b[0] = 0;                                     // |
 168   2                              CRC_Tx_PC.w ^= wCRCTable[v_PC];         // |
 169   2                      
 170   2              }
 171   1      
 172   1      }
*** WARNING C294 IN LINE 72 OF uart0_ipCL.c: unreachable code


MODULE INFORMATION:   STATIC OVERLAYABLE
   CODE SIZE        =    440    ----
   CONSTANT SIZE    =   ----    ----
C51 COMPILER V9.60.7.0   UART0_IPCL                                                        06/24/2026 14:07:28 PAGE 4   

   XDATA SIZE       =   ----    ----
   PDATA SIZE       =   ----    ----
   DATA SIZE        =   ----    ----
   IDATA SIZE       =   ----    ----
   BIT SIZE         =   ----    ----
END OF MODULE INFORMATION.


C51 COMPILATION COMPLETE.  1 WARNING(S),  0 ERROR(S)
