C51 COMPILER V9.60.7.0   WORK_PC_IPCL                                                      06/23/2026 13:51:18 PAGE 1   


C51 COMPILER V9.60.7.0, COMPILATION OF MODULE WORK_PC_IPCL
OBJECT MODULE PLACED IN .\Objects\work_PC_ipCL.obj
COMPILER INVOKED BY: C:\Keil_v5\C51\BIN\C51.EXE work_PC_ipCL.c OPTIMIZE(0,SPEED) BROWSE DEBUG OBJECTEXTEND CODE PRINT(.\
                    -Listings\work_PC_ipCL.lst) OBJECT(.\Objects\work_PC_ipCL.obj)

line level    source

   1          /**************************
   2          программа контрол€ звуковых линий IP усилител€
   3          ***************************/
   4          //#include "C8051F330.h"
   5          #include "extern_ipCL.h"
   6          #include <string.h>
   7          //обработка команды
   8          void work_PC(void){
   9   1      
  10   1         switch (Rx_command_PC){                 //код команды
  11   2              case CMD_PC_INSTALL_SL:
  12   2                      set_install=0;
  13   2                      if(bufRX_PC[0]==0xFF)install_cahal_1=1;
  14   2                      if(bufRX_PC[1]==0xFF)install_cahal_2=1;
  15   2                      if(bufRX_PC[2]==0xFF)install_cahal_3=1;
  16   2                      if(bufRX_PC[3]==0xFF)install_cahal_4=1;
  17   2      
  18   2                      //инстал€ци€ звуковых линий
  19   2                      install_SL();
  20   2              
  21   2                      //отправл€ем результат
  22   2                       Tx_command_PC=CMD_PC_INSTALL_SL;
  23   2                       n_byte_Tx_PC=sizeof(struct _Status_SL);
  24   2                       /*загружаем данные в буф передачи*/
  25   2                       memcpy(&bufTX_PC[0],&Status_SL,n_byte_Tx_PC);
  26   2                       st_Tx_PC=TX_ADDRESS;
  27   2                       Tx_counter_or_error=n_byte_Tx_PC;
  28   2      
  29   2                      SBUF0 =COD_START_TX_PC;
  30   2                      //сброс старых
  31   2                      Status_SL.NRange1=Status_SL.Data1_Hi=Status_SL.Data1_Lo=1;
  32   2                      Status_SL.NRange2=Status_SL.Data2_Hi=Status_SL.Data2_Lo=0;
  33   2                      Status_SL.NRange3=Status_SL.Data3_Hi=Status_SL.Data3_Lo=0;
  34   2                      Status_SL.NRange4=Status_SL.Data4_Hi=Status_SL.Data4_Lo=0;      
  35   2              break;     
  36   2              case CMD_PC_TEST_SL:
  37   2                      
  38   2                      TMR2CN = 0x04;
  39   2                      footim = 0;
  40   2              
  41   2                      //сброс старых
  42   2                      Status_SL.NRange1=Status_SL.Data1_Hi=Status_SL.Data1_Lo=0;
  43   2                      Status_SL.NRange2=Status_SL.Data2_Hi=Status_SL.Data2_Lo=0;
  44   2                      Status_SL.NRange3=Status_SL.Data3_Hi=Status_SL.Data3_Lo=0;
  45   2                      Status_SL.NRange4=Status_SL.Data4_Hi=Status_SL.Data4_Lo=0;
  46   2              
  47   2                      set_canal_test[0]=bufRX_PC[0];
  48   2                      set_canal_test[1]=bufRX_PC[1];
  49   2                      set_canal_test[2]=bufRX_PC[2];
  50   2                      set_canal_test[3]=bufRX_PC[3];
  51   2              
  52   2                      F_delaed_response = 1;
  53   2              
  54   2                      set_f_start_test_Lx();
C51 COMPILER V9.60.7.0   WORK_PC_IPCL                                                      06/23/2026 13:51:18 PAGE 2   

  55   2              
  56   2                      
  57   2                                      
  58   2              break;     
  59   2              case CMD_PC_SET_RELE_SL:
  60   2                      if(bufRX_PC[0]==0xFF){
  61   3                              set_rele[0]=0xFF;
  62   3                              set_canal_test[0]=0;
  63   3                              RELE_L1_ON;
  64   3                              
  65   3                              if(F_run_test){//1-идет тест
  66   4                                      if(canal_test==1){
  67   5                                              IDAC_L1_OFF;
  68   5                                              F_run_test=0;
  69   5                                              //IDA0=0;
  70   5                                              IDA0L=0;        
  71   5                                              IDA0H=0;
  72   5                                      }
  73   4                              }
  74   3                      }
  75   2                      else{
  76   3                              set_rele[0]=0;
  77   3                              RELE_L1_OFF;                                            
  78   3                      }
  79   2                      if(bufRX_PC[1]==0xFF){
  80   3                              set_rele[1]=0xFF;
  81   3                              set_canal_test[1]=0;
  82   3                              RELE_L2_ON;
  83   3                              
  84   3                              if(F_run_test){//1-идет тест
  85   4                                      if(canal_test==2){
  86   5                                              IDAC_L2_OFF;
  87   5                                              F_run_test=0;
  88   5                                              //IDA0=0;
  89   5                                              IDA0L=0;        
  90   5                                              IDA0H=0;
  91   5                                      }
  92   4                              }
  93   3                      }
  94   2                      else{
  95   3                              set_rele[1]=0;
  96   3                              RELE_L2_OFF;                                            
  97   3                      }
  98   2                      if(bufRX_PC[2]==0xFF){
  99   3                              set_rele[2]=0xFF;
 100   3                              set_canal_test[2]=0;
 101   3                              RELE_L3_ON;
 102   3                              
 103   3                              if(F_run_test){//1-идет тест
 104   4                                      if(canal_test==3){
 105   5                                              IDAC_L3_OFF;
 106   5                                              F_run_test=0;
 107   5                                              //IDA0=0;
 108   5                                              IDA0L=0;        
 109   5                                              IDA0H=0;
 110   5                                      }
 111   4                              }
 112   3                      }
 113   2                      else{
 114   3                              set_rele[2]=0;
 115   3                              RELE_L3_OFF;                                            
 116   3                      }
C51 COMPILER V9.60.7.0   WORK_PC_IPCL                                                      06/23/2026 13:51:18 PAGE 3   

 117   2                      if(bufRX_PC[3]==0xFF){
 118   3                              set_rele[3]=0xFF;
 119   3                              set_canal_test[3]=0;
 120   3                              RELE_L4_ON;
 121   3                              
 122   3                              if(F_run_test){//1-идет тест
 123   4                                      if(canal_test==4){
 124   5                                              IDAC_L4_OFF;
 125   5                                              F_run_test=0;
 126   5                                              //IDA0=0;
 127   5                                              IDA0L=0;        
 128   5                                              IDA0H=0;
 129   5                                      }
 130   4                              }
 131   3                      }
 132   2                      else{
 133   3                              set_rele[3]=0;
 134   3                              RELE_L4_OFF;                                            
 135   3                      }
 136   2                      //ответ
 137   2                       Tx_command_PC=CMD_PC_SET_RELE_SL;
 138   2                       n_byte_Tx_PC=4;
 139   2                       /*загружаем данные в буф передачи*/
 140   2                       bufTX_PC[0]=set_rele[0];
 141   2                       bufTX_PC[1]=set_rele[1];
 142   2                       bufTX_PC[2]=set_rele[2];
 143   2                       bufTX_PC[3]=set_rele[3];
 144   2                       st_Tx_PC=TX_ADDRESS;
 145   2                       Tx_counter_or_error=n_byte_Tx_PC;
 146   2      
 147   2                      SBUF0 =COD_START_TX_PC;
 148   2                      
 149   2                      //загрузка tpic
 150   2                      PCA0CPH2  = 0;//reset wdt
 151   2                      set_tpic1();
 152   2                      set_tpic2();
 153   2                      
 154   2              break;
 155   2              case CMD_PC_READ_RELE_SL:
 156   2                      //ответ
 157   2                       Tx_command_PC=CMD_PC_READ_RELE_SL;
 158   2                       n_byte_Tx_PC=4;
 159   2                       /*загружаем данные в буф передачи*/
 160   2                       bufTX_PC[0]=set_rele[0];
 161   2                       bufTX_PC[1]=set_rele[1];
 162   2                       bufTX_PC[2]=set_rele[2];
 163   2                       bufTX_PC[3]=set_rele[3];
 164   2                       st_Tx_PC=TX_ADDRESS;
 165   2                       Tx_counter_or_error=n_byte_Tx_PC;
 166   2      
 167   2                      SBUF0 =COD_START_TX_PC;
 168   2              break;
 169   2              case CMD_PC_DEBUG_SL:
 170   2                      
 171   2                      n_byte_Tx_PC= 4;
 172   2                      //ответ
 173   2                       Tx_command_PC=CMD_PC_DEBUG_SL;
 174   2                       
 175   2                       /*загружаем данные в буф передачи*/
 176   2                       bufTX_PC[0]=footim >> 8;
 177   2                       bufTX_PC[1]=footim & 0xFF;
 178   2                       bufTX_PC[2]=1;
C51 COMPILER V9.60.7.0   WORK_PC_IPCL                                                      06/23/2026 13:51:18 PAGE 4   

 179   2                       bufTX_PC[3]=5;
 180   2                       st_Tx_PC=TX_ADDRESS;
 181   2                       Tx_counter_or_error=n_byte_Tx_PC;
 182   2      
 183   2                      SBUF0 =COD_START_TX_PC;
 184   2              break;
 185   2              default:
 186   2              break;  
 187   2         }
 188   1         
 189   1      }
 190          
 191          void delayed_response_PC(){
 192   1              if(F_delaed_response == 1){
 193   2                      // если все флаги нули, значит по всем лини€м измерени€ закончились, можно отдавать результат
 194   2                              if(set_canal_test[0] != 0 || set_canal_test[1] != 0 || set_canal_test[2] != 0 || set_canal_test[3] != 0
             -) {
 195   3                                      return;
 196   3                              }
 197   2                                      
 198   2                              
 199   2                              F_delaed_response = 0; // сбрасываем отложенный ответ
 200   2                      
 201   2                              //ответ
 202   2                              Tx_command_PC=CMD_PC_TEST_SL;
 203   2                              n_byte_Tx_PC=sizeof(struct _Status_SL);
 204   2                              /*загружаем данные в буф передачи*/
 205   2                              memcpy(&bufTX_PC[0],&Status_SL,sizeof(struct _Status_SL));
 206   2                              st_Tx_PC=TX_ADDRESS;
 207   2                              Tx_counter_or_error=n_byte_Tx_PC;
 208   2      
 209   2                              SBUF0 =COD_START_TX_PC; 
 210   2                              
 211   2                              TMR2CN = 0x00;
 212   2              }
 213   1              
 214   1      }
 215          
C51 COMPILER V9.60.7.0   WORK_PC_IPCL                                                      06/23/2026 13:51:18 PAGE 5   

ASSEMBLY LISTING OF GENERATED OBJECT CODE


             ; FUNCTION work_PC (BEGIN)
                                           ; SOURCE LINE # 8
                                           ; SOURCE LINE # 10
0000 E500        E     MOV     A,Rx_command_PC
0002 120000      E     LCALL   ?C?CCASE
0005 0000        R     DW      ?C0002
0007 01                DB      01H
0008 0000        R     DW      ?C0007
000A 02                DB      02H
000B 0000        R     DW      ?C0008
000D 03                DB      03H
000E 0000        R     DW      ?C0025
0010 04                DB      04H
0011 0000        R     DW      ?C0026
0013 DD                DB      0DDH
0014 0000              DW      00H
0016 0000        R     DW      ?C0028
                                           ; SOURCE LINE # 11
0018         ?C0002:
                                           ; SOURCE LINE # 12
0018 750000      E     MOV     set_install,#00H
                                           ; SOURCE LINE # 13
001B 900000      E     MOV     DPTR,#bufRX_PC
001E E0                MOVX    A,@DPTR
001F FF                MOV     R7,A
0020 B4FF02            CJNE    A,#0FFH,?C0003
0023 D200        E     SETB    install_cahal_1
0025         ?C0003:
                                           ; SOURCE LINE # 14
0025 900000      E     MOV     DPTR,#bufRX_PC+01H
0028 E0                MOVX    A,@DPTR
0029 FF                MOV     R7,A
002A B4FF02            CJNE    A,#0FFH,?C0004
002D D200        E     SETB    install_cahal_2
002F         ?C0004:
                                           ; SOURCE LINE # 15
002F 900000      E     MOV     DPTR,#bufRX_PC+02H
0032 E0                MOVX    A,@DPTR
0033 FF                MOV     R7,A
0034 B4FF02            CJNE    A,#0FFH,?C0005
0037 D200        E     SETB    install_cahal_3
0039         ?C0005:
                                           ; SOURCE LINE # 16
0039 900000      E     MOV     DPTR,#bufRX_PC+03H
003C E0                MOVX    A,@DPTR
003D FF                MOV     R7,A
003E B4FF02            CJNE    A,#0FFH,?C0006
0041 D200        E     SETB    install_cahal_4
0043         ?C0006:
                                           ; SOURCE LINE # 19
0043 120000      E     LCALL   install_SL
                                           ; SOURCE LINE # 22
0046 750001      E     MOV     Tx_command_PC,#01H
                                           ; SOURCE LINE # 23
0049 75000C      E     MOV     n_byte_Tx_PC,#0CH
                                           ; SOURCE LINE # 25
004C AF00        E     MOV     R7,n_byte_Tx_PC
004E 7E00              MOV     R6,#00H
0050 7B00              MOV     R3,#00H
C51 COMPILER V9.60.7.0   WORK_PC_IPCL                                                      06/23/2026 13:51:18 PAGE 6   

0052 7A00        E     MOV     R2,#HIGH Status_SL
0054 7900        E     MOV     R1,#LOW Status_SL
0056 C003              PUSH    AR3
0058 C002              PUSH    AR2
005A C001              PUSH    AR1
005C 0B                INC     R3
005D 7A00        E     MOV     R2,#HIGH bufTX_PC
005F 7900        E     MOV     R1,#LOW bufTX_PC
0061 A801              MOV     R0,AR1
0063 AC02              MOV     R4,AR2
0065 7D01              MOV     R5,#01H
0067 D001              POP     AR1
0069 D002              POP     AR2
006B D003              POP     AR3
006D 120000      E     LCALL   ?C?COPY
                                           ; SOURCE LINE # 26
0070 750002      E     MOV     st_Tx_PC,#02H
                                           ; SOURCE LINE # 27
0073 850000      E     MOV     Tx_counter_or_error,n_byte_Tx_PC
                                           ; SOURCE LINE # 29
0076 759923            MOV     SBUF0,#023H
                                           ; SOURCE LINE # 31
0079 750001      E     MOV     Status_SL+01H,#01H
007C 750001      E     MOV     Status_SL+02H,#01H
007F 750001      E     MOV     Status_SL,#01H
                                           ; SOURCE LINE # 32
0082 750000      E     MOV     Status_SL+04H,#00H
0085 750000      E     MOV     Status_SL+05H,#00H
0088 750000      E     MOV     Status_SL+03H,#00H
                                           ; SOURCE LINE # 33
008B 750000      E     MOV     Status_SL+07H,#00H
008E 750000      E     MOV     Status_SL+08H,#00H
0091 750000      E     MOV     Status_SL+06H,#00H
                                           ; SOURCE LINE # 34
0094 750000      E     MOV     Status_SL+0AH,#00H
0097 750000      E     MOV     Status_SL+0BH,#00H
009A 750000      E     MOV     Status_SL+09H,#00H
                                           ; SOURCE LINE # 35
009D 22                RET     
                                           ; SOURCE LINE # 36
009E         ?C0007:
                                           ; SOURCE LINE # 38
009E 75C804            MOV     TMR2CN,#04H
                                           ; SOURCE LINE # 39
00A1 750000      E     MOV     footim,#00H
00A4 750000      E     MOV     footim+01H,#00H
                                           ; SOURCE LINE # 42
00A7 750000      E     MOV     Status_SL+01H,#00H
00AA 750000      E     MOV     Status_SL+02H,#00H
00AD 750000      E     MOV     Status_SL,#00H
                                           ; SOURCE LINE # 43
00B0 750000      E     MOV     Status_SL+04H,#00H
00B3 750000      E     MOV     Status_SL+05H,#00H
00B6 750000      E     MOV     Status_SL+03H,#00H
                                           ; SOURCE LINE # 44
00B9 750000      E     MOV     Status_SL+07H,#00H
00BC 750000      E     MOV     Status_SL+08H,#00H
00BF 750000      E     MOV     Status_SL+06H,#00H
                                           ; SOURCE LINE # 45
00C2 750000      E     MOV     Status_SL+0AH,#00H
00C5 750000      E     MOV     Status_SL+0BH,#00H
00C8 750000      E     MOV     Status_SL+09H,#00H
C51 COMPILER V9.60.7.0   WORK_PC_IPCL                                                      06/23/2026 13:51:18 PAGE 7   

                                           ; SOURCE LINE # 47
00CB 900000      E     MOV     DPTR,#bufRX_PC
00CE E0                MOVX    A,@DPTR
00CF FF                MOV     R7,A
00D0 F500        E     MOV     set_canal_test,A
                                           ; SOURCE LINE # 48
00D2 A3                INC     DPTR
00D3 E0                MOVX    A,@DPTR
00D4 FF                MOV     R7,A
00D5 F500        E     MOV     set_canal_test+01H,A
                                           ; SOURCE LINE # 49
00D7 A3                INC     DPTR
00D8 E0                MOVX    A,@DPTR
00D9 FF                MOV     R7,A
00DA F500        E     MOV     set_canal_test+02H,A
                                           ; SOURCE LINE # 50
00DC A3                INC     DPTR
00DD E0                MOVX    A,@DPTR
00DE FF                MOV     R7,A
00DF F500        E     MOV     set_canal_test+03H,A
                                           ; SOURCE LINE # 52
00E1 D200        E     SETB    F_delaed_response
                                           ; SOURCE LINE # 54
00E3 120000      E     LCALL   set_f_start_test_Lx
                                           ; SOURCE LINE # 58
00E6 22                RET     
                                           ; SOURCE LINE # 59
00E7         ?C0008:
                                           ; SOURCE LINE # 60
00E7 900000      E     MOV     DPTR,#bufRX_PC
00EA E0                MOVX    A,@DPTR
00EB FF                MOV     R7,A
00EC B4FF1C            CJNE    A,#0FFH,?C0009
                                           ; SOURCE LINE # 61
00EF 7500FF      E     MOV     set_rele,#0FFH
                                           ; SOURCE LINE # 62
00F2 750000      E     MOV     set_canal_test,#00H
                                           ; SOURCE LINE # 63
00F5 D200        E     SETB    rele_L1
                                           ; SOURCE LINE # 65
00F7 300016      E     JNB     F_run_test,?C0012
                                           ; SOURCE LINE # 66
00FA E500        E     MOV     A,canal_test
00FC B40111            CJNE    A,#01H,?C0012
                                           ; SOURCE LINE # 67
00FF C200        E     CLR     idac_L1
                                           ; SOURCE LINE # 68
0101 C200        E     CLR     F_run_test
                                           ; SOURCE LINE # 70
0103 759600            MOV     IDA0L,#00H
                                           ; SOURCE LINE # 71
0106 759700            MOV     IDA0H,#00H
                                           ; SOURCE LINE # 72
                                           ; SOURCE LINE # 73
                                           ; SOURCE LINE # 74
0109 8005              SJMP    ?C0012
010B         ?C0009:
                                           ; SOURCE LINE # 75
                                           ; SOURCE LINE # 76
010B 750000      E     MOV     set_rele,#00H
                                           ; SOURCE LINE # 77
010E C200        E     CLR     rele_L1
C51 COMPILER V9.60.7.0   WORK_PC_IPCL                                                      06/23/2026 13:51:18 PAGE 8   

                                           ; SOURCE LINE # 78
0110         ?C0012:
                                           ; SOURCE LINE # 79
0110 900000      E     MOV     DPTR,#bufRX_PC+01H
0113 E0                MOVX    A,@DPTR
0114 FF                MOV     R7,A
0115 B4FF1C            CJNE    A,#0FFH,?C0013
                                           ; SOURCE LINE # 80
0118 7500FF      E     MOV     set_rele+01H,#0FFH
                                           ; SOURCE LINE # 81
011B 750000      E     MOV     set_canal_test+01H,#00H
                                           ; SOURCE LINE # 82
011E D200        E     SETB    rele_L2
                                           ; SOURCE LINE # 84
0120 300016      E     JNB     F_run_test,?C0016
                                           ; SOURCE LINE # 85
0123 E500        E     MOV     A,canal_test
0125 B40211            CJNE    A,#02H,?C0016
                                           ; SOURCE LINE # 86
0128 C200        E     CLR     idac_L2
                                           ; SOURCE LINE # 87
012A C200        E     CLR     F_run_test
                                           ; SOURCE LINE # 89
012C 759600            MOV     IDA0L,#00H
                                           ; SOURCE LINE # 90
012F 759700            MOV     IDA0H,#00H
                                           ; SOURCE LINE # 91
                                           ; SOURCE LINE # 92
                                           ; SOURCE LINE # 93
0132 8005              SJMP    ?C0016
0134         ?C0013:
                                           ; SOURCE LINE # 94
                                           ; SOURCE LINE # 95
0134 750000      E     MOV     set_rele+01H,#00H
                                           ; SOURCE LINE # 96
0137 C200        E     CLR     rele_L2
                                           ; SOURCE LINE # 97
0139         ?C0016:
                                           ; SOURCE LINE # 98
0139 900000      E     MOV     DPTR,#bufRX_PC+02H
013C E0                MOVX    A,@DPTR
013D FF                MOV     R7,A
013E B4FF1C            CJNE    A,#0FFH,?C0017
                                           ; SOURCE LINE # 99
0141 7500FF      E     MOV     set_rele+02H,#0FFH
                                           ; SOURCE LINE # 100
0144 750000      E     MOV     set_canal_test+02H,#00H
                                           ; SOURCE LINE # 101
0147 D200        E     SETB    rele_L3
                                           ; SOURCE LINE # 103
0149 300016      E     JNB     F_run_test,?C0020
                                           ; SOURCE LINE # 104
014C E500        E     MOV     A,canal_test
014E B40311            CJNE    A,#03H,?C0020
                                           ; SOURCE LINE # 105
0151 C200        E     CLR     idac_L3
                                           ; SOURCE LINE # 106
0153 C200        E     CLR     F_run_test
                                           ; SOURCE LINE # 108
0155 759600            MOV     IDA0L,#00H
                                           ; SOURCE LINE # 109
0158 759700            MOV     IDA0H,#00H
C51 COMPILER V9.60.7.0   WORK_PC_IPCL                                                      06/23/2026 13:51:18 PAGE 9   

                                           ; SOURCE LINE # 110
                                           ; SOURCE LINE # 111
                                           ; SOURCE LINE # 112
015B 8005              SJMP    ?C0020
015D         ?C0017:
                                           ; SOURCE LINE # 113
                                           ; SOURCE LINE # 114
015D 750000      E     MOV     set_rele+02H,#00H
                                           ; SOURCE LINE # 115
0160 C200        E     CLR     rele_L3
                                           ; SOURCE LINE # 116
0162         ?C0020:
                                           ; SOURCE LINE # 117
0162 900000      E     MOV     DPTR,#bufRX_PC+03H
0165 E0                MOVX    A,@DPTR
0166 FF                MOV     R7,A
0167 B4FF1C            CJNE    A,#0FFH,?C0021
                                           ; SOURCE LINE # 118
016A 7500FF      E     MOV     set_rele+03H,#0FFH
                                           ; SOURCE LINE # 119
016D 750000      E     MOV     set_canal_test+03H,#00H
                                           ; SOURCE LINE # 120
0170 D200        E     SETB    rele_L4
                                           ; SOURCE LINE # 122
0172 300016      E     JNB     F_run_test,?C0024
                                           ; SOURCE LINE # 123
0175 E500        E     MOV     A,canal_test
0177 B40411            CJNE    A,#04H,?C0024
                                           ; SOURCE LINE # 124
017A C200        E     CLR     idac_L4
                                           ; SOURCE LINE # 125
017C C200        E     CLR     F_run_test
                                           ; SOURCE LINE # 127
017E 759600            MOV     IDA0L,#00H
                                           ; SOURCE LINE # 128
0181 759700            MOV     IDA0H,#00H
                                           ; SOURCE LINE # 129
                                           ; SOURCE LINE # 130
                                           ; SOURCE LINE # 131
0184 8005              SJMP    ?C0024
0186         ?C0021:
                                           ; SOURCE LINE # 132
                                           ; SOURCE LINE # 133
0186 750000      E     MOV     set_rele+03H,#00H
                                           ; SOURCE LINE # 134
0189 C200        E     CLR     rele_L4
                                           ; SOURCE LINE # 135
018B         ?C0024:
                                           ; SOURCE LINE # 137
018B 750003      E     MOV     Tx_command_PC,#03H
                                           ; SOURCE LINE # 138
018E 750004      E     MOV     n_byte_Tx_PC,#04H
                                           ; SOURCE LINE # 140
0191 900000      E     MOV     DPTR,#bufTX_PC
0194 E500        E     MOV     A,set_rele
0196 F0                MOVX    @DPTR,A
                                           ; SOURCE LINE # 141
0197 A3                INC     DPTR
0198 E500        E     MOV     A,set_rele+01H
019A F0                MOVX    @DPTR,A
                                           ; SOURCE LINE # 142
019B A3                INC     DPTR
C51 COMPILER V9.60.7.0   WORK_PC_IPCL                                                      06/23/2026 13:51:18 PAGE 10  

019C E500        E     MOV     A,set_rele+02H
019E F0                MOVX    @DPTR,A
                                           ; SOURCE LINE # 143
019F A3                INC     DPTR
01A0 E500        E     MOV     A,set_rele+03H
01A2 F0                MOVX    @DPTR,A
                                           ; SOURCE LINE # 144
01A3 750002      E     MOV     st_Tx_PC,#02H
                                           ; SOURCE LINE # 145
01A6 850000      E     MOV     Tx_counter_or_error,n_byte_Tx_PC
                                           ; SOURCE LINE # 147
01A9 759923            MOV     SBUF0,#023H
                                           ; SOURCE LINE # 150
01AC 75EC00            MOV     PCA0CPH2,#00H
                                           ; SOURCE LINE # 151
01AF 120000      E     LCALL   set_tpic1
                                           ; SOURCE LINE # 152
01B2 120000      E     LCALL   set_tpic2
                                           ; SOURCE LINE # 154
01B5 22                RET     
                                           ; SOURCE LINE # 155
01B6         ?C0025:
                                           ; SOURCE LINE # 157
01B6 750004      E     MOV     Tx_command_PC,#04H
                                           ; SOURCE LINE # 158
01B9 750004      E     MOV     n_byte_Tx_PC,#04H
                                           ; SOURCE LINE # 160
01BC 900000      E     MOV     DPTR,#bufTX_PC
01BF E500        E     MOV     A,set_rele
01C1 F0                MOVX    @DPTR,A
                                           ; SOURCE LINE # 161
01C2 A3                INC     DPTR
01C3 E500        E     MOV     A,set_rele+01H
01C5 F0                MOVX    @DPTR,A
                                           ; SOURCE LINE # 162
01C6 A3                INC     DPTR
01C7 E500        E     MOV     A,set_rele+02H
01C9 F0                MOVX    @DPTR,A
                                           ; SOURCE LINE # 163
01CA A3                INC     DPTR
01CB E500        E     MOV     A,set_rele+03H
01CD F0                MOVX    @DPTR,A
                                           ; SOURCE LINE # 164
01CE 750002      E     MOV     st_Tx_PC,#02H
                                           ; SOURCE LINE # 165
01D1 850000      E     MOV     Tx_counter_or_error,n_byte_Tx_PC
                                           ; SOURCE LINE # 167
01D4 759923            MOV     SBUF0,#023H
                                           ; SOURCE LINE # 168
01D7 22                RET     
                                           ; SOURCE LINE # 169
01D8         ?C0026:
                                           ; SOURCE LINE # 171
01D8 750004      E     MOV     n_byte_Tx_PC,#04H
                                           ; SOURCE LINE # 173
01DB 7500DD      E     MOV     Tx_command_PC,#0DDH
                                           ; SOURCE LINE # 176
01DE E500        E     MOV     A,footim
01E0 FF                MOV     R7,A
01E1 33                RLC     A
01E2 95E0              SUBB    A,ACC
01E4 FE                MOV     R6,A
C51 COMPILER V9.60.7.0   WORK_PC_IPCL                                                      06/23/2026 13:51:18 PAGE 11  

01E5 900000      E     MOV     DPTR,#bufTX_PC
01E8 EF                MOV     A,R7
01E9 F0                MOVX    @DPTR,A
                                           ; SOURCE LINE # 177
01EA AF00        E     MOV     R7,footim+01H
01EC EF                MOV     A,R7
01ED A3                INC     DPTR
01EE F0                MOVX    @DPTR,A
                                           ; SOURCE LINE # 178
01EF A3                INC     DPTR
01F0 7401              MOV     A,#01H
01F2 F0                MOVX    @DPTR,A
                                           ; SOURCE LINE # 179
01F3 A3                INC     DPTR
01F4 7405              MOV     A,#05H
01F6 F0                MOVX    @DPTR,A
                                           ; SOURCE LINE # 180
01F7 750002      E     MOV     st_Tx_PC,#02H
                                           ; SOURCE LINE # 181
01FA 850000      E     MOV     Tx_counter_or_error,n_byte_Tx_PC
                                           ; SOURCE LINE # 183
01FD 759923            MOV     SBUF0,#023H
                                           ; SOURCE LINE # 184
                                           ; SOURCE LINE # 185
                                           ; SOURCE LINE # 186
                                           ; SOURCE LINE # 187
                                           ; SOURCE LINE # 189
0200         ?C0028:
0200 22                RET     
             ; FUNCTION work_PC (END)

             ; FUNCTION delayed_response_PC (BEGIN)
                                           ; SOURCE LINE # 191
                                           ; SOURCE LINE # 192
0000 300049      E     JNB     F_delaed_response,?C0032
                                           ; SOURCE LINE # 194
0003 E500        E     MOV     A,set_canal_test
0005 7045              JNZ     ?C0032
0007 E500        E     MOV     A,set_canal_test+01H
0009 7041              JNZ     ?C0032
000B E500        E     MOV     A,set_canal_test+02H
000D 703D              JNZ     ?C0032
000F E500        E     MOV     A,set_canal_test+03H
0011 6001              JZ      ?C0030
0013 22                RET     
                                           ; SOURCE LINE # 196
0014         ?C0030:
                                           ; SOURCE LINE # 199
0014 C200        E     CLR     F_delaed_response
                                           ; SOURCE LINE # 202
0016 750002      E     MOV     Tx_command_PC,#02H
                                           ; SOURCE LINE # 203
0019 75000C      E     MOV     n_byte_Tx_PC,#0CH
                                           ; SOURCE LINE # 205
001C 7B00              MOV     R3,#00H
001E 7A00        E     MOV     R2,#HIGH Status_SL
0020 7900        E     MOV     R1,#LOW Status_SL
0022 C003              PUSH    AR3
0024 C002              PUSH    AR2
0026 C001              PUSH    AR1
0028 0B                INC     R3
0029 7A00        E     MOV     R2,#HIGH bufTX_PC
C51 COMPILER V9.60.7.0   WORK_PC_IPCL                                                      06/23/2026 13:51:18 PAGE 12  

002B 7900        E     MOV     R1,#LOW bufTX_PC
002D A801              MOV     R0,AR1
002F AC02              MOV     R4,AR2
0031 7D01              MOV     R5,#01H
0033 D001              POP     AR1
0035 D002              POP     AR2
0037 D003              POP     AR3
0039 7E00              MOV     R6,#00H
003B 7F0C              MOV     R7,#0CH
003D 120000      E     LCALL   ?C?COPY
                                           ; SOURCE LINE # 206
0040 750002      E     MOV     st_Tx_PC,#02H
                                           ; SOURCE LINE # 207
0043 850000      E     MOV     Tx_counter_or_error,n_byte_Tx_PC
                                           ; SOURCE LINE # 209
0046 759923            MOV     SBUF0,#023H
                                           ; SOURCE LINE # 211
0049 75C800            MOV     TMR2CN,#00H
                                           ; SOURCE LINE # 212
                                           ; SOURCE LINE # 214
004C         ?C0032:
004C 22                RET     
             ; FUNCTION delayed_response_PC (END)



MODULE INFORMATION:   STATIC OVERLAYABLE
   CODE SIZE        =    590    ----
   CONSTANT SIZE    =   ----    ----
   XDATA SIZE       =   ----    ----
   PDATA SIZE       =   ----    ----
   DATA SIZE        =   ----    ----
   IDATA SIZE       =   ----    ----
   BIT SIZE         =   ----    ----
END OF MODULE INFORMATION.


C51 COMPILATION COMPLETE.  0 WARNING(S),  0 ERROR(S)
