C51 COMPILER V9.60.7.0   WORK_PC_IPCL                                                      06/24/2026 10:05:54 PAGE 1   


C51 COMPILER V9.60.7.0, COMPILATION OF MODULE WORK_PC_IPCL
OBJECT MODULE PLACED IN .\Objects\work_PC_ipCL.obj
COMPILER INVOKED BY: C:\Keil_v5\C51\BIN\C51.EXE work_PC_ipCL.c OPTIMIZE(0,SPEED) BROWSE DEBUG OBJECTEXTEND PRINT(.\Listi
                    -ngs\work_PC_ipCL.lst) OBJECT(.\Objects\work_PC_ipCL.obj)

line level    source

   1          /**************************
   2          программа контроля звуковых линий IP усилителя
   3          ***************************/
   4          //#include "C8051F330.h"
   5          #include "extern_ipCL.h"
   6          #include <string.h>\
   7          #include <stdarg.h>
   8          //обработка команды
   9          void work_PC(void){
  10   1      
  11   1         switch (Rx_command_PC){                 //код команды
  12   2              case CMD_PC_INSTALL_SL:
  13   2                      set_install=0;
  14   2                      if(bufRX_PC[0]==0xFF)install_cahal_1=1;
  15   2                      if(bufRX_PC[1]==0xFF)install_cahal_2=1;
  16   2                      if(bufRX_PC[2]==0xFF)install_cahal_3=1;
  17   2                      if(bufRX_PC[3]==0xFF)install_cahal_4=1;
  18   2      
  19   2                      //инсталяция звуковых линий
  20   2                      install_SL();
  21   2              
  22   2                      //отправляем результат
  23   2                       Tx_command_PC=CMD_PC_INSTALL_SL;
  24   2                       n_byte_Tx_PC=sizeof(struct _Status_SL);
  25   2                       /*загружаем данные в буф передачи*/
  26   2                       memcpy(&bufTX_PC[0],&Status_SL,n_byte_Tx_PC);
  27   2                       st_Tx_PC=TX_ADDRESS;
  28   2                       Tx_counter_or_error=n_byte_Tx_PC;
  29   2      
  30   2                      SBUF0 =COD_START_TX_PC;
  31   2                      //сброс старых
  32   2                      Status_SL.NRange1=Status_SL.Data1_Hi=Status_SL.Data1_Lo=1;
  33   2                      Status_SL.NRange2=Status_SL.Data2_Hi=Status_SL.Data2_Lo=0;
  34   2                      Status_SL.NRange3=Status_SL.Data3_Hi=Status_SL.Data3_Lo=0;
  35   2                      Status_SL.NRange4=Status_SL.Data4_Hi=Status_SL.Data4_Lo=0;      
  36   2              break;     
  37   2              case CMD_PC_TEST_SL:
  38   2                      
  39   2                      TMR2CN = 0x04;
  40   2                      footim = 0;
  41   2              
  42   2                      //сброс старых
  43   2                      Status_SL.NRange1=Status_SL.Data1_Hi=Status_SL.Data1_Lo=0;
  44   2                      Status_SL.NRange2=Status_SL.Data2_Hi=Status_SL.Data2_Lo=0;
  45   2                      Status_SL.NRange3=Status_SL.Data3_Hi=Status_SL.Data3_Lo=0;
  46   2                      Status_SL.NRange4=Status_SL.Data4_Hi=Status_SL.Data4_Lo=0;
  47   2              
  48   2                      set_canal_test[0]=bufRX_PC[0];
  49   2                      set_canal_test[1]=bufRX_PC[1];
  50   2                      set_canal_test[2]=bufRX_PC[2];
  51   2                      set_canal_test[3]=bufRX_PC[3];
  52   2              
  53   2                      F_delaed_response = 1;
  54   2              
C51 COMPILER V9.60.7.0   WORK_PC_IPCL                                                      06/24/2026 10:05:54 PAGE 2   

  55   2                      set_f_start_test_Lx();
  56   2              
  57   2                      
  58   2                                      
  59   2              break;     
  60   2              case CMD_PC_SET_RELE_SL:
  61   2                      if(bufRX_PC[0]==0xFF){
  62   3                              set_rele[0]=0xFF;
  63   3                              set_canal_test[0]=0;
  64   3                              RELE_L1_ON;
  65   3                              
  66   3                              if(F_run_test){//1-идет тест
  67   4                                      if(canal_test==1){
  68   5                                              IDAC_L1_OFF;
  69   5                                              F_run_test=0;
  70   5                                              //IDA0=0;
  71   5                                              IDA0L=0;        
  72   5                                              IDA0H=0;
  73   5                                      }
  74   4                              }
  75   3                      }
  76   2                      else{
  77   3                              set_rele[0]=0;
  78   3                              RELE_L1_OFF;                                            
  79   3                      }
  80   2                      if(bufRX_PC[1]==0xFF){
  81   3                              set_rele[1]=0xFF;
  82   3                              set_canal_test[1]=0;
  83   3                              RELE_L2_ON;
  84   3                              
  85   3                              if(F_run_test){//1-идет тест
  86   4                                      if(canal_test==2){
  87   5                                              IDAC_L2_OFF;
  88   5                                              F_run_test=0;
  89   5                                              //IDA0=0;
  90   5                                              IDA0L=0;        
  91   5                                              IDA0H=0;
  92   5                                      }
  93   4                              }
  94   3                      }
  95   2                      else{
  96   3                              set_rele[1]=0;
  97   3                              RELE_L2_OFF;                                            
  98   3                      }
  99   2                      if(bufRX_PC[2]==0xFF){
 100   3                              set_rele[2]=0xFF;
 101   3                              set_canal_test[2]=0;
 102   3                              RELE_L3_ON;
 103   3                              
 104   3                              if(F_run_test){//1-идет тест
 105   4                                      if(canal_test==3){
 106   5                                              IDAC_L3_OFF;
 107   5                                              F_run_test=0;
 108   5                                              //IDA0=0;
 109   5                                              IDA0L=0;        
 110   5                                              IDA0H=0;
 111   5                                      }
 112   4                              }
 113   3                      }
 114   2                      else{
 115   3                              set_rele[2]=0;
 116   3                              RELE_L3_OFF;                                            
C51 COMPILER V9.60.7.0   WORK_PC_IPCL                                                      06/24/2026 10:05:54 PAGE 3   

 117   3                      }
 118   2                      if(bufRX_PC[3]==0xFF){
 119   3                              set_rele[3]=0xFF;
 120   3                              set_canal_test[3]=0;
 121   3                              RELE_L4_ON;
 122   3                              
 123   3                              if(F_run_test){//1-идет тест
 124   4                                      if(canal_test==4){
 125   5                                              IDAC_L4_OFF;
 126   5                                              F_run_test=0;
 127   5                                              //IDA0=0;
 128   5                                              IDA0L=0;        
 129   5                                              IDA0H=0;
 130   5                                      }
 131   4                              }
 132   3                      }
 133   2                      else{
 134   3                              set_rele[3]=0;
 135   3                              RELE_L4_OFF;                                            
 136   3                      }
 137   2                      //ответ
 138   2                       Tx_command_PC=CMD_PC_SET_RELE_SL;
 139   2                       n_byte_Tx_PC=4;
 140   2                       /*загружаем данные в буф передачи*/
 141   2                       bufTX_PC[0]=set_rele[0];
 142   2                       bufTX_PC[1]=set_rele[1];
 143   2                       bufTX_PC[2]=set_rele[2];
 144   2                       bufTX_PC[3]=set_rele[3];
 145   2                       st_Tx_PC=TX_ADDRESS;
 146   2                       Tx_counter_or_error=n_byte_Tx_PC;
 147   2      
 148   2                      SBUF0 =COD_START_TX_PC;
 149   2                      
 150   2                      //загрузка tpic
 151   2                      PCA0CPH2  = 0;//reset wdt
 152   2                      set_tpic1();
 153   2                      set_tpic2();
 154   2                      
 155   2              break;
 156   2              case CMD_PC_READ_RELE_SL:
 157   2                      //ответ
 158   2                       Tx_command_PC=CMD_PC_READ_RELE_SL;
 159   2                       n_byte_Tx_PC=4;
 160   2                       /*загружаем данные в буф передачи*/
 161   2                       bufTX_PC[0]=set_rele[0];
 162   2                       bufTX_PC[1]=set_rele[1];
 163   2                       bufTX_PC[2]=set_rele[2];
 164   2                       bufTX_PC[3]=set_rele[3];
 165   2                       st_Tx_PC=TX_ADDRESS;
 166   2                       Tx_counter_or_error=n_byte_Tx_PC;
 167   2      
 168   2                      SBUF0 =COD_START_TX_PC;
 169   2              break;
 170   2              case CMD_PC_DEBUG_SL:
 171   2                      
 172   2                      n_byte_Tx_PC= 4;
 173   2                      //ответ
 174   2                       Tx_command_PC=CMD_PC_DEBUG_SL;
 175   2                       
 176   2                       /*загружаем данные в буф передачи*/
 177   2                       bufTX_PC[0]=footim >> 8;
 178   2                       bufTX_PC[1]=footim & 0xFF;
C51 COMPILER V9.60.7.0   WORK_PC_IPCL                                                      06/24/2026 10:05:54 PAGE 4   

 179   2                       bufTX_PC[2]=1;
 180   2                       bufTX_PC[3]=5;
 181   2                       st_Tx_PC=TX_ADDRESS;
 182   2                       Tx_counter_or_error=n_byte_Tx_PC;
 183   2      
 184   2                      SBUF0 =COD_START_TX_PC;
 185   2              break;
 186   2              default:
 187   2              break;  
 188   2         }
 189   1         
 190   1      }
 191          
 192          void delayed_response_PC(){
 193   1              if(F_delaed_response == 1){
 194   2                      // если все флаги нули, значит по всем линиям измерения закончились, можно отдавать результат
 195   2                              if(set_canal_test[0] != 0 || set_canal_test[1] != 0 || set_canal_test[2] != 0 || set_canal_test[3] != 0
             -) {
 196   3                                      return;
 197   3                              }
 198   2                                      
 199   2                              
 200   2                              F_delaed_response = 0; // сбрасываем отложенный ответ
 201   2                      
 202   2                              //ответ
 203   2                              Tx_command_PC=CMD_PC_TEST_SL;
 204   2                              n_byte_Tx_PC=sizeof(struct _Status_SL);
 205   2                              /*загружаем данные в буф передачи*/
 206   2                              memcpy(&bufTX_PC[0],&Status_SL,sizeof(struct _Status_SL));
 207   2                              st_Tx_PC=TX_ADDRESS;
 208   2                              Tx_counter_or_error=n_byte_Tx_PC;
 209   2      
 210   2                              SBUF0 =COD_START_TX_PC; 
 211   2                              
 212   2                              TMR2CN = 0x00;
 213   2              }
 214   1              
 215   1      }
 216          
 217          void SendPc(BYTE* logBuffer, int length){
 218   1              int i = 0;
 219   1              for(i = 1; i < length; i++){
 220   2                      bufTX_PC[i - 1] = logBuffer[i];
 221   2              }
 222   1              Tx_counter_or_error = length - 1;
 223   1              st_Tx_PC = TX_DEBUG;
 224   1              SBUF0 = logBuffer[0];
 225   1      }
 226          
 227          //// ========== ulog ==========
 228          
 229          //#define MAX_LOG_LEN  TX_BUFFER_SIZE
 230          
 231          //// Буфер для логов – статический, в XDATA (если есть XRAM)
 232          //char xdata logBuffer[MAX_LOG_LEN];
 233          //static unsigned int msg_id = 0;
 234          
 235          //// Вспомогательная функция: дописывает unsigned int в строку
 236          //static void append_uint(char **ptr, unsigned int val) {
 237          //    char tmp[12];
 238          //    int i = 0;
 239          //    do {
C51 COMPILER V9.60.7.0   WORK_PC_IPCL                                                      06/24/2026 10:05:54 PAGE 5   

 240          //        tmp[i++] = '0' + (val % 10);
 241          //        val /= 10;
 242          //    } while (val);
 243          //    while (i > 0) {
 244          //        *(*ptr)++ = tmp[--i];
 245          //    }
 246          //}
 247          
 248          //// Вспомогательная функция: копирует строку с ограничением по длине
 249          //static void copy_string(char **dest, const char *src, int max_len) {
 250          //    while (max_len > 0 && *src != '\0') {
 251          //        *(*dest)++ = *src++;
 252          //        max_len--;
 253          //    }
 254          //}
 255          
 256          //// Функция с одним параметром (только строка)
 257          //void Ulog1(char *txt) {
 258          //    char *ptr = logBuffer;
 259          //    int remaining = MAX_LOG_LEN;
 260          //    int len;
 261          
 262          //    msg_id++;
 263          
 264          //    // Добавляем префикс "[ID] "
 265          //    *ptr++ = '[';
 266          //    remaining--;
 267          //    append_uint(&ptr, msg_id);
 268          //    *ptr++ = ']';
 269          //    *ptr++ = ' ';
 270          //    remaining -= 2;
 271          
 272          //    // Копируем текст, оставляя место для завершающего нуля
 273          //    if (remaining > 1) {
 274          //        len = remaining - 1;   // максимальная длина копирования
 275          //        copy_string(&ptr, txt, len);
 276          //    }
 277          //    *ptr = '\0';
 278          
 279          //    SendPc((BYTE*)logBuffer, (int)(ptr - logBuffer));
 280          //}
 281          
 282          //// Функция с двумя параметрами (строка + число)
 283          //void Ulog2(char *txt, int val) {
 284          //    char *ptr = logBuffer;
 285          //    int remaining = MAX_LOG_LEN;
 286          //    int len;
 287          
 288          //    msg_id++;
 289          
 290          //    // Префикс
 291          //    *ptr++ = '[';
 292          //    remaining--;
 293          //    append_uint(&ptr, msg_id);
 294          //    *ptr++ = ']';
 295          //    *ptr++ = ' ';
 296          //    remaining -= 2;
 297          
 298          //    // Копируем текст, оставляя место для '=', числа (макс. 11 символов) и '\0'
 299          //    if (remaining > 1 + 11) {
 300          //        len = remaining - 1 - 11;
 301          //        copy_string(&ptr, txt, len);
C51 COMPILER V9.60.7.0   WORK_PC_IPCL                                                      06/24/2026 10:05:54 PAGE 6   

 302          //    } else {
 303          //        len = 0;
 304          //    }
 305          
 306          //    // Добавляем "="
 307          //    *ptr++ = '=';
 308          //    remaining -= (len + 1);
 309          
 310          //    // Добавляем число
 311          //    append_uint(&ptr, (unsigned int)val);
 312          //    *ptr = '\0';
 313          
 314          //    SendPc((BYTE*)logBuffer, (int)(ptr - logBuffer));
 315          //}


MODULE INFORMATION:   STATIC OVERLAYABLE
   CODE SIZE        =    695    ----
   CONSTANT SIZE    =   ----    ----
   XDATA SIZE       =   ----    ----
   PDATA SIZE       =   ----    ----
   DATA SIZE        =      7    ----
   IDATA SIZE       =   ----    ----
   BIT SIZE         =   ----    ----
END OF MODULE INFORMATION.


C51 COMPILATION COMPLETE.  0 WARNING(S),  0 ERROR(S)
